Component: ARM Compiler 5.06 update 5 (build 528) Tool: armlink [4d35e2]

==============================================================================

Section Cross References

    startup_stm32g431xx.o(RESET) refers to startup_stm32g431xx.o(STACK) for __initial_sp
    startup_stm32g431xx.o(RESET) refers to startup_stm32g431xx.o(.text) for Reset_Handler
    startup_stm32g431xx.o(RESET) refers to stm32g4xx_it.o(i.NMI_Handler) for NMI_Handler
    startup_stm32g431xx.o(RESET) refers to stm32g4xx_it.o(i.HardFault_Handler) for HardFault_Handler
    startup_stm32g431xx.o(RESET) refers to stm32g4xx_it.o(i.MemManage_Handler) for MemManage_Handler
    startup_stm32g431xx.o(RESET) refers to stm32g4xx_it.o(i.BusFault_Handler) for BusFault_Handler
    startup_stm32g431xx.o(RESET) refers to stm32g4xx_it.o(i.UsageFault_Handler) for UsageFault_Handler
    startup_stm32g431xx.o(RESET) refers to stm32g4xx_it.o(i.SVC_Handler) for SVC_Handler
    startup_stm32g431xx.o(RESET) refers to stm32g4xx_it.o(i.DebugMon_Handler) for DebugMon_Handler
    startup_stm32g431xx.o(RESET) refers to stm32g4xx_it.o(i.PendSV_Handler) for PendSV_Handler
    startup_stm32g431xx.o(RESET) refers to stm32g4xx_it.o(i.SysTick_Handler) for SysTick_Handler
    startup_stm32g431xx.o(RESET) refers to stm32g4xx_it.o(i.TIM2_IRQHandler) for TIM2_IRQHandler
    startup_stm32g431xx.o(.text) refers to system_stm32g4xx.o(i.SystemInit) for SystemInit
    startup_stm32g431xx.o(.text) refers to entry.o(.ARM.Collect$$$$00000000) for __main
    main.o(i.HAL_TIM_PeriodElapsedCallback) refers to stm32g4xx_hal.o(i.HAL_IncTick) for HAL_IncTick
    main.o(i.SystemClock_Config) refers to memseta.o(.text) for __aeabi_memclr4
    main.o(i.SystemClock_Config) refers to stm32g4xx_hal_pwr_ex.o(i.HAL_PWREx_ControlVoltageScaling) for HAL_PWREx_ControlVoltageScaling
    main.o(i.SystemClock_Config) refers to stm32g4xx_hal_rcc.o(i.HAL_RCC_OscConfig) for HAL_RCC_OscConfig
    main.o(i.SystemClock_Config) refers to main.o(i.Error_Handler) for Error_Handler
    main.o(i.SystemClock_Config) refers to stm32g4xx_hal_rcc.o(i.HAL_RCC_ClockConfig) for HAL_RCC_ClockConfig
    main.o(i.main) refers to stm32g4xx_hal.o(i.HAL_Init) for HAL_Init
    main.o(i.main) refers to main.o(i.SystemClock_Config) for SystemClock_Config
    main.o(i.main) refers to gpio.o(i.MX_GPIO_Init) for MX_GPIO_Init
    main.o(i.main) refers to spi.o(i.MX_SPI1_Init) for MX_SPI1_Init
    main.o(i.main) refers to tim.o(i.MX_TIM1_Init) for MX_TIM1_Init
    main.o(i.main) refers to bsp_dwt.o(i.DWT_Init) for DWT_Init
    main.o(i.main) refers to icm42688_driver.o(i.ICM42688_init) for ICM42688_init
    main.o(i.main) refers to stm32g4xx_hal.o(i.HAL_Delay) for HAL_Delay
    main.o(i.main) refers to stm32g4xx_hal_tim.o(i.HAL_TIM_PWM_Start) for HAL_TIM_PWM_Start
    main.o(i.main) refers to bsp_flash.o(i.imu_flash_read) for imu_flash_read
    main.o(i.main) refers to bsp_imu.o(i.IMU_AHRS_Calcu_task) for IMU_AHRS_Calcu_task
    main.o(i.main) refers to stm32g4xx_hal_gpio.o(i.HAL_GPIO_TogglePin) for HAL_GPIO_TogglePin
    main.o(i.main) refers to tim.o(.bss) for htim1
    main.o(i.main) refers to icm42688_driver.o(.bss) for IMU_Data
    main.o(i.main) refers to icm42688_driver.o(.data) for init_flag
    main.o(i.main) refers to main.o(.data) for led_count
    gpio.o(i.MX_GPIO_Init) refers to memseta.o(.text) for __aeabi_memclr4
    gpio.o(i.MX_GPIO_Init) refers to stm32g4xx_hal_gpio.o(i.HAL_GPIO_WritePin) for HAL_GPIO_WritePin
    gpio.o(i.MX_GPIO_Init) refers to stm32g4xx_hal_gpio.o(i.HAL_GPIO_Init) for HAL_GPIO_Init
    spi.o(i.HAL_SPI_MspDeInit) refers to stm32g4xx_hal_gpio.o(i.HAL_GPIO_DeInit) for HAL_GPIO_DeInit
    spi.o(i.HAL_SPI_MspInit) refers to memseta.o(.text) for __aeabi_memclr4
    spi.o(i.HAL_SPI_MspInit) refers to stm32g4xx_hal_gpio.o(i.HAL_GPIO_Init) for HAL_GPIO_Init
    spi.o(i.MX_SPI1_Init) refers to stm32g4xx_hal_spi.o(i.HAL_SPI_Init) for HAL_SPI_Init
    spi.o(i.MX_SPI1_Init) refers to main.o(i.Error_Handler) for Error_Handler
    spi.o(i.MX_SPI1_Init) refers to spi.o(.bss) for hspi1
    tim.o(i.HAL_TIM_MspPostInit) refers to memseta.o(.text) for __aeabi_memclr4
    tim.o(i.HAL_TIM_MspPostInit) refers to stm32g4xx_hal_gpio.o(i.HAL_GPIO_Init) for HAL_GPIO_Init
    tim.o(i.MX_TIM1_Init) refers to memseta.o(.text) for __aeabi_memclr4
    tim.o(i.MX_TIM1_Init) refers to stm32g4xx_hal_tim.o(i.HAL_TIM_PWM_Init) for HAL_TIM_PWM_Init
    tim.o(i.MX_TIM1_Init) refers to main.o(i.Error_Handler) for Error_Handler
    tim.o(i.MX_TIM1_Init) refers to stm32g4xx_hal_tim_ex.o(i.HAL_TIMEx_MasterConfigSynchronization) for HAL_TIMEx_MasterConfigSynchronization
    tim.o(i.MX_TIM1_Init) refers to stm32g4xx_hal_tim.o(i.HAL_TIM_PWM_ConfigChannel) for HAL_TIM_PWM_ConfigChannel
    tim.o(i.MX_TIM1_Init) refers to stm32g4xx_hal_tim_ex.o(i.HAL_TIMEx_ConfigBreakDeadTime) for HAL_TIMEx_ConfigBreakDeadTime
    tim.o(i.MX_TIM1_Init) refers to tim.o(i.HAL_TIM_MspPostInit) for HAL_TIM_MspPostInit
[...]
    ../fplib/microlib/fpepilogue.c           0x00000000   Number         0  depilogue.o ABSOLUTE
    ../fplib/microlib/fpepilogue.c           0x00000000   Number         0  fepilogue.o ABSOLUTE
    ../fplib/microlib/fpfix.c                0x00000000   Number         0  dfixi.o ABSOLUTE
    ../fplib/microlib/fpflt.c                0x00000000   Number         0  dfltui.o ABSOLUTE
    ../fplib/microlib/fpflt.c                0x00000000   Number         0  dflti.o ABSOLUTE
    ../mathlib/acosf.c                       0x00000000   Number         0  acosf_x.o ABSOLUTE
    ../mathlib/acosf.c                       0x00000000   Number         0  acosf.o ABSOLUTE
    ../mathlib/asinf.c                       0x00000000   Number         0  asinf.o ABSOLUTE
    ../mathlib/asinf.c                       0x00000000   Number         0  asinf_x.o ABSOLUTE
    ../mathlib/atan2f.c                      0x00000000   Number         0  atan2f.o ABSOLUTE
    ../mathlib/atan2f.c                      0x00000000   Number         0  atan2f_x.o ABSOLUTE
    ../mathlib/fabs.c                        0x00000000   Number         0  fabs.o ABSOLUTE
    ../mathlib/fpclassifyf.c                 0x00000000   Number         0  fpclassifyf.o ABSOLUTE
    ../mathlib/funder.c                      0x00000000   Number         0  funder.o ABSOLUTE
    ../mathlib/sqrtf.c                       0x00000000   Number         0  sqrtf_full_x.o ABSOLUTE
    ../mathlib/sqrtf.c                       0x00000000   Number         0  sqrtf_full.o ABSOLUTE
    ..\..\Source\MatrixFunctions\arm_mat_add_f32.c 0x00000000   Number         0  arm_mat_add_f32.o ABSOLUTE
    ..\..\Source\MatrixFunctions\arm_mat_init_f32.c 0x00000000   Number         0  arm_mat_init_f32.o ABSOLUTE
    ..\..\Source\MatrixFunctions\arm_mat_inverse_f32.c 0x00000000   Number         0  arm_mat_inverse_f32.o ABSOLUTE
    ..\..\Source\MatrixFunctions\arm_mat_mult_f32.c 0x00000000   Number         0  arm_mat_mult_f32.o ABSOLUTE
    ..\..\Source\MatrixFunctions\arm_mat_sub_f32.c 0x00000000   Number         0  arm_mat_sub_f32.o ABSOLUTE
    ..\..\Source\MatrixFunctions\arm_mat_trans_f32.c 0x00000000   Number         0  arm_mat_trans_f32.o ABSOLUTE
    ..\Bsp\bsp_PWM.c                         0x00000000   Number         0  bsp_pwm.o ABSOLUTE
    ..\Bsp\bsp_dwt.c                         0x00000000   Number         0  bsp_dwt.o ABSOLUTE
    ..\Bsp\bsp_flash.c                       0x00000000   Number         0  bsp_flash.o ABSOLUTE
    ..\Bsp\bsp_imu.c                         0x00000000   Number         0  bsp_imu.o ABSOLUTE
    ..\Compoents\ICM42688_Middleware.c       0x00000000   Number         0  icm42688_middleware.o ABSOLUTE
    ..\Compoents\ICM42688_driver.c           0x00000000   Number         0  icm42688_driver.o ABSOLUTE
    ..\Core\Src\gpio.c                       0x00000000   Number         0  gpio.o ABSOLUTE
    ..\Core\Src\main.c                       0x00000000   Number         0  main.o ABSOLUTE
    ..\Core\Src\spi.c                        0x00000000   Number         0  spi.o ABSOLUTE
    ..\Core\Src\stm32g4xx_hal_msp.c          0x00000000   Number         0  stm32g4xx_hal_msp.o ABSOLUTE
    ..\Core\Src\stm32g4xx_hal_timebase_tim.c 0x00000000   Number         0  stm32g4xx_hal_timebase_tim.o ABSOLUTE
    ..\Core\Src\stm32g4xx_it.c               0x00000000   Number         0  stm32g4xx_it.o ABSOLUTE
    ..\Core\Src\system_stm32g4xx.c           0x00000000   Number         0  system_stm32g4xx.o ABSOLUTE
    ..\Core\Src\tim.c                        0x00000000   Number         0  tim.o ABSOLUTE
    ..\Drivers\STM32G4xx_HAL_Driver\Src\stm32g4xx_hal.c 0x00000000   Number         0  stm32g4xx_hal.o ABSOLUTE
    ..\Drivers\STM32G4xx_HAL_Driver\Src\stm32g4xx_hal_cortex.c 0x00000000   Number         0  stm32g4xx_hal_cortex.o ABSOLUTE
    ..\Drivers\STM32G4xx_HAL_Driver\Src\stm32g4xx_hal_dma.c 0x00000000   Number         0  stm32g4xx_hal_dma.o ABSOLUTE
    ..\Drivers\STM32G4xx_HAL_Driver\Src\stm32g4xx_hal_dma_ex.c 0x00000000   Number         0  stm32g4xx_hal_dma_ex.o ABSOLUTE
    ..\Drivers\STM32G4xx_HAL_Driver\Src\stm32g4xx_hal_exti.c 0x00000000   Number         0  stm32g4xx_hal_exti.o ABSOLUTE
    ..\Drivers\STM32G4xx_HAL_Driver\Src\stm32g4xx_hal_flash.c 0x00000000   Number         0  stm32g4xx_hal_flash.o ABSOLUTE
    ..\Drivers\STM32G4xx_HAL_Driver\Src\stm32g4xx_hal_flash_ex.c 0x00000000   Number         0  stm32g4xx_hal_flash_ex.o ABSOLUTE
    ..\Drivers\STM32G4xx_HAL_Driver\Src\stm32g4xx_hal_flash_ramfunc.c 0x00000000   Number         0  stm32g4xx_hal_flash_ramfunc.o ABSOLUTE
    ..\Drivers\STM32G4xx_HAL_Driver\Src\stm32g4xx_hal_gpio.c 0x00000000   Number         0  stm32g4xx_hal_gpio.o ABSOLUTE
    ..\Drivers\STM32G4xx_HAL_Driver\Src\stm32g4xx_hal_pwr.c 0x00000000   Number         0  stm32g4xx_hal_pwr.o ABSOLUTE
    ..\Drivers\STM32G4xx_HAL_Driver\Src\stm32g4xx_hal_pwr_ex.c 0x00000000   Number         0  stm32g4xx_hal_pwr_ex.o ABSOLUTE
    ..\Drivers\STM32G4xx_HAL_Driver\Src\stm32g4xx_hal_rcc.c 0x00000000   Number         0  stm32g4xx_hal_rcc.o ABSOLUTE
    ..\Drivers\STM32G4xx_HAL_Driver\Src\stm32g4xx_hal_rcc_ex.c 0x00000000   Number         0  stm32g4xx_hal_rcc_ex.o ABSOLUTE
    ..\Drivers\STM32G4xx_HAL_Driver\Src\stm32g4xx_hal_spi.c 0x00000000   Number         0  stm32g4xx_hal_spi.o ABSOLUTE
    ..\Drivers\STM32G4xx_HAL_Driver\Src\stm32g4xx_hal_spi_ex.c 0x00000000   Number         0  stm32g4xx_hal_spi_ex.o ABSOLUTE
    ..\Drivers\STM32G4xx_HAL_Driver\Src\stm32g4xx_hal_tim.c 0x00000000   Number         0  stm32g4xx_hal_tim.o ABSOLUTE
    ..\Drivers\STM32G4xx_HAL_Driver\Src\stm32g4xx_hal_tim_ex.c 0x00000000   Number         0  stm32g4xx_hal_tim_ex.o ABSOLUTE
    ..\\..\\Source\\MatrixFunctions\\arm_mat_add_f32.c 0x00000000   Number         0  arm_mat_add_f32.o ABSOLUTE
    ..\\..\\Source\\MatrixFunctions\\arm_mat_init_f32.c 0x00000000   Number         0  arm_mat_init_f32.o ABSOLUTE
    ..\\..\\Source\\MatrixFunctions\\arm_mat_inverse_f32.c 0x00000000   Number         0  arm_mat_inverse_f32.o ABSOLUTE
    ..\\..\\Source\\MatrixFunctions\\arm_mat_mult_f32.c 0x00000000   Number         0  arm_mat_mult_f32.o ABSOLUTE
    ..\\..\\Source\\MatrixFunctions\\arm_mat_sub_f32.c 0x00000000   Number         0  arm_mat_sub_f32.o ABSOLUTE
    ..\\..\\Source\\MatrixFunctions\\arm_mat_trans_f32.c 0x00000000   Number         0  arm_mat_trans_f32.o ABSOLUTE
    ..\\Bsp\\bsp_PWM.c                       0x00000000   Number         0  bsp_pwm.o ABSOLUTE
    ..\\Bsp\\bsp_dwt.c                       0x00000000   Number         0  bsp_dwt.o ABSOLUTE
    ..\\Bsp\\bsp_flash.c                     0x00000000   Number         0  bsp_flash.o ABSOLUTE
    ..\\Bsp\\bsp_imu.c                       0x00000000   Number         0  bsp_imu.o ABSOLUTE
    ..\\Compoents\\ICM42688_Middleware.c     0x00000000   Number         0  icm42688_middleware.o ABSOLUTE
    ..\\Compoents\\ICM42688_driver.c         0x00000000   Number         0  icm42688_driver.o ABSOLUTE
    ..\\mathlib\\Algorithm\\QuaternionEKF.c  0x00000000   Number         0  quaternionekf.o ABSOLUTE
    ..\\mathlib\\Calibration.c               0x00000000   Number         0  calibration.o ABSOLUTE
    ..\\mathlib\\data_processing.c           0x00000000   Number         0  data_processing.o ABSOLUTE
    ..\\mathlib\\kalman_filter.c             0x00000000   Number         0  kalman_filter.o ABSOLUTE
    ..\\mathlib\\pid.c                       0x00000000   Number         0  pid.o ABSOLUTE
    ..\mathlib\Algorithm\QuaternionEKF.c     0x00000000   Number         0  quaternionekf.o ABSOLUTE
    ..\mathlib\Calibration.c                 0x00000000   Number         0  calibration.o ABSOLUTE
    ..\mathlib\data_processing.c             0x00000000   Number         0  data_processing.o ABSOLUTE
    ..\mathlib\kalman_filter.c               0x00000000   Number         0  kalman_filter.o ABSOLUTE
    ..\mathlib\pid.c                         0x00000000   Number         0  pid.o ABSOLUTE
    cdrcmple.s                               0x00000000   Number         0  cdrcmple.o ABSOLUTE
    dc.s                                     0x00000000   Number         0  dc.o ABSOLUTE
    handlers.s                               0x00000000   Number         0  handlers.o ABSOLUTE
    init.s                                   0x00000000   Number         0  init.o ABSOLUTE
    startup_stm32g431xx.s                    0x00000000   Number         0  startup_stm32g431xx.o ABSOLUTE
    RESET                                    0x08000000   Section      472  startup_stm32g431xx.o(RESET)
    .ARM.Collect$$$$00000000                 0x080001d8   Section        0  entry.o(.ARM.Collect$$$$00000000)
    .ARM.Collect$$$$00000001                 0x080001d8   Section        4  entry2.o(.ARM.Collect$$$$00000001)
    .ARM.Collect$$$$00000004                 0x080001dc   Section        4  entry5.o(.ARM.Collect$$$$00000004)
    .ARM.Collect$$$$00000008                 0x080001e0   Section        0  entry7b.o(.ARM.Collect$$$$00000008)
    .ARM.Collect$$$$0000000A                 0x080001e0   Section        0  entry8b.o(.ARM.Collect$$$$0000000A)
    .ARM.Collect$$$$0000000B                 0x080001e0   Section        8  entry9a.o(.ARM.Collect$$$$0000000B)
    .ARM.Collect$$$$0000000D                 0x080001e8   Section        0  entry10a.o(.ARM.Collect$$$$0000000D)
    .ARM.Collect$$$$0000000F                 0x080001e8   Section        0  entry11a.o(.ARM.Collect$$$$0000000F)
    .ARM.Collect$$$$00002712                 0x080001e8   Section        4  entry2.o(.ARM.Collect$$$$00002712)
    __lit__00000000                          0x080001e8   Data           4  entry2.o(.ARM.Collect$$$$00002712)
    .text                                    0x080001ec   Section       36  startup_stm32g431xx.o(.text)
    $v0                                      0x080001ec   Number         0  startup_stm32g431xx.o(.text)
    .text                                    0x08000210   Section        0  arm_mat_add_f32.o(.text)
    .text                                    0x08000318   Section        0  arm_mat_init_f32.o(.text)
    .text                                    0x08000320   Section        0  arm_mat_inverse_f32.o(.text)
    .text                                    0x08000850   Section        0  arm_mat_mult_f32.o(.text)
    .text                                    0x0800098c   Section        0  arm_mat_sub_f32.o(.text)
    .text                                    0x08000a94   Section        0  arm_mat_trans_f32.o(.text)
    .text                                    0x08000ba8   Section        0  memcpya.o(.text)
    .text                                    0x08000bcc   Section        0  memseta.o(.text)
    .text                                    0x08000bf0   Section        0  dadd.o(.text)
    .text                                    0x08000d3e   Section        0  ddiv.o(.text)
    .text                                    0x08000e1c   Section        0  dflti.o(.text)
    .text                                    0x08000e3e   Section        0  dfixi.o(.text)
    .text                                    0x08000e7c   Section        0  llshl.o(.text)
    .text                                    0x08000e9a   Section        0  llushr.o(.text)
    .text                                    0x08000eba   Section        0  llsshr.o(.text)
    .text                                    0x08000ede   Section        0  iusefp.o(.text)
    .text                                    0x08000ede   Section        0  depilogue.o(.text)
    .text                                    0x08000f98   Section       36  init.o(.text)
    .text                                    0x08000fbc   Section        0  __dczerorl2.o(.text)
    i.BodyFrameToEarthFrame                  0x08001012   Section        0  bsp_imu.o(i.BodyFrameToEarthFrame)
    i.BusFault_Handler                       0x0800116c   Section        0  stm32g4xx_it.o(i.BusFault_Handler)
    i.DWT_CNT_Update                         0x08001170   Section        0  bsp_dwt.o(i.DWT_CNT_Update)
    DWT_CNT_Update                           0x08001171   Thumb Code    36  bsp_dwt.o(i.DWT_CNT_Update)
    i.DWT_GetDeltaT                          0x080011a0   Section        0  bsp_dwt.o(i.DWT_GetDeltaT)
    i.DWT_Init                               0x080011ec   Section        0  bsp_dwt.o(i.DWT_Init)
    i.DebugMon_Handler                       0x08001254   Section        0  stm32g4xx_it.o(i.DebugMon_Handler)
    i.EarthFrameToBodyFrame                  0x08001256   Section        0  bsp_imu.o(i.EarthFrameToBodyFrame)
    i.Error_Handler                          0x080013b0   Section        0  main.o(i.Error_Handler)
    i.HAL_Delay                              0x080013b8   Section        0  stm32g4xx_hal.o(i.HAL_Delay)
    i.HAL_FLASH_Unlock                       0x080013e0   Section        0  stm32g4xx_hal_flash.o(i.HAL_FLASH_Unlock)
    i.HAL_GPIO_Init                          0x08001410   Section        0  stm32g4xx_hal_gpio.o(i.HAL_GPIO_Init)
    i.HAL_GPIO_TogglePin                     0x080015dc   Section        0  stm32g4xx_hal_gpio.o(i.HAL_GPIO_TogglePin)
    i.HAL_GPIO_WritePin                      0x080015f0   Section        0  stm32g4xx_hal_gpio.o(i.HAL_GPIO_WritePin)
    i.HAL_GetTick                            0x080015fc   Section        0  stm32g4xx_hal.o(i.HAL_GetTick)
    i.HAL_IncTick                            0x08001608   Section        0  stm32g4xx_hal.o(i.HAL_IncTick)
    i.HAL_Init                               0x08001620   Section        0  stm32g4xx_hal.o(i.HAL_Init)
    i.HAL_InitTick                           0x08001640   Section        0  stm32g4xx_hal_timebase_tim.o(i.HAL_InitTick)
    i.HAL_MspInit                            0x080016d8   Section        0  stm32g4xx_hal_msp.o(i.HAL_MspInit)
    i.HAL_NVIC_EnableIRQ                     0x0800171c   Section        0  stm32g4xx_hal_cortex.o(i.HAL_NVIC_EnableIRQ)
    i.HAL_NVIC_SetPriority                   0x08001744   Section        0  stm32g4xx_hal_cortex.o(i.HAL_NVIC_SetPriority)
    i.HAL_NVIC_SetPriorityGrouping           0x080017c0   Section        0  stm32g4xx_hal_cortex.o(i.HAL_NVIC_SetPriorityGrouping)
    i.HAL_PWREx_ControlVoltageScaling        0x080017e8   Section        0  stm32g4xx_hal_pwr_ex.o(i.HAL_PWREx_ControlVoltageScaling)
    i.HAL_PWREx_DisableUCPDDeadBattery       0x08001900   Section        0  stm32g4xx_hal_pwr_ex.o(i.HAL_PWREx_DisableUCPDDeadBattery)
    i.HAL_RCC_ClockConfig                    0x08001914   Section        0  stm32g4xx_hal_rcc.o(i.HAL_RCC_ClockConfig)
    i.HAL_RCC_GetClockConfig                 0x08001b38   Section        0  stm32g4xx_hal_rcc.o(i.HAL_RCC_GetClockConfig)
    i.HAL_RCC_GetHCLKFreq                    0x08001b7c   Section        0  stm32g4xx_hal_rcc.o(i.HAL_RCC_GetHCLKFreq)
    i.HAL_RCC_GetPCLK1Freq                   0x08001b88   Section        0  stm32g4xx_hal_rcc.o(i.HAL_RCC_GetPCLK1Freq)
    i.HAL_RCC_GetSysClockFreq                0x08001bac   Section        0  stm32g4xx_hal_rcc.o(i.HAL_RCC_GetSysClockFreq)
    i.HAL_RCC_OscConfig                      0x08001c40   Section        0  stm32g4xx_hal_rcc.o(i.HAL_RCC_OscConfig)
    i.HAL_SPI_Init                           0x0800219c   Section        0  stm32g4xx_hal_spi.o(i.HAL_SPI_Init)
    i.HAL_SPI_MspInit                        0x08002298   Section        0  spi.o(i.HAL_SPI_MspInit)
    i.HAL_SPI_TransmitReceive                0x08002310   Section        0  stm32g4xx_hal_spi.o(i.HAL_SPI_TransmitReceive)
    i.HAL_TIMEx_Break2Callback               0x080025ea   Section        0  stm32g4xx_hal_tim_ex.o(i.HAL_TIMEx_Break2Callback)
    i.HAL_TIMEx_BreakCallback                0x080025ec   Section        0  stm32g4xx_hal_tim_ex.o(i.HAL_TIMEx_BreakCallback)
    i.HAL_TIMEx_CommutCallback               0x080025ee   Section        0  stm32g4xx_hal_tim_ex.o(i.HAL_TIMEx_CommutCallback)
    i.HAL_TIMEx_ConfigBreakDeadTime          0x080025f0   Section        0  stm32g4xx_hal_tim_ex.o(i.HAL_TIMEx_ConfigBreakDeadTime)
    i.HAL_TIMEx_DirectionChangeCallback      0x080026b8   Section        0  stm32g4xx_hal_tim_ex.o(i.HAL_TIMEx_DirectionChangeCallback)
    i.HAL_TIMEx_EncoderIndexCallback         0x080026ba   Section        0  stm32g4xx_hal_tim_ex.o(i.HAL_TIMEx_EncoderIndexCallback)
    i.HAL_TIMEx_IndexErrorCallback           0x080026bc   Section        0  stm32g4xx_hal_tim_ex.o(i.HAL_TIMEx_IndexErrorCallback)
    i.HAL_TIMEx_MasterConfigSynchronization  0x080026c0   Section        0  stm32g4xx_hal_tim_ex.o(i.HAL_TIMEx_MasterConfigSynchronization)
    i.HAL_TIMEx_TransitionErrorCallback      0x08002778   Section        0  stm32g4xx_hal_tim_ex.o(i.HAL_TIMEx_TransitionErrorCallback)
    i.HAL_TIM_Base_Init                      0x0800277a   Section        0  stm32g4xx_hal_tim.o(i.HAL_TIM_Base_Init)
    i.HAL_TIM_Base_MspInit                   0x080027e8   Section        0  stm32g4xx_hal_tim.o(i.HAL_TIM_Base_MspInit)
    i.HAL_TIM_Base_Start_IT                  0x080027ec   Section        0  stm32g4xx_hal_tim.o(i.HAL_TIM_Base_Start_IT)
    i.HAL_TIM_IC_CaptureCallback             0x08002888   Section        0  stm32g4xx_hal_tim.o(i.HAL_TIM_IC_CaptureCallback)
    i.HAL_TIM_IRQHandler                     0x0800288a   Section        0  stm32g4xx_hal_tim.o(i.HAL_TIM_IRQHandler)
    i.HAL_TIM_MspPostInit                    0x08002aac   Section        0  tim.o(i.HAL_TIM_MspPostInit)
    i.HAL_TIM_OC_DelayElapsedCallback        0x08002b08   Section        0  stm32g4xx_hal_tim.o(i.HAL_TIM_OC_DelayElapsedCallback)
    i.HAL_TIM_PWM_ConfigChannel              0x08002b0a   Section        0  stm32g4xx_hal_tim.o(i.HAL_TIM_PWM_ConfigChannel)
    i.HAL_TIM_PWM_Init                       0x08002c7a   Section        0  stm32g4xx_hal_tim.o(i.HAL_TIM_PWM_Init)
    i.HAL_TIM_PWM_MspInit                    0x08002ce8   Section        0  tim.o(i.HAL_TIM_PWM_MspInit)
    i.HAL_TIM_PWM_PulseFinishedCallback      0x08002d18   Section        0  stm32g4xx_hal_tim.o(i.HAL_TIM_PWM_PulseFinishedCallback)
    i.HAL_TIM_PWM_Start                      0x08002d1c   Section        0  stm32g4xx_hal_tim.o(i.HAL_TIM_PWM_Start)
    i.HAL_TIM_PeriodElapsedCallback          0x08002e68   Section        0  main.o(i.HAL_TIM_PeriodElapsedCallback)
    i.HAL_TIM_TriggerCallback                0x08002e7a   Section        0  stm32g4xx_hal_tim.o(i.HAL_TIM_TriggerCallback)
    i.H_K_R_Adjustment                       0x08002e7c   Section        0  kalman_filter.o(i.H_K_R_Adjustment)
    H_K_R_Adjustment                         0x08002e7d   Thumb Code   300  kalman_filter.o(i.H_K_R_Adjustment)
    i.HardFault_Handler                      0x08002fac   Section        0  stm32g4xx_it.o(i.HardFault_Handler)
    i.ICM42688_init                          0x08002fb0   Section        0  icm42688_driver.o(i.ICM42688_init)
    i.ICM42688_read_muli_reg                 0x08003594   Section        0  icm42688_driver.o(i.ICM42688_read_muli_reg)
    ICM42688_read_muli_reg                   0x08003595   Thumb Code    38  icm42688_driver.o(i.ICM42688_read_muli_reg)
    i.ICM42688_read_single_reg               0x080035ba   Section        0  icm42688_driver.o(i.ICM42688_read_single_reg)
    ICM42688_read_single_reg                 0x080035bb   Thumb Code    26  icm42688_driver.o(i.ICM42688_read_single_reg)
    i.ICM42688_read_write_byte               0x080035d4   Section        0  icm42688_middleware.o(i.ICM42688_read_write_byte)
    i.ICM42688_write_single_reg              0x080035f4   Section        0  icm42688_driver.o(i.ICM42688_write_single_reg)
    ICM42688_write_single_reg                0x080035f5   Thumb Code    20  icm42688_driver.o(i.ICM42688_write_single_reg)
    i.IMU_AHRS_Calcu_task                    0x08003608   Section        0  bsp_imu.o(i.IMU_AHRS_Calcu_task)
    i.IMU_QuaternionEKF_F_Linearization_P_Fading 0x080038e8   Section        0  quaternionekf.o(i.IMU_QuaternionEKF_F_Linearization_P_Fading)
    IMU_QuaternionEKF_F_Linearization_P_Fading 0x080038e9   Thumb Code   540  quaternionekf.o(i.IMU_QuaternionEKF_F_Linearization_P_Fading)
    i.IMU_QuaternionEKF_Init                 0x08003b20   Section        0  quaternionekf.o(i.IMU_QuaternionEKF_Init)
    i.IMU_QuaternionEKF_Observe              0x08003c50   Section        0  quaternionekf.o(i.IMU_QuaternionEKF_Observe)
    IMU_QuaternionEKF_Observe                0x08003c51   Thumb Code    40  quaternionekf.o(i.IMU_QuaternionEKF_Observe)
    i.IMU_QuaternionEKF_SetH                 0x08003c84   Section        0  quaternionekf.o(i.IMU_QuaternionEKF_SetH)
    IMU_QuaternionEKF_SetH                   0x08003c85   Thumb Code   274  quaternionekf.o(i.IMU_QuaternionEKF_SetH)
    i.IMU_QuaternionEKF_Update               0x08003dac   Section        0  quaternionekf.o(i.IMU_QuaternionEKF_Update)
    i.IMU_QuaternionEKF_xhatUpdate           0x080043e0   Section        0  quaternionekf.o(i.IMU_QuaternionEKF_xhatUpdate)
    IMU_QuaternionEKF_xhatUpdate             0x080043e1   Thumb Code  1284  quaternionekf.o(i.IMU_QuaternionEKF_xhatUpdate)
    i.Kalman_Filter_Init                     0x080048e8   Section        0  kalman_filter.o(i.Kalman_Filter_Init)
    i.Kalman_Filter_Measure                  0x08004ff4   Section        0  kalman_filter.o(i.Kalman_Filter_Measure)
    i.Kalman_Filter_P_Update                 0x08005044   Section        0  kalman_filter.o(i.Kalman_Filter_P_Update)
    i.Kalman_Filter_PminusUpdate             0x080050ac   Section        0  kalman_filter.o(i.Kalman_Filter_PminusUpdate)
    i.Kalman_Filter_SetK                     0x08005114   Section        0  kalman_filter.o(i.Kalman_Filter_SetK)
    i.Kalman_Filter_Update                   0x080051e8   Section        0  kalman_filter.o(i.Kalman_Filter_Update)
    i.Kalman_Filter_xhatMinusUpdate          0x08005310   Section        0  kalman_filter.o(i.Kalman_Filter_xhatMinusUpdate)
    i.Kalman_Filter_xhatUpdate               0x0800538c   Section        0  kalman_filter.o(i.Kalman_Filter_xhatUpdate)
    i.MX_GPIO_Init                           0x08005414   Section        0  gpio.o(i.MX_GPIO_Init)
    i.MX_SPI1_Init                           0x080054c8   Section        0  spi.o(i.MX_SPI1_Init)
    i.MX_TIM1_Init                           0x0800551c   Section        0  tim.o(i.MX_TIM1_Init)
    i.MemManage_Handler                      0x080055e0   Section        0  stm32g4xx_it.o(i.MemManage_Handler)
    i.NMI_Handler                            0x080055e4   Section        0  stm32g4xx_it.o(i.NMI_Handler)
    i.PID_struct_init                        0x080055e8   Section        0  pid.o(i.PID_struct_init)
    i.PendSV_Handler                         0x08005638   Section        0  stm32g4xx_it.o(i.PendSV_Handler)
    i.RCC_GetSysClockFreqFromPLLSource       0x0800563c   Section        0  stm32g4xx_hal_rcc.o(i.RCC_GetSysClockFreqFromPLLSource)
    RCC_GetSysClockFreqFromPLLSource         0x0800563d   Thumb Code    90  stm32g4xx_hal_rcc.o(i.RCC_GetSysClockFreqFromPLLSource)
    i.SPI_EndRxTxTransaction                 0x080056a0   Section        0  stm32g4xx_hal_spi.o(i.SPI_EndRxTxTransaction)
    SPI_EndRxTxTransaction                   0x080056a1   Thumb Code   100  stm32g4xx_hal_spi.o(i.SPI_EndRxTxTransaction)
    i.SPI_WaitFifoStateUntilTimeout          0x08005704   Section        0  stm32g4xx_hal_spi.o(i.SPI_WaitFifoStateUntilTimeout)
    SPI_WaitFifoStateUntilTimeout            0x08005705   Thumb Code   242  stm32g4xx_hal_spi.o(i.SPI_WaitFifoStateUntilTimeout)
    i.SPI_WaitFlagStateUntilTimeout          0x080057fc   Section        0  stm32g4xx_hal_spi.o(i.SPI_WaitFlagStateUntilTimeout)
    SPI_WaitFlagStateUntilTimeout            0x080057fd   Thumb Code   210  stm32g4xx_hal_spi.o(i.SPI_WaitFlagStateUntilTimeout)
    i.SVC_Handler                            0x080058d4   Section        0  stm32g4xx_it.o(i.SVC_Handler)
    i.SysTick_Handler                        0x080058d6   Section        0  stm32g4xx_it.o(i.SysTick_Handler)
    i.SystemClock_Config                     0x080058d8   Section        0  main.o(i.SystemClock_Config)
    i.SystemInit                             0x08005940   Section        0  system_stm32g4xx.o(i.SystemInit)
    i.TIM2_IRQHandler                        0x08005954   Section        0  stm32g4xx_it.o(i.TIM2_IRQHandler)
    i.TIM_Base_SetConfig                     0x08005964   Section        0  stm32g4xx_hal_tim.o(i.TIM_Base_SetConfig)
    i.TIM_CCxChannelCmd                      0x08005a30   Section        0  stm32g4xx_hal_tim.o(i.TIM_CCxChannelCmd)
    i.TIM_OC1_SetConfig                      0x08005a54   Section        0  stm32g4xx_hal_tim.o(i.TIM_OC1_SetConfig)
    TIM_OC1_SetConfig                        0x08005a55   Thumb Code   146  stm32g4xx_hal_tim.o(i.TIM_OC1_SetConfig)
    i.TIM_OC2_SetConfig                      0x08005b00   Section        0  stm32g4xx_hal_tim.o(i.TIM_OC2_SetConfig)
    i.TIM_OC3_SetConfig                      0x08005bb4   Section        0  stm32g4xx_hal_tim.o(i.TIM_OC3_SetConfig)
    TIM_OC3_SetConfig                        0x08005bb5   Thumb Code   154  stm32g4xx_hal_tim.o(i.TIM_OC3_SetConfig)
    i.TIM_OC4_SetConfig                      0x08005c68   Section        0  stm32g4xx_hal_tim.o(i.TIM_OC4_SetConfig)
    TIM_OC4_SetConfig                        0x08005c69   Thumb Code   156  stm32g4xx_hal_tim.o(i.TIM_OC4_SetConfig)
    i.TIM_OC5_SetConfig                      0x08005d1c   Section        0  stm32g4xx_hal_tim.o(i.TIM_OC5_SetConfig)
    TIM_OC5_SetConfig                        0x08005d1d   Thumb Code    86  stm32g4xx_hal_tim.o(i.TIM_OC5_SetConfig)
    i.TIM_OC6_SetConfig                      0x08005d8c   Section        0  stm32g4xx_hal_tim.o(i.TIM_OC6_SetConfig)
    TIM_OC6_SetConfig                        0x08005d8d   Thumb Code    88  stm32g4xx_hal_tim.o(i.TIM_OC6_SetConfig)
    i.TIM_Set_PWM                            0x08005dfc   Section        0  bsp_pwm.o(i.TIM_Set_PWM)
    i.UsageFault_Handler                     0x08005e36   Section        0  stm32g4xx_it.o(i.UsageFault_Handler)
    i.__ARM_fpclassifyf                      0x08005e3a   Section        0  fpclassifyf.o(i.__ARM_fpclassifyf)
    i.__NVIC_GetPriorityGrouping             0x08005e60   Section        0  stm32g4xx_hal_cortex.o(i.__NVIC_GetPriorityGrouping)
    __NVIC_GetPriorityGrouping               0x08005e61   Thumb Code    10  stm32g4xx_hal_cortex.o(i.__NVIC_GetPriorityGrouping)
    i.__NVIC_SetPriority                     0x08005e70   Section        0  stm32g4xx_hal_cortex.o(i.__NVIC_SetPriority)
    __NVIC_SetPriority                       0x08005e71   Thumb Code    32  stm32g4xx_hal_cortex.o(i.__NVIC_SetPriority)
    i.__hardfp_acosf                         0x08005e98   Section        0  acosf.o(i.__hardfp_acosf)
    i.__hardfp_asinf                         0x08005fb0   Section        0  asinf.o(i.__hardfp_asinf)
    i.__hardfp_atan2f                        0x080060dc   Section        0  atan2f.o(i.__hardfp_atan2f)
    i.__mathlib_flt_infnan                   0x0800632c   Section        0  funder.o(i.__mathlib_flt_infnan)
    i.__mathlib_flt_infnan2                  0x08006332   Section        0  funder.o(i.__mathlib_flt_infnan2)
    i.__mathlib_flt_invalid                  0x08006338   Section        0  funder.o(i.__mathlib_flt_invalid)
    i.__mathlib_flt_underflow                0x08006348   Section        0  funder.o(i.__mathlib_flt_underflow)
    i.__scatterload_copy                     0x08006358   Section       14  handlers.o(i.__scatterload_copy)
    i.__scatterload_null                     0x08006366   Section        2  handlers.o(i.__scatterload_null)
    i.__scatterload_zeroinit                 0x08006368   Section       14  handlers.o(i.__scatterload_zeroinit)
    i.__set_errno                            0x08006378   Section        0  errno.o(i.__set_errno)
    i.abs_limit                              0x08006384   Section        0  pid.o(i.abs_limit)
    i.bsp_Icm42688GetAres                    0x080063c4   Section        0  icm42688_driver.o(i.bsp_Icm42688GetAres)
    i.bsp_Icm42688GetGres                    0x08006420   Section        0  icm42688_driver.o(i.bsp_Icm42688GetGres)
    i.bsp_IcmGetRawData                      0x080064c0   Section        0  icm42688_driver.o(i.bsp_IcmGetRawData)
    i.bsp_IcmGetTemperature                  0x080066ec   Section        0  icm42688_driver.o(i.bsp_IcmGetTemperature)
    i.flash_read                             0x0800677c   Section        0  bsp_flash.o(i.flash_read)
    i.imu_flash_read                         0x08006798   Section        0  bsp_flash.o(i.imu_flash_read)
    i.invSqrt                                0x080067d4   Section        0  quaternionekf.o(i.invSqrt)
    invSqrt                                  0x080067d5   Thumb Code    56  quaternionekf.o(i.invSqrt)
    i.main                                   0x08006810   Section        0  main.o(i.main)
    i.malloc                                 0x080068b8   Section        0  malloc.o(i.malloc)
    i.pid_calc                               0x08006924   Section        0  pid.o(i.pid_calc)
    i.pid_param_init                         0x08006b58   Section        0  pid.o(i.pid_param_init)
    pid_param_init                           0x08006b59   Thumb Code    20  pid.o(i.pid_param_init)
    i.pid_reset                              0x08006b6c   Section        0  pid.o(i.pid_reset)
    pid_reset                                0x08006b6d   Thumb Code    14  pid.o(i.pid_reset)
    i.sqrtf                                  0x08006b7a   Section        0  sqrtf_full.o(i.sqrtf)
    .constdata                               0x08006bb8   Section       24  system_stm32g4xx.o(.constdata)
    .constdata                               0x08006bd0   Section       48  bsp_imu.o(.constdata)
    .constdata                               0x08006c00   Section      144  quaternionekf.o(.constdata)
    .data                                    0x20000000   Section        8  main.o(.data)
    led_count                                0x20000004   Data           4  main.o(.data)
    .data                                    0x20000008   Section       12  stm32g4xx_hal.o(.data)
    .data                                    0x20000014   Section        4  system_stm32g4xx.o(.data)
    .data                                    0x20000018   Section       12  icm42688_driver.o(.data)
    .data                                    0x20000028   Section       64  bsp_dwt.o(.data)
    CPU_FREQ_Hz                              0x20000030   Data           4  bsp_dwt.o(.data)
    CPU_FREQ_Hz_ms                           0x20000034   Data           4  bsp_dwt.o(.data)
    CPU_FREQ_Hz_us                           0x20000038   Data           4  bsp_dwt.o(.data)
    CYCCNT_RountCount                        0x2000003c   Data           4  bsp_dwt.o(.data)
    CYCCNT_LAST                              0x20000040   Data           4  bsp_dwt.o(.data)
    CNT_TEMP1                                0x20000050   Data           8  bsp_dwt.o(.data)
    CNT_TEMP2                                0x20000058   Data           8  bsp_dwt.o(.data)
    CNT_TEMP3                                0x20000060   Data           8  bsp_dwt.o(.data)
    .data                                    0x20000068   Section       26  bsp_imu.o(.data)
    count                                    0x2000007c   Data           4  bsp_imu.o(.data)
    temp                                     0x20000080   Data           2  bsp_imu.o(.data)
    .data                                    0x20000082   Section        4  kalman_filter.o(.data)
    .data                                    0x20000088   Section      212  quaternionekf.o(.data)
    halfgxdt                                 0x20000118   Data           4  quaternionekf.o(.data)
    halfgydt                                 0x2000011c   Data           4  quaternionekf.o(.data)
    halfgzdt                                 0x20000120   Data           4  quaternionekf.o(.data)
    accelInvNorm                             0x20000124   Data           4  quaternionekf.o(.data)
    q0                                       0x20000128   Data           4  quaternionekf.o(.data)
    q1                                       0x2000012c   Data           4  quaternionekf.o(.data)
    q2                                       0x20000130   Data           4  quaternionekf.o(.data)
    q3                                       0x20000134   Data           4  quaternionekf.o(.data)
    qInvNorm                                 0x20000138   Data           4  quaternionekf.o(.data)
    doubleq0                                 0x2000013c   Data           4  quaternionekf.o(.data)
    doubleq1                                 0x20000140   Data           4  quaternionekf.o(.data)
    doubleq2                                 0x20000144   Data           4  quaternionekf.o(.data)
    doubleq3                                 0x20000148   Data           4  quaternionekf.o(.data)
    q0                                       0x2000014c   Data           4  quaternionekf.o(.data)
    q1                                       0x20000150   Data           4  quaternionekf.o(.data)
    q2                                       0x20000154   Data           4  quaternionekf.o(.data)
    q3                                       0x20000158   Data           4  quaternionekf.o(.data)
    .data                                    0x2000015c   Section        4  mvars.o(.data)
    .data                                    0x20000160   Section        4  mvars.o(.data)
    .data                                    0x20000164   Section        4  errno.o(.data)
    _errno                                   0x20000164   Data           4  errno.o(.data)
    .bss                                     0x20000168   Section      100  spi.o(.bss)
    .bss                                     0x200001cc   Section       76  tim.o(.bss)
    .bss                                     0x20000218   Section       76  stm32g4xx_hal_timebase_tim.o(.bss)
    .bss                                     0x20000264   Section       68  icm42688_driver.o(.bss)
    .bss                                     0x200002a8   Section      128  bsp_imu.o(.bss)
    .bss                                     0x20000328   Section       16  bsp_flash.o(.bss)
    .bss                                     0x20000338   Section     2576  pid.o(.bss)
    .bss                                     0x20000d48   Section      624  quaternionekf.o(.bss)
    HEAP                                     0x20000fb8   Section     1024  startup_stm32g431xx.o(HEAP)
    STACK                                    0x200013b8   Section     1024  startup_stm32g431xx.o(STACK)

    Global Symbols

    Symbol Name                              Value     Ov Type        Size  Object(Section)

    BuildAttributes$$THM_ISAv4$E$P$D$K$B$S$7EM$VFPi3$EXTD16$VFPS$VFMA$PE$A:L22UL41UL21$X:L11$S22US41US21$IEEE1$IW$USESV6$~STKCKD$USESV7$~SHL$OTIME$ROPI$IEEEX$EBA8$MICROLIB$REQ8$PRES8$EABIv2 0x00000000   Number         0  anon$$obj.o ABSOLUTE
    __ARM_use_no_argv                        0x00000000   Number         0  main.o ABSOLUTE
    __cpp_initialize__aeabi_                  - Undefined Weak Reference
    __cxa_finalize                            - Undefined Weak Reference
    _clock_init                               - Undefined Weak Reference
    _microlib_exit                            - Undefined Weak Reference
    __Vectors_Size                           0x000001d8   Number         0  startup_stm32g431xx.o ABSOLUTE
    __Vectors                                0x08000000   Data           4  startup_stm32g431xx.o(RESET)
    __Vectors_End                            0x080001d8   Data           0  startup_stm32g431xx.o(RESET)
    __main                                   0x080001d9   Thumb Code     0  entry.o(.ARM.Collect$$$$00000000)
    _main_stk                                0x080001d9   Thumb Code     0  entry2.o(.ARM.Collect$$$$00000001)
    _main_scatterload                        0x080001dd   Thumb Code     0  entry5.o(.ARM.Collect$$$$00000004)
    __main_after_scatterload                 0x080001e1   Thumb Code     0  entry5.o(.ARM.Collect$$$$00000004)
    _main_clock                              0x080001e1   Thumb Code     0  entry7b.o(.ARM.Collect$$$$00000008)
    _main_cpp_init                           0x080001e1   Thumb Code     0  entry8b.o(.ARM.Collect$$$$0000000A)
    _main_init                               0x080001e1   Thumb Code     0  entry9a.o(.ARM.Collect$$$$0000000B)
    __rt_final_cpp                           0x080001e9   Thumb Code     0  entry10a.o(.ARM.Collect$$$$0000000D)
    __rt_final_exit                          0x080001e9   Thumb Code     0  entry11a.o(.ARM.Collect$$$$0000000F)
    Reset_Handler                            0x080001ed   Thumb Code     8  startup_stm32g431xx.o(.text)
    ADC1_2_IRQHandler                        0x08000207   Thumb Code     0  startup_stm32g431xx.o(.text)
    COMP1_2_3_IRQHandler                     0x08000207   Thumb Code     0  startup_stm32g431xx.o(.text)
    COMP4_IRQHandler                         0x08000207   Thumb Code     0  startup_stm32g431xx.o(.text)
    CORDIC_IRQHandler                        0x08000207   Thumb Code     0  startup_stm32g431xx.o(.text)
    CRS_IRQHandler                           0x08000207   Thumb Code     0  startup_stm32g431xx.o(.text)
    DMA1_Channel1_IRQHandler                 0x08000207   Thumb Code     0  startup_stm32g431xx.o(.text)
    DMA1_Channel2_IRQHandler                 0x08000207   Thumb Code     0  startup_stm32g431xx.o(.text)
    DMA1_Channel3_IRQHandler                 0x08000207   Thumb Code     0  startup_stm32g431xx.o(.text)
    DMA1_Channel4_IRQHandler                 0x08000207   Thumb Code     0  startup_stm32g431xx.o(.text)
    DMA1_Channel5_IRQHandler                 0x08000207   Thumb Code     0  startup_stm32g431xx.o(.text)
    DMA1_Channel6_IRQHandler                 0x08000207   Thumb Code     0  startup_stm32g431xx.o(.text)
    DMA2_Channel1_IRQHandler                 0x08000207   Thumb Code     0  startup_stm32g431xx.o(.text)
    DMA2_Channel2_IRQHandler                 0x08000207   Thumb Code     0  startup_stm32g431xx.o(.text)
    DMA2_Channel3_IRQHandler                 0x08000207   Thumb Code     0  startup_stm32g431xx.o(.text)
    DMA2_Channel4_IRQHandler                 0x08000207   Thumb Code     0  startup_stm32g431xx.o(.text)
    DMA2_Channel5_IRQHandler                 0x08000207   Thumb Code     0  startup_stm32g431xx.o(.text)
    DMA2_Channel6_IRQHandler                 0x08000207   Thumb Code     0  startup_stm32g431xx.o(.text)
    DMAMUX_OVR_IRQHandler                    0x08000207   Thumb Code     0  startup_stm32g431xx.o(.text)
    EXTI0_IRQHandler                         0x08000207   Thumb Code     0  startup_stm32g431xx.o(.text)
    EXTI15_10_IRQHandler                     0x08000207   Thumb Code     0  startup_stm32g431xx.o(.text)
    EXTI1_IRQHandler                         0x08000207   Thumb Code     0  startup_stm32g431xx.o(.text)
    EXTI2_IRQHandler                         0x08000207   Thumb Code     0  startup_stm32g431xx.o(.text)
    EXTI3_IRQHandler                         0x08000207   Thumb Code     0  startup_stm32g431xx.o(.text)
    EXTI4_IRQHandler                         0x08000207   Thumb Code     0  startup_stm32g431xx.o(.text)
    EXTI9_5_IRQHandler                       0x08000207   Thumb Code     0  startup_stm32g431xx.o(.text)
    FDCAN1_IT0_IRQHandler                    0x08000207   Thumb Code     0  startup_stm32g431xx.o(.text)
    FDCAN1_IT1_IRQHandler                    0x08000207   Thumb Code     0  startup_stm32g431xx.o(.text)
    FLASH_IRQHandler                         0x08000207   Thumb Code     0  startup_stm32g431xx.o(.text)
    FMAC_IRQHandler                          0x08000207   Thumb Code     0  startup_stm32g431xx.o(.text)
    FPU_IRQHandler                           0x08000207   Thumb Code     0  startup_stm32g431xx.o(.text)
    I2C1_ER_IRQHandler                       0x08000207   Thumb Code     0  startup_stm32g431xx.o(.text)
    I2C1_EV_IRQHandler                       0x08000207   Thumb Code     0  startup_stm32g431xx.o(.text)
    I2C2_ER_IRQHandler                       0x08000207   Thumb Code     0  startup_stm32g431xx.o(.text)
    I2C2_EV_IRQHandler                       0x08000207   Thumb Code     0  startup_stm32g431xx.o(.text)
    I2C3_ER_IRQHandler                       0x08000207   Thumb Code     0  startup_stm32g431xx.o(.text)
    I2C3_EV_IRQHandler                       0x08000207   Thumb Code     0  startup_stm32g431xx.o(.text)
    LPTIM1_IRQHandler                        0x08000207   Thumb Code     0  startup_stm32g431xx.o(.text)
    LPUART1_IRQHandler                       0x08000207   Thumb Code     0  startup_stm32g431xx.o(.text)
    PVD_PVM_IRQHandler                       0x08000207   Thumb Code     0  startup_stm32g431xx.o(.text)
    RCC_IRQHandler                           0x08000207   Thumb Code     0  startup_stm32g431xx.o(.text)
    RNG_IRQHandler                           0x08000207   Thumb Code     0  startup_stm32g431xx.o(.text)
    RTC_Alarm_IRQHandler                     0x08000207   Thumb Code     0  startup_stm32g431xx.o(.text)
    RTC_TAMP_LSECSS_IRQHandler               0x08000207   Thumb Code     0  startup_stm32g431xx.o(.text)
    RTC_WKUP_IRQHandler                      0x08000207   Thumb Code     0  startup_stm32g431xx.o(.text)
    SAI1_IRQHandler                          0x08000207   Thumb Code     0  startup_stm32g431xx.o(.text)
    SPI1_IRQHandler                          0x08000207   Thumb Code     0  startup_stm32g431xx.o(.text)
    SPI2_IRQHandler                          0x08000207   Thumb Code     0  startup_stm32g431xx.o(.text)
    SPI3_IRQHandler                          0x08000207   Thumb Code     0  startup_stm32g431xx.o(.text)
    TIM1_BRK_TIM15_IRQHandler                0x08000207   Thumb Code     0  startup_stm32g431xx.o(.text)
    TIM1_CC_IRQHandler                       0x08000207   Thumb Code     0  startup_stm32g431xx.o(.text)
    TIM1_TRG_COM_TIM17_IRQHandler            0x08000207   Thumb Code     0  startup_stm32g431xx.o(.text)
    TIM1_UP_TIM16_IRQHandler                 0x08000207   Thumb Code     0  startup_stm32g431xx.o(.text)
    TIM3_IRQHandler                          0x08000207   Thumb Code     0  startup_stm32g431xx.o(.text)
    TIM4_IRQHandler                          0x08000207   Thumb Code     0  startup_stm32g431xx.o(.text)
    TIM6_DAC_IRQHandler                      0x08000207   Thumb Code     0  startup_stm32g431xx.o(.text)
    TIM7_IRQHandler                          0x08000207   Thumb Code     0  startup_stm32g431xx.o(.text)
    TIM8_BRK_IRQHandler                      0x08000207   Thumb Code     0  startup_stm32g431xx.o(.text)
    TIM8_CC_IRQHandler                       0x08000207   Thumb Code     0  startup_stm32g431xx.o(.text)
    TIM8_TRG_COM_IRQHandler                  0x08000207   Thumb Code     0  startup_stm32g431xx.o(.text)
    TIM8_UP_IRQHandler                       0x08000207   Thumb Code     0  startup_stm32g431xx.o(.text)
    UART4_IRQHandler                         0x08000207   Thumb Code     0  startup_stm32g431xx.o(.text)
    UCPD1_IRQHandler                         0x08000207   Thumb Code     0  startup_stm32g431xx.o(.text)
    USART1_IRQHandler                        0x08000207   Thumb Code     0  startup_stm32g431xx.o(.text)
    USART2_IRQHandler                        0x08000207   Thumb Code     0  startup_stm32g431xx.o(.text)
    USART3_IRQHandler                        0x08000207   Thumb Code     0  startup_stm32g431xx.o(.text)
    USBWakeUp_IRQHandler                     0x08000207   Thumb Code     0  startup_stm32g431xx.o(.text)
    USB_HP_IRQHandler                        0x08000207   Thumb Code     0  startup_stm32g431xx.o(.text)
    USB_LP_IRQHandler                        0x08000207   Thumb Code     0  startup_stm32g431xx.o(.text)
    WWDG_IRQHandler                          0x08000207   Thumb Code     0  startup_stm32g431xx.o(.text)
    arm_mat_add_f32                          0x08000211   Thumb Code   264  arm_mat_add_f32.o(.text)
    arm_mat_init_f32                         0x08000319   Thumb Code     8  arm_mat_init_f32.o(.text)
    arm_mat_inverse_f32                      0x08000321   Thumb Code  1328  arm_mat_inverse_f32.o(.text)
    arm_mat_mult_f32                         0x08000851   Thumb Code   312  arm_mat_mult_f32.o(.text)
    arm_mat_sub_f32                          0x0800098d   Thumb Code   264  arm_mat_sub_f32.o(.text)
    arm_mat_trans_f32                        0x08000a95   Thumb Code   276  arm_mat_trans_f32.o(.text)
    __aeabi_memcpy                           0x08000ba9   Thumb Code    36  memcpya.o(.text)
    __aeabi_memcpy4                          0x08000ba9   Thumb Code     0  memcpya.o(.text)
    __aeabi_memcpy8                          0x08000ba9   Thumb Code     0  memcpya.o(.text)
    __aeabi_memset                           0x08000bcd   Thumb Code    14  memseta.o(.text)
    __aeabi_memset4                          0x08000bcd   Thumb Code     0  memseta.o(.text)
    __aeabi_memset8                          0x08000bcd   Thumb Code     0  memseta.o(.text)
    __aeabi_memclr                           0x08000bdb   Thumb Code     4  memseta.o(.text)
    __aeabi_memclr4                          0x08000bdb   Thumb Code     0  memseta.o(.text)
    __aeabi_memclr8                          0x08000bdb   Thumb Code     0  memseta.o(.text)
    _memset$wrapper                          0x08000bdf   Thumb Code    18  memseta.o(.text)
    __aeabi_dadd                             0x08000bf1   Thumb Code   322  dadd.o(.text)
    __aeabi_dsub                             0x08000d33   Thumb Code     6  dadd.o(.text)
    __aeabi_drsub                            0x08000d39   Thumb Code     6  dadd.o(.text)
    __aeabi_ddiv                             0x08000d3f   Thumb Code   222  ddiv.o(.text)
    __aeabi_i2d                              0x08000e1d   Thumb Code    34  dflti.o(.text)
    __aeabi_d2iz                             0x08000e3f   Thumb Code    62  dfixi.o(.text)
    __aeabi_llsl                             0x08000e7d   Thumb Code    30  llshl.o(.text)
    _ll_shift_l                              0x08000e7d   Thumb Code     0  llshl.o(.text)
    __aeabi_llsr                             0x08000e9b   Thumb Code    32  llushr.o(.text)
    _ll_ushift_r                             0x08000e9b   Thumb Code     0  llushr.o(.text)
    __aeabi_lasr                             0x08000ebb   Thumb Code    36  llsshr.o(.text)
    _ll_sshift_r                             0x08000ebb   Thumb Code     0  llsshr.o(.text)
    __I$use$fp                               0x08000edf   Thumb Code     0  iusefp.o(.text)
    _double_round                            0x08000edf   Thumb Code    30  depilogue.o(.text)
    _double_epilogue                         0x08000efd   Thumb Code   156  depilogue.o(.text)
    __scatterload                            0x08000f99   Thumb Code    28  init.o(.text)
    __scatterload_rt2                        0x08000f99   Thumb Code     0  init.o(.text)
    __decompress                             0x08000fbd   Thumb Code     0  __dczerorl2.o(.text)
    __decompress1                            0x08000fbd   Thumb Code    86  __dczerorl2.o(.text)
    BodyFrameToEarthFrame                    0x08001013   Thumb Code   346  bsp_imu.o(i.BodyFrameToEarthFrame)
    BusFault_Handler                         0x0800116d   Thumb Code     4  stm32g4xx_it.o(i.BusFault_Handler)
    DWT_GetDeltaT                            0x080011a1   Thumb Code    68  bsp_dwt.o(i.DWT_GetDeltaT)
    DWT_Init                                 0x080011ed   Thumb Code    74  bsp_dwt.o(i.DWT_Init)
    DebugMon_Handler                         0x08001255   Thumb Code     2  stm32g4xx_it.o(i.DebugMon_Handler)
    EarthFrameToBodyFrame                    0x08001257   Thumb Code   346  bsp_imu.o(i.EarthFrameToBodyFrame)
    Error_Handler                            0x080013b1   Thumb Code     6  main.o(i.Error_Handler)
    HAL_Delay                                0x080013b9   Thumb Code    36  stm32g4xx_hal.o(i.HAL_Delay)
    HAL_FLASH_Unlock                         0x080013e1   Thumb Code    36  stm32g4xx_hal_flash.o(i.HAL_FLASH_Unlock)
    HAL_GPIO_Init                            0x08001411   Thumb Code   428  stm32g4xx_hal_gpio.o(i.HAL_GPIO_Init)
    HAL_GPIO_TogglePin                       0x080015dd   Thumb Code    20  stm32g4xx_hal_gpio.o(i.HAL_GPIO_TogglePin)
    HAL_GPIO_WritePin                        0x080015f1   Thumb Code    10  stm32g4xx_hal_gpio.o(i.HAL_GPIO_WritePin)
    HAL_GetTick                              0x080015fd   Thumb Code     6  stm32g4xx_hal.o(i.HAL_GetTick)
    HAL_IncTick                              0x08001609   Thumb Code    16  stm32g4xx_hal.o(i.HAL_IncTick)
    HAL_Init                                 0x08001621   Thumb Code    30  stm32g4xx_hal.o(i.HAL_Init)
    HAL_InitTick                             0x08001641   Thumb Code   136  stm32g4xx_hal_timebase_tim.o(i.HAL_InitTick)
    HAL_MspInit                              0x080016d9   Thumb Code    62  stm32g4xx_hal_msp.o(i.HAL_MspInit)
    HAL_NVIC_EnableIRQ                       0x0800171d   Thumb Code    40  stm32g4xx_hal_cortex.o(i.HAL_NVIC_EnableIRQ)
    HAL_NVIC_SetPriority                     0x08001745   Thumb Code   122  stm32g4xx_hal_cortex.o(i.HAL_NVIC_SetPriority)
    HAL_NVIC_SetPriorityGrouping             0x080017c1   Thumb Code    32  stm32g4xx_hal_cortex.o(i.HAL_NVIC_SetPriorityGrouping)
    HAL_PWREx_ControlVoltageScaling          0x080017e9   Thumb Code   268  stm32g4xx_hal_pwr_ex.o(i.HAL_PWREx_ControlVoltageScaling)
    HAL_PWREx_DisableUCPDDeadBattery         0x08001901   Thumb Code    14  stm32g4xx_hal_pwr_ex.o(i.HAL_PWREx_DisableUCPDDeadBattery)
    HAL_RCC_ClockConfig                      0x08001915   Thumb Code   522  stm32g4xx_hal_rcc.o(i.HAL_RCC_ClockConfig)
    HAL_RCC_GetClockConfig                   0x08001b39   Thumb Code    58  stm32g4xx_hal_rcc.o(i.HAL_RCC_GetClockConfig)
    HAL_RCC_GetHCLKFreq                      0x08001b7d   Thumb Code     6  stm32g4xx_hal_rcc.o(i.HAL_RCC_GetHCLKFreq)
    HAL_RCC_GetPCLK1Freq                     0x08001b89   Thumb Code    26  stm32g4xx_hal_rcc.o(i.HAL_RCC_GetPCLK1Freq)
    HAL_RCC_GetSysClockFreq                  0x08001bad   Thumb Code   138  stm32g4xx_hal_rcc.o(i.HAL_RCC_GetSysClockFreq)
    HAL_RCC_OscConfig                        0x08001c41   Thumb Code  1360  stm32g4xx_hal_rcc.o(i.HAL_RCC_OscConfig)
    HAL_SPI_Init                             0x0800219d   Thumb Code   252  stm32g4xx_hal_spi.o(i.HAL_SPI_Init)
    HAL_SPI_MspInit                          0x08002299   Thumb Code   110  spi.o(i.HAL_SPI_MspInit)
    HAL_SPI_TransmitReceive                  0x08002311   Thumb Code   730  stm32g4xx_hal_spi.o(i.HAL_SPI_TransmitReceive)
    HAL_TIMEx_Break2Callback                 0x080025eb   Thumb Code     2  stm32g4xx_hal_tim_ex.o(i.HAL_TIMEx_Break2Callback)
    HAL_TIMEx_BreakCallback                  0x080025ed   Thumb Code     2  stm32g4xx_hal_tim_ex.o(i.HAL_TIMEx_BreakCallback)
    HAL_TIMEx_CommutCallback                 0x080025ef   Thumb Code     2  stm32g4xx_hal_tim_ex.o(i.HAL_TIMEx_CommutCallback)
    HAL_TIMEx_ConfigBreakDeadTime            0x080025f1   Thumb Code   192  stm32g4xx_hal_tim_ex.o(i.HAL_TIMEx_ConfigBreakDeadTime)
    HAL_TIMEx_DirectionChangeCallback        0x080026b9   Thumb Code     2  stm32g4xx_hal_tim_ex.o(i.HAL_TIMEx_DirectionChangeCallback)
    HAL_TIMEx_EncoderIndexCallback           0x080026bb   Thumb Code     2  stm32g4xx_hal_tim_ex.o(i.HAL_TIMEx_EncoderIndexCallback)
    HAL_TIMEx_IndexErrorCallback             0x080026bd   Thumb Code     2  stm32g4xx_hal_tim_ex.o(i.HAL_TIMEx_IndexErrorCallback)
    HAL_TIMEx_MasterConfigSynchronization    0x080026c1   Thumb Code   158  stm32g4xx_hal_tim_ex.o(i.HAL_TIMEx_MasterConfigSynchronization)
    HAL_TIMEx_TransitionErrorCallback        0x08002779   Thumb Code     2  stm32g4xx_hal_tim_ex.o(i.HAL_TIMEx_TransitionErrorCallback)
    HAL_TIM_Base_Init                        0x0800277b   Thumb Code   110  stm32g4xx_hal_tim.o(i.HAL_TIM_Base_Init)
    HAL_TIM_Base_MspInit                     0x080027e9   Thumb Code     2  stm32g4xx_hal_tim.o(i.HAL_TIM_Base_MspInit)
    HAL_TIM_Base_Start_IT                    0x080027ed   Thumb Code   130  stm32g4xx_hal_tim.o(i.HAL_TIM_Base_Start_IT)
    HAL_TIM_IC_CaptureCallback               0x08002889   Thumb Code     2  stm32g4xx_hal_tim.o(i.HAL_TIM_IC_CaptureCallback)
    HAL_TIM_IRQHandler                       0x0800288b   Thumb Code   544  stm32g4xx_hal_tim.o(i.HAL_TIM_IRQHandler)
    HAL_TIM_MspPostInit                      0x08002aad   Thumb Code    82  tim.o(i.HAL_TIM_MspPostInit)
    HAL_TIM_OC_DelayElapsedCallback          0x08002b09   Thumb Code     2  stm32g4xx_hal_tim.o(i.HAL_TIM_OC_DelayElapsedCallback)
    HAL_TIM_PWM_ConfigChannel                0x08002b0b   Thumb Code   368  stm32g4xx_hal_tim.o(i.HAL_TIM_PWM_ConfigChannel)
    HAL_TIM_PWM_Init                         0x08002c7b   Thumb Code   110  stm32g4xx_hal_tim.o(i.HAL_TIM_PWM_Init)
    HAL_TIM_PWM_MspInit                      0x08002ce9   Thumb Code    40  tim.o(i.HAL_TIM_PWM_MspInit)
    HAL_TIM_PWM_PulseFinishedCallback        0x08002d19   Thumb Code     2  stm32g4xx_hal_tim.o(i.HAL_TIM_PWM_PulseFinishedCallback)
    HAL_TIM_PWM_Start                        0x08002d1d   Thumb Code   298  stm32g4xx_hal_tim.o(i.HAL_TIM_PWM_Start)
    HAL_TIM_PeriodElapsedCallback            0x08002e69   Thumb Code    18  main.o(i.HAL_TIM_PeriodElapsedCallback)
    HAL_TIM_TriggerCallback                  0x08002e7b   Thumb Code     2  stm32g4xx_hal_tim.o(i.HAL_TIM_TriggerCallback)
    HardFault_Handler                        0x08002fad   Thumb Code     4  stm32g4xx_it.o(i.HardFault_Handler)
    ICM42688_init                            0x08002fb1   Thumb Code  1500  icm42688_driver.o(i.ICM42688_init)
    ICM42688_read_write_byte                 0x080035d5   Thumb Code    26  icm42688_middleware.o(i.ICM42688_read_write_byte)
    IMU_AHRS_Calcu_task                      0x08003609   Thumb Code   652  bsp_imu.o(i.IMU_AHRS_Calcu_task)
    IMU_QuaternionEKF_Init                   0x08003b21   Thumb Code   264  quaternionekf.o(i.IMU_QuaternionEKF_Init)
    IMU_QuaternionEKF_Update                 0x08003dad   Thumb Code  1566  quaternionekf.o(i.IMU_QuaternionEKF_Update)
    Kalman_Filter_Init                       0x080048e9   Thumb Code  1800  kalman_filter.o(i.Kalman_Filter_Init)
    Kalman_Filter_Measure                    0x08004ff5   Thumb Code    74  kalman_filter.o(i.Kalman_Filter_Measure)
    Kalman_Filter_P_Update                   0x08005045   Thumb Code   104  kalman_filter.o(i.Kalman_Filter_P_Update)
    Kalman_Filter_PminusUpdate               0x080050ad   Thumb Code   104  kalman_filter.o(i.Kalman_Filter_PminusUpdate)
    Kalman_Filter_SetK                       0x08005115   Thumb Code   210  kalman_filter.o(i.Kalman_Filter_SetK)
    Kalman_Filter_Update                     0x080051e9   Thumb Code   292  kalman_filter.o(i.Kalman_Filter_Update)
    Kalman_Filter_xhatMinusUpdate            0x08005311   Thumb Code   124  kalman_filter.o(i.Kalman_Filter_xhatMinusUpdate)
    Kalman_Filter_xhatUpdate                 0x0800538d   Thumb Code   134  kalman_filter.o(i.Kalman_Filter_xhatUpdate)
    MX_GPIO_Init                             0x08005415   Thumb Code   170  gpio.o(i.MX_GPIO_Init)
    MX_SPI1_Init                             0x080054c9   Thumb Code    74  spi.o(i.MX_SPI1_Init)
    MX_TIM1_Init                             0x0800551d   Thumb Code   188  tim.o(i.MX_TIM1_Init)
    MemManage_Handler                        0x080055e1   Thumb Code     4  stm32g4xx_it.o(i.MemManage_Handler)
    NMI_Handler                              0x080055e5   Thumb Code     4  stm32g4xx_it.o(i.NMI_Handler)
    PID_struct_init                          0x080055e9   Thumb Code    70  pid.o(i.PID_struct_init)
    PendSV_Handler                           0x08005639   Thumb Code     2  stm32g4xx_it.o(i.PendSV_Handler)
    SVC_Handler                              0x080058d5   Thumb Code     2  stm32g4xx_it.o(i.SVC_Handler)
    SysTick_Handler                          0x080058d7   Thumb Code     2  stm32g4xx_it.o(i.SysTick_Handler)
    SystemClock_Config                       0x080058d9   Thumb Code   104  main.o(i.SystemClock_Config)
    SystemInit                               0x08005941   Thumb Code    14  system_stm32g4xx.o(i.SystemInit)
    TIM2_IRQHandler                          0x08005955   Thumb Code    10  stm32g4xx_it.o(i.TIM2_IRQHandler)
    TIM_Base_SetConfig                       0x08005965   Thumb Code   174  stm32g4xx_hal_tim.o(i.TIM_Base_SetConfig)
    TIM_CCxChannelCmd                        0x08005a31   Thumb Code    34  stm32g4xx_hal_tim.o(i.TIM_CCxChannelCmd)
    TIM_OC2_SetConfig                        0x08005b01   Thumb Code   156  stm32g4xx_hal_tim.o(i.TIM_OC2_SetConfig)
    TIM_Set_PWM                              0x08005dfd   Thumb Code    58  bsp_pwm.o(i.TIM_Set_PWM)
    UsageFault_Handler                       0x08005e37   Thumb Code     4  stm32g4xx_it.o(i.UsageFault_Handler)
    __ARM_fpclassifyf                        0x08005e3b   Thumb Code    38  fpclassifyf.o(i.__ARM_fpclassifyf)
    __hardfp_acosf                           0x08005e99   Thumb Code   234  acosf.o(i.__hardfp_acosf)
    __hardfp_asinf                           0x08005fb1   Thumb Code   258  asinf.o(i.__hardfp_asinf)
    __hardfp_atan2f                          0x080060dd   Thumb Code   502  atan2f.o(i.__hardfp_atan2f)
    __mathlib_flt_infnan                     0x0800632d   Thumb Code     6  funder.o(i.__mathlib_flt_infnan)
    __mathlib_flt_infnan2                    0x08006333   Thumb Code     6  funder.o(i.__mathlib_flt_infnan2)
    __mathlib_flt_invalid                    0x08006339   Thumb Code    10  funder.o(i.__mathlib_flt_invalid)
    __mathlib_flt_underflow                  0x08006349   Thumb Code    10  funder.o(i.__mathlib_flt_underflow)
    __scatterload_copy                       0x08006359   Thumb Code    14  handlers.o(i.__scatterload_copy)
    __scatterload_null                       0x08006367   Thumb Code     2  handlers.o(i.__scatterload_null)
    __scatterload_zeroinit                   0x08006369   Thumb Code    14  handlers.o(i.__scatterload_zeroinit)
    __set_errno                              0x08006379   Thumb Code     6  errno.o(i.__set_errno)
    abs_limit                                0x08006385   Thumb Code    62  pid.o(i.abs_limit)
    bsp_Icm42688GetAres                      0x080063c5   Thumb Code    72  icm42688_driver.o(i.bsp_Icm42688GetAres)
    bsp_Icm42688GetGres                      0x08006421   Thumb Code   122  icm42688_driver.o(i.bsp_Icm42688GetGres)
    bsp_IcmGetRawData                        0x080064c1   Thumb Code   538  icm42688_driver.o(i.bsp_IcmGetRawData)
    bsp_IcmGetTemperature                    0x080066ed   Thumb Code   126  icm42688_driver.o(i.bsp_IcmGetTemperature)
    flash_read                               0x0800677d   Thumb Code    28  bsp_flash.o(i.flash_read)
    imu_flash_read                           0x08006799   Thumb Code    52  bsp_flash.o(i.imu_flash_read)
    main                                     0x08006811   Thumb Code   146  main.o(i.main)
    malloc                                   0x080068b9   Thumb Code    92  malloc.o(i.malloc)
    pid_calc                                 0x08006925   Thumb Code   560  pid.o(i.pid_calc)
    sqrtf                                    0x08006b7b   Thumb Code    62  sqrtf_full.o(i.sqrtf)
    AHBPrescTable                            0x08006bb8   Data          16  system_stm32g4xx.o(.constdata)
    APBPrescTable                            0x08006bc8   Data           8  system_stm32g4xx.o(.constdata)
    xb                                       0x08006bd0   Data          12  bsp_imu.o(.constdata)
    yb                                       0x08006bdc   Data          12  bsp_imu.o(.constdata)
    zb                                       0x08006be8   Data          12  bsp_imu.o(.constdata)
    IMU_QuaternionEKF_F                      0x08006c00   Data         144  quaternionekf.o(.constdata)
    Region$$Table$$Base                      0x08006c90   Number         0  anon$$obj.o(Region$$Table)
    Region$$Table$$Limit                     0x08006cb0   Number         0  anon$$obj.o(Region$$Table)
    cnt                                      0x20000000   Data           4  main.o(.data)
    uwTick                                   0x20000008   Data           4  stm32g4xx_hal.o(.data)
    uwTickPrio                               0x2000000c   Data           4  stm32g4xx_hal.o(.data)
    uwTickFreq                               0x20000010   Data           4  stm32g4xx_hal.o(.data)
    SystemCoreClock                          0x20000014   Data           4  system_stm32g4xx.o(.data)
    reg_val                                  0x20000018   Data           1  icm42688_driver.o(.data)
    init_flag                                0x20000019   Data           1  icm42688_driver.o(.data)
    temp                                     0x2000001a   Data           2  icm42688_driver.o(.data)
    accSensitivity                           0x2000001c   Data           4  icm42688_driver.o(.data)
    gyroSensitivity                          0x20000020   Data           4  icm42688_driver.o(.data)
    SysTime                                  0x20000028   Data           8  bsp_dwt.o(.data)
    CYCCNT64                                 0x20000048   Data           8  bsp_dwt.o(.data)
    bias_gyro_mode                           0x20000068   Data           1  bsp_imu.o(.data)
    caliCount                                0x2000006a   Data           2  bsp_imu.o(.data)
    califlag                                 0x2000006c   Data           1  bsp_imu.o(.data)
    imu_init                                 0x2000006d   Data           1  bsp_imu.o(.data)
    INS_DWT_Count                            0x20000070   Data           4  bsp_imu.o(.data)
    dt                                       0x20000074   Data           4  bsp_imu.o(.data)
    t                                        0x20000078   Data           4  bsp_imu.o(.data)
    sizeof_float                             0x20000082   Data           2  kalman_filter.o(.data)
    sizeof_double                            0x20000084   Data           2  kalman_filter.o(.data)
    IMU_QuaternionEKF_P                      0x20000088   Data         144  quaternionekf.o(.data)
    __microlib_freelist                      0x2000015c   Data           4  mvars.o(.data)
    __microlib_freelist_initialised          0x20000160   Data           4  mvars.o(.data)
    hspi1                                    0x20000168   Data         100  spi.o(.bss)
    htim1                                    0x200001cc   Data          76  tim.o(.bss)
    htim2                                    0x20000218   Data          76  stm32g4xx_hal_timebase_tim.o(.bss)
    IMU_Data                                 0x20000264   Data          68  icm42688_driver.o(.bss)
    INS                                      0x200002a8   Data         128  bsp_imu.o(.bss)
    My_Flash                                 0x20000328   Data          16  bsp_flash.o(.bss)
    pid_pit_ecd                              0x20000338   Data         112  pid.o(.bss)
    pid_pit_angle                            0x200003a8   Data         112  pid.o(.bss)
    pid_pit_spd                              0x20000418   Data         112  pid.o(.bss)
    pid_yaw_angle                            0x20000488   Data         112  pid.o(.bss)
    pid_yaw_spd                              0x200004f8   Data         112  pid.o(.bss)
    pid_yaw_mecd                             0x20000568   Data         112  pid.o(.bss)
    pid_yaw_mspd                             0x200005d8   Data         112  pid.o(.bss)
    pid_trigger_ecd                          0x20000648   Data         112  pid.o(.bss)
    pid_trigger_spd                          0x200006b8   Data         112  pid.o(.bss)
    pid_vision_yaw                           0x20000728   Data         112  pid.o(.bss)
    pid_vision_pit                           0x20000798   Data         112  pid.o(.bss)
    pid_pitch_energy                         0x20000808   Data         112  pid.o(.bss)
    pid_yaw_energy                           0x20000878   Data         112  pid.o(.bss)
    pid_chassis_angle                        0x200008e8   Data         112  pid.o(.bss)
    pid_chassis_cur                          0x20000958   Data         448  pid.o(.bss)
    pid_temperature                          0x20000b18   Data         112  pid.o(.bss)
    pid_chassis_spd                          0x20000b88   Data         448  pid.o(.bss)
    QEKF_INS                                 0x20000d48   Data         480  quaternionekf.o(.bss)
    IMU_QuaternionEKF_K                      0x20000f28   Data          72  quaternionekf.o(.bss)
    IMU_QuaternionEKF_H                      0x20000f70   Data          72  quaternionekf.o(.bss)
    __heap_base                              0x20000fb8   Data           0  startup_stm32g431xx.o(HEAP)
    __heap_limit                             0x200013b8   Data           0  startup_stm32g431xx.o(HEAP)
    __initial_sp                             0x200017b8   Data           0  startup_stm32g431xx.o(STACK)



==============================================================================

Memory Map of the image

  Image Entry point : 0x080001d9

  Load Region LR_IROM1 (Base: 0x08000000, Size: 0x00006e18, Max: 0x0001c000, ABSOLUTE, COMPRESSED[0x00006cd0])

    Execution Region ER_IROM1 (Exec base: 0x08000000, Load base: 0x08000000, Size: 0x00006cb0, Max: 0x0001c000, ABSOLUTE)

    Exec Addr    Load Addr    Size         Type   Attr      Idx    E Section Name        Object

    0x08000000   0x08000000   0x000001d8   Data   RO            3    RESET               startup_stm32g431xx.o
    0x080001d8   0x080001d8   0x00000000   Code   RO         4430  * .ARM.Collect$$$$00000000  mc_w.l(entry.o)
    0x080001d8   0x080001d8   0x00000004   Code   RO         4499    .ARM.Collect$$$$00000001  mc_w.l(entry2.o)
    0x080001dc   0x080001dc   0x00000004   Code   RO         4502    .ARM.Collect$$$$00000004  mc_w.l(entry5.o)
    0x080001e0   0x080001e0   0x00000000   Code   RO         4504    .ARM.Collect$$$$00000008  mc_w.l(entry7b.o)
    0x080001e0   0x080001e0   0x00000000   Code   RO         4506    .ARM.Collect$$$$0000000A  mc_w.l(entry8b.o)
    0x080001e0   0x080001e0   0x00000008   Code   RO         4507    .ARM.Collect$$$$0000000B  mc_w.l(entry9a.o)
    0x080001e8   0x080001e8   0x00000000   Code   RO         4509    .ARM.Collect$$$$0000000D  mc_w.l(entry10a.o)
    0x080001e8   0x080001e8   0x00000000   Code   RO         4511    .ARM.Collect$$$$0000000F  mc_w.l(entry11a.o)
    0x080001e8   0x080001e8   0x00000004   Code   RO         4500    .ARM.Collect$$$$00002712  mc_w.l(entry2.o)
    0x080001ec   0x080001ec   0x00000024   Code   RO            4    .text               startup_stm32g431xx.o
    0x08000210   0x08000210   0x00000108   Code   RO         4213    .text               arm_cortexM4lf_math.lib(arm_mat_add_f32.o)
    0x08000318   0x08000318   0x00000008   Code   RO         4259    .text               arm_cortexM4lf_math.lib(arm_mat_init_f32.o)
    0x08000320   0x08000320   0x00000530   Code   RO         4283    .text               arm_cortexM4lf_math.lib(arm_mat_inverse_f32.o)
    0x08000850   0x08000850   0x0000013c   Code   RO         4307    .text               arm_cortexM4lf_math.lib(arm_mat_mult_f32.o)
    0x0800098c   0x0800098c   0x00000108   Code   RO         4331    .text               arm_cortexM4lf_math.lib(arm_mat_sub_f32.o)
    0x08000a94   0x08000a94   0x00000114   Code   RO         4355    .text               arm_cortexM4lf_math.lib(arm_mat_trans_f32.o)
    0x08000ba8   0x08000ba8   0x00000024   Code   RO         4435    .text               mc_w.l(memcpya.o)
    0x08000bcc   0x08000bcc   0x00000024   Code   RO         4437    .text               mc_w.l(memseta.o)
    0x08000bf0   0x08000bf0   0x0000014e   Code   RO         4469    .text               mf_w.l(dadd.o)
    0x08000d3e   0x08000d3e   0x000000de   Code   RO         4471    .text               mf_w.l(ddiv.o)
    0x08000e1c   0x08000e1c   0x00000022   Code   RO         4473    .text               mf_w.l(dflti.o)
    0x08000e3e   0x08000e3e   0x0000003e   Code   RO         4477    .text               mf_w.l(dfixi.o)
    0x08000e7c   0x08000e7c   0x0000001e   Code   RO         4513    .text               mc_w.l(llshl.o)
    0x08000e9a   0x08000e9a   0x00000020   Code   RO         4515    .text               mc_w.l(llushr.o)
    0x08000eba   0x08000eba   0x00000024   Code   RO         4517    .text               mc_w.l(llsshr.o)
    0x08000ede   0x08000ede   0x00000000   Code   RO         4528    .text               mc_w.l(iusefp.o)
    0x08000ede   0x08000ede   0x000000ba   Code   RO         4529    .text               mf_w.l(depilogue.o)
    0x08000f98   0x08000f98   0x00000024   Code   RO         4533    .text               mc_w.l(init.o)
    0x08000fbc   0x08000fbc   0x00000056   Code   RO         4545    .text               mc_w.l(__dczerorl2.o)
    0x08001012   0x08001012   0x0000015a   Code   RO         3753    i.BodyFrameToEarthFrame  bsp_imu.o
    0x0800116c   0x0800116c   0x00000004   Code   RO          306    i.BusFault_Handler  stm32g4xx_it.o
    0x08001170   0x08001170   0x00000030   Code   RO         3676    i.DWT_CNT_Update    bsp_dwt.o
    0x080011a0   0x080011a0   0x0000004c   Code   RO         3678    i.DWT_GetDeltaT     bsp_dwt.o
    0x080011ec   0x080011ec   0x00000068   Code   RO         3683    i.DWT_Init          bsp_dwt.o
    0x08001254   0x08001254   0x00000002   Code   RO          307    i.DebugMon_Handler  stm32g4xx_it.o
    0x08001256   0x08001256   0x0000015a   Code   RO         3755    i.EarthFrameToBodyFrame  bsp_imu.o
    0x080013b0   0x080013b0   0x00000006   Code   RO           13    i.Error_Handler     main.o
    0x080013b6   0x080013b6   0x00000002   PAD
    0x080013b8   0x080013b8   0x00000028   Code   RO          809    i.HAL_Delay         stm32g4xx_hal.o
    0x080013e0   0x080013e0   0x00000030   Code   RO         1312    i.HAL_FLASH_Unlock  stm32g4xx_hal_flash.o
    0x08001410   0x08001410   0x000001cc   Code   RO         1578    i.HAL_GPIO_Init     stm32g4xx_hal_gpio.o
    0x080015dc   0x080015dc   0x00000014   Code   RO         1581    i.HAL_GPIO_TogglePin  stm32g4xx_hal_gpio.o
    0x080015f0   0x080015f0   0x0000000a   Code   RO         1582    i.HAL_GPIO_WritePin  stm32g4xx_hal_gpio.o
    0x080015fa   0x080015fa   0x00000002   PAD
    0x080015fc   0x080015fc   0x0000000c   Code   RO          813    i.HAL_GetTick       stm32g4xx_hal.o
    0x08001608   0x08001608   0x00000018   Code   RO          819    i.HAL_IncTick       stm32g4xx_hal.o
    0x08001620   0x08001620   0x0000001e   Code   RO          820    i.HAL_Init          stm32g4xx_hal.o
    0x0800163e   0x0800163e   0x00000002   PAD
    0x08001640   0x08001640   0x00000098   Code   RO          412    i.HAL_InitTick      stm32g4xx_hal_timebase_tim.o
    0x080016d8   0x080016d8   0x00000044   Code   RO          388    i.HAL_MspInit       stm32g4xx_hal_msp.o
    0x0800171c   0x0800171c   0x00000028   Code   RO         2227    i.HAL_NVIC_EnableIRQ  stm32g4xx_hal_cortex.o
    0x08001744   0x08001744   0x0000007a   Code   RO         2233    i.HAL_NVIC_SetPriority  stm32g4xx_hal_cortex.o
    0x080017be   0x080017be   0x00000002   PAD
    0x080017c0   0x080017c0   0x00000028   Code   RO         2234    i.HAL_NVIC_SetPriorityGrouping  stm32g4xx_hal_cortex.o
    0x080017e8   0x080017e8   0x00000118   Code   RO         1981    i.HAL_PWREx_ControlVoltageScaling  stm32g4xx_hal_pwr_ex.o
    0x08001900   0x08001900   0x00000014   Code   RO         1993    i.HAL_PWREx_DisableUCPDDeadBattery  stm32g4xx_hal_pwr_ex.o
    0x08001914   0x08001914   0x00000224   Code   RO         1055    i.HAL_RCC_ClockConfig  stm32g4xx_hal_rcc.o
    0x08001b38   0x08001b38   0x00000044   Code   RO         1060    i.HAL_RCC_GetClockConfig  stm32g4xx_hal_rcc.o
    0x08001b7c   0x08001b7c   0x0000000c   Code   RO         1061    i.HAL_RCC_GetHCLKFreq  stm32g4xx_hal_rcc.o
    0x08001b88   0x08001b88   0x00000024   Code   RO         1063    i.HAL_RCC_GetPCLK1Freq  stm32g4xx_hal_rcc.o
    0x08001bac   0x08001bac   0x00000094   Code   RO         1065    i.HAL_RCC_GetSysClockFreq  stm32g4xx_hal_rcc.o
    0x08001c40   0x08001c40   0x0000055c   Code   RO         1068    i.HAL_RCC_OscConfig  stm32g4xx_hal_rcc.o
    0x0800219c   0x0800219c   0x000000fc   Code   RO          462    i.HAL_SPI_Init      stm32g4xx_hal_spi.o
    0x08002298   0x08002298   0x00000078   Code   RO          217    i.HAL_SPI_MspInit   spi.o
    0x08002310   0x08002310   0x000002da   Code   RO          471    i.HAL_SPI_TransmitReceive  stm32g4xx_hal_spi.o
    0x080025ea   0x080025ea   0x00000002   Code   RO         3099    i.HAL_TIMEx_Break2Callback  stm32g4xx_hal_tim_ex.o
    0x080025ec   0x080025ec   0x00000002   Code   RO         3100    i.HAL_TIMEx_BreakCallback  stm32g4xx_hal_tim_ex.o
    0x080025ee   0x080025ee   0x00000002   Code   RO         3101    i.HAL_TIMEx_CommutCallback  stm32g4xx_hal_tim_ex.o
    0x080025f0   0x080025f0   0x000000c8   Code   RO         3104    i.HAL_TIMEx_ConfigBreakDeadTime  stm32g4xx_hal_tim_ex.o
    0x080026b8   0x080026b8   0x00000002   Code   RO         3112    i.HAL_TIMEx_DirectionChangeCallback  stm32g4xx_hal_tim_ex.o
    0x080026ba   0x080026ba   0x00000002   Code   RO         3126    i.HAL_TIMEx_EncoderIndexCallback  stm32g4xx_hal_tim_ex.o
    0x080026bc   0x080026bc   0x00000002   Code   RO         3140    i.HAL_TIMEx_IndexErrorCallback  stm32g4xx_hal_tim_ex.o
    0x080026be   0x080026be   0x00000002   PAD
    0x080026c0   0x080026c0   0x000000b8   Code   RO         3141    i.HAL_TIMEx_MasterConfigSynchronization  stm32g4xx_hal_tim_ex.o
    0x08002778   0x08002778   0x00000002   Code   RO         3162    i.HAL_TIMEx_TransitionErrorCallback  stm32g4xx_hal_tim_ex.o
    0x0800277a   0x0800277a   0x0000006e   Code   RO         2374    i.HAL_TIM_Base_Init  stm32g4xx_hal_tim.o
    0x080027e8   0x080027e8   0x00000002   Code   RO         2376    i.HAL_TIM_Base_MspInit  stm32g4xx_hal_tim.o
    0x080027ea   0x080027ea   0x00000002   PAD
    0x080027ec   0x080027ec   0x0000009c   Code   RO         2379    i.HAL_TIM_Base_Start_IT  stm32g4xx_hal_tim.o
    0x08002888   0x08002888   0x00000002   Code   RO         2408    i.HAL_TIM_IC_CaptureCallback  stm32g4xx_hal_tim.o
    0x0800288a   0x0800288a   0x00000220   Code   RO         2422    i.HAL_TIM_IRQHandler  stm32g4xx_hal_tim.o
    0x08002aaa   0x08002aaa   0x00000002   PAD
    0x08002aac   0x08002aac   0x0000005c   Code   RO          258    i.HAL_TIM_MspPostInit  tim.o
    0x08002b08   0x08002b08   0x00000002   Code   RO         2425    i.HAL_TIM_OC_DelayElapsedCallback  stm32g4xx_hal_tim.o
    0x08002b0a   0x08002b0a   0x00000170   Code   RO         2446    i.HAL_TIM_PWM_ConfigChannel  stm32g4xx_hal_tim.o
    0x08002c7a   0x08002c7a   0x0000006e   Code   RO         2449    i.HAL_TIM_PWM_Init  stm32g4xx_hal_tim.o
    0x08002ce8   0x08002ce8   0x00000030   Code   RO          260    i.HAL_TIM_PWM_MspInit  tim.o
    0x08002d18   0x08002d18   0x00000002   Code   RO         2452    i.HAL_TIM_PWM_PulseFinishedCallback  stm32g4xx_hal_tim.o
    0x08002d1a   0x08002d1a   0x00000002   PAD
    0x08002d1c   0x08002d1c   0x0000014c   Code   RO         2454    i.HAL_TIM_PWM_Start  stm32g4xx_hal_tim.o
    0x08002e68   0x08002e68   0x00000012   Code   RO           14    i.HAL_TIM_PeriodElapsedCallback  main.o
    0x08002e7a   0x08002e7a   0x00000002   Code   RO         2465    i.HAL_TIM_TriggerCallback  stm32g4xx_hal_tim.o
    0x08002e7c   0x08002e7c   0x00000130   Code   RO         3998    i.H_K_R_Adjustment  kalman_filter.o
    0x08002fac   0x08002fac   0x00000004   Code   RO          308    i.HardFault_Handler  stm32g4xx_it.o
    0x08002fb0   0x08002fb0   0x000005e4   Code   RO         3565    i.ICM42688_init     icm42688_driver.o
    0x08003594   0x08003594   0x00000026   Code   RO         3566    i.ICM42688_read_muli_reg  icm42688_driver.o
    0x080035ba   0x080035ba   0x0000001a   Code   RO         3567    i.ICM42688_read_single_reg  icm42688_driver.o
    0x080035d4   0x080035d4   0x00000020   Code   RO         3646    i.ICM42688_read_write_byte  icm42688_middleware.o
    0x080035f4   0x080035f4   0x00000014   Code   RO         3568    i.ICM42688_write_single_reg  icm42688_driver.o
    0x08003608   0x08003608   0x000002e0   Code   RO         3756    i.IMU_AHRS_Calcu_task  bsp_imu.o
    0x080038e8   0x080038e8   0x00000238   Code   RO         4142    i.IMU_QuaternionEKF_F_Linearization_P_Fading  quaternionekf.o
    0x08003b20   0x08003b20   0x00000130   Code   RO         4143    i.IMU_QuaternionEKF_Init  quaternionekf.o
    0x08003c50   0x08003c50   0x00000034   Code   RO         4144    i.IMU_QuaternionEKF_Observe  quaternionekf.o
    0x08003c84   0x08003c84   0x00000128   Code   RO         4145    i.IMU_QuaternionEKF_SetH  quaternionekf.o
    0x08003dac   0x08003dac   0x00000634   Code   RO         4146    i.IMU_QuaternionEKF_Update  quaternionekf.o
    0x080043e0   0x080043e0   0x00000508   Code   RO         4147    i.IMU_QuaternionEKF_xhatUpdate  quaternionekf.o
    0x080048e8   0x080048e8   0x0000070c   Code   RO         3999    i.Kalman_Filter_Init  kalman_filter.o
    0x08004ff4   0x08004ff4   0x00000050   Code   RO         4000    i.Kalman_Filter_Measure  kalman_filter.o
    0x08005044   0x08005044   0x00000068   Code   RO         4001    i.Kalman_Filter_P_Update  kalman_filter.o
    0x080050ac   0x080050ac   0x00000068   Code   RO         4002    i.Kalman_Filter_PminusUpdate  kalman_filter.o
    0x08005114   0x08005114   0x000000d2   Code   RO         4003    i.Kalman_Filter_SetK  kalman_filter.o
    0x080051e6   0x080051e6   0x00000002   PAD
    0x080051e8   0x080051e8   0x00000128   Code   RO         4004    i.Kalman_Filter_Update  kalman_filter.o
    0x08005310   0x08005310   0x0000007c   Code   RO         4005    i.Kalman_Filter_xhatMinusUpdate  kalman_filter.o
    0x0800538c   0x0800538c   0x00000086   Code   RO         4006    i.Kalman_Filter_xhatUpdate  kalman_filter.o
    0x08005412   0x08005412   0x00000002   PAD
    0x08005414   0x08005414   0x000000b4   Code   RO          192    i.MX_GPIO_Init      gpio.o
    0x080054c8   0x080054c8   0x00000054   Code   RO          218    i.MX_SPI1_Init      spi.o
    0x0800551c   0x0800551c   0x000000c4   Code   RO          261    i.MX_TIM1_Init      tim.o
    0x080055e0   0x080055e0   0x00000004   Code   RO          309    i.MemManage_Handler  stm32g4xx_it.o
    0x080055e4   0x080055e4   0x00000004   Code   RO          310    i.NMI_Handler       stm32g4xx_it.o
    0x080055e8   0x080055e8   0x00000050   Code   RO         4075    i.PID_struct_init   pid.o
    0x08005638   0x08005638   0x00000002   Code   RO          311    i.PendSV_Handler    stm32g4xx_it.o
    0x0800563a   0x0800563a   0x00000002   PAD
    0x0800563c   0x0800563c   0x00000064   Code   RO         1069    i.RCC_GetSysClockFreqFromPLLSource  stm32g4xx_hal_rcc.o
    0x080056a0   0x080056a0   0x00000064   Code   RO          500    i.SPI_EndRxTxTransaction  stm32g4xx_hal_spi.o
    0x08005704   0x08005704   0x000000f8   Code   RO          505    i.SPI_WaitFifoStateUntilTimeout  stm32g4xx_hal_spi.o
    0x080057fc   0x080057fc   0x000000d8   Code   RO          506    i.SPI_WaitFlagStateUntilTimeout  stm32g4xx_hal_spi.o
    0x080058d4   0x080058d4   0x00000002   Code   RO          312    i.SVC_Handler       stm32g4xx_it.o
    0x080058d6   0x080058d6   0x00000002   Code   RO          313    i.SysTick_Handler   stm32g4xx_it.o
    0x080058d8   0x080058d8   0x00000068   Code   RO           15    i.SystemClock_Config  main.o
    0x08005940   0x08005940   0x00000014   Code   RO         3529    i.SystemInit        system_stm32g4xx.o
    0x08005954   0x08005954   0x00000010   Code   RO          314    i.TIM2_IRQHandler   stm32g4xx_it.o
    0x08005964   0x08005964   0x000000cc   Code   RO         2467    i.TIM_Base_SetConfig  stm32g4xx_hal_tim.o
    0x08005a30   0x08005a30   0x00000022   Code   RO         2468    i.TIM_CCxChannelCmd  stm32g4xx_hal_tim.o
    0x08005a52   0x08005a52   0x00000002   PAD
    0x08005a54   0x08005a54   0x000000ac   Code   RO         2480    i.TIM_OC1_SetConfig  stm32g4xx_hal_tim.o
    0x08005b00   0x08005b00   0x000000b4   Code   RO         2481    i.TIM_OC2_SetConfig  stm32g4xx_hal_tim.o
    0x08005bb4   0x08005bb4   0x000000b4   Code   RO         2482    i.TIM_OC3_SetConfig  stm32g4xx_hal_tim.o
    0x08005c68   0x08005c68   0x000000b4   Code   RO         2483    i.TIM_OC4_SetConfig  stm32g4xx_hal_tim.o
    0x08005d1c   0x08005d1c   0x00000070   Code   RO         2484    i.TIM_OC5_SetConfig  stm32g4xx_hal_tim.o
    0x08005d8c   0x08005d8c   0x00000070   Code   RO         2485    i.TIM_OC6_SetConfig  stm32g4xx_hal_tim.o
    0x08005dfc   0x08005dfc   0x0000003a   Code   RO         3840    i.TIM_Set_PWM       bsp_pwm.o
    0x08005e36   0x08005e36   0x00000004   Code   RO          315    i.UsageFault_Handler  stm32g4xx_it.o
    0x08005e3a   0x08005e3a   0x00000026   Code   RO         4483    i.__ARM_fpclassifyf  m_wm.l(fpclassifyf.o)
    0x08005e60   0x08005e60   0x00000010   Code   RO         2240    i.__NVIC_GetPriorityGrouping  stm32g4xx_hal_cortex.o
    0x08005e70   0x08005e70   0x00000028   Code   RO         2241    i.__NVIC_SetPriority  stm32g4xx_hal_cortex.o
    0x08005e98   0x08005e98   0x00000118   Code   RO         4376    i.__hardfp_acosf    m_wm.l(acosf.o)
    0x08005fb0   0x08005fb0   0x0000012c   Code   RO         4388    i.__hardfp_asinf    m_wm.l(asinf.o)
    0x080060dc   0x080060dc   0x00000250   Code   RO         4400    i.__hardfp_atan2f   m_wm.l(atan2f.o)
    0x0800632c   0x0800632c   0x00000006   Code   RO         4486    i.__mathlib_flt_infnan  m_wm.l(funder.o)
    0x08006332   0x08006332   0x00000006   Code   RO         4487    i.__mathlib_flt_infnan2  m_wm.l(funder.o)
    0x08006338   0x08006338   0x00000010   Code   RO         4488    i.__mathlib_flt_invalid  m_wm.l(funder.o)
    0x08006348   0x08006348   0x00000010   Code   RO         4491    i.__mathlib_flt_underflow  m_wm.l(funder.o)
    0x08006358   0x08006358   0x0000000e   Code   RO         4539    i.__scatterload_copy  mc_w.l(handlers.o)
    0x08006366   0x08006366   0x00000002   Code   RO         4540    i.__scatterload_null  mc_w.l(handlers.o)
    0x08006368   0x08006368   0x0000000e   Code   RO         4541    i.__scatterload_zeroinit  mc_w.l(handlers.o)
    0x08006376   0x08006376   0x00000002   PAD
    0x08006378   0x08006378   0x0000000c   Code   RO         4523    i.__set_errno       mc_w.l(errno.o)
    0x08006384   0x08006384   0x0000003e   Code   RO         4076    i.abs_limit         pid.o
    0x080063c2   0x080063c2   0x00000002   PAD
    0x080063c4   0x080063c4   0x0000005c   Code   RO         3569    i.bsp_Icm42688GetAres  icm42688_driver.o
    0x08006420   0x08006420   0x000000a0   Code   RO         3570    i.bsp_Icm42688GetGres  icm42688_driver.o
    0x080064c0   0x080064c0   0x0000022c   Code   RO         3571    i.bsp_IcmGetRawData  icm42688_driver.o
    0x080066ec   0x080066ec   0x00000090   Code   RO         3572    i.bsp_IcmGetTemperature  icm42688_driver.o
    0x0800677c   0x0800677c   0x0000001c   Code   RO         3866    i.flash_read        bsp_flash.o
    0x08006798   0x08006798   0x0000003c   Code   RO         3868    i.imu_flash_read    bsp_flash.o
    0x080067d4   0x080067d4   0x0000003c   Code   RO         4148    i.invSqrt           quaternionekf.o
    0x08006810   0x08006810   0x000000a8   Code   RO           16    i.main              main.o
    0x080068b8   0x080068b8   0x0000006c   Code   RO         4442    i.malloc            mc_w.l(malloc.o)
    0x08006924   0x08006924   0x00000234   Code   RO         4077    i.pid_calc          pid.o
    0x08006b58   0x08006b58   0x00000014   Code   RO         4078    i.pid_param_init    pid.o
    0x08006b6c   0x08006b6c   0x0000000e   Code   RO         4079    i.pid_reset         pid.o
    0x08006b7a   0x08006b7a   0x0000003e   Code   RO         4420    i.sqrtf             m_wm.l(sqrtf_full.o)
    0x08006bb8   0x08006bb8   0x00000018   Data   RO         3530    .constdata          system_stm32g4xx.o
    0x08006bd0   0x08006bd0   0x00000030   Data   RO         3758    .constdata          bsp_imu.o
    0x08006c00   0x08006c00   0x00000090   Data   RO         4150    .constdata          quaternionekf.o
    0x08006c90   0x08006c90   0x00000020   Data   RO         4537    Region$$Table       anon$$obj.o


    Execution Region RW_IRAM1 (Exec base: 0x20000000, Load base: 0x08006cb0, Size: 0x000017b8, Max: 0x00008000, ABSOLUTE, COMPRESSED[0x00000020])

    Exec Addr    Load Addr    Size         Type   Attr      Idx    E Section Name        Object

    0x20000000   COMPRESSED   0x00000008   Data   RW           17    .data               main.o
    0x20000008   COMPRESSED   0x0000000c   Data   RW          840    .data               stm32g4xx_hal.o
    0x20000014   COMPRESSED   0x00000004   Data   RW         3531    .data               system_stm32g4xx.o
    0x20000018   COMPRESSED   0x0000000c   Data   RW         3574    .data               icm42688_driver.o
    0x20000024   COMPRESSED   0x00000004   PAD
    0x20000028   COMPRESSED   0x00000040   Data   RW         3685    .data               bsp_dwt.o
    0x20000068   COMPRESSED   0x0000001a   Data   RW         3759    .data               bsp_imu.o
    0x20000082   COMPRESSED   0x00000004   Data   RW         4007    .data               kalman_filter.o
    0x20000086   COMPRESSED   0x00000002   PAD
    0x20000088   COMPRESSED   0x000000d4   Data   RW         4151    .data               quaternionekf.o
    0x2000015c   COMPRESSED   0x00000004   Data   RW         4519    .data               mc_w.l(mvars.o)
    0x20000160   COMPRESSED   0x00000004   Data   RW         4520    .data               mc_w.l(mvars.o)
    0x20000164   COMPRESSED   0x00000004   Data   RW         4524    .data               mc_w.l(errno.o)
    0x20000168        -       0x00000064   Zero   RW          219    .bss                spi.o
    0x200001cc        -       0x0000004c   Zero   RW          262    .bss                tim.o
    0x20000218        -       0x0000004c   Zero   RW          415    .bss                stm32g4xx_hal_timebase_tim.o
    0x20000264        -       0x00000044   Zero   RW         3573    .bss                icm42688_driver.o
    0x200002a8        -       0x00000080   Zero   RW         3757    .bss                bsp_imu.o
    0x20000328        -       0x00000010   Zero   RW         3870    .bss                bsp_flash.o
    0x20000338        -       0x00000a10   Zero   RW         4081    .bss                pid.o
    0x20000d48        -       0x00000270   Zero   RW         4149    .bss                quaternionekf.o
    0x20000fb8        -       0x00000400   Zero   RW            2    HEAP                startup_stm32g431xx.o
    0x200013b8        -       0x00000400   Zero   RW            1    STACK               startup_stm32g431xx.o


==============================================================================

Image component sizes


      Code (inc. data)   RO Data    RW Data    ZI Data      Debug   Object Name

       228         50          0         64          0       3206   bsp_dwt.o
        88          8          0          0         16       1561   bsp_flash.o
      1428         84         48         26        128      19579   bsp_imu.o
        58          0          0          0          0        866   bsp_pwm.o
       180         10          0          0          0        959   gpio.o
      2544        116          0         12         68       8137   icm42688_driver.o
        32          6          0          0          0        611   icm42688_middleware.o
      3160         26          0          4          0       8827   kalman_filter.o
       296         22          0          8          0     626009   main.o
       740         14          0          0       2576       5873   pid.o
      4156        234        144        212        624       8282   quaternionekf.o
       204         20          0          0        100       1713   spi.o
        36          8        472          0       2048        844   startup_stm32g431xx.o
       106         18          0         12          0       3690   stm32g4xx_hal.o
       258         22          0          0          0      33642   stm32g4xx_hal_cortex.o
        48         12          0          0          0        599   stm32g4xx_hal_flash.o
       490         32          0          0          0       2733   stm32g4xx_hal_gpio.o
        68          6          0          0          0        870   stm32g4xx_hal_msp.o
       300         18          0          0          0       1425   stm32g4xx_hal_pwr_ex.o
      2284         98          0          0          0       7378   stm32g4xx_hal_rcc.o
      1546         12          0          0          0       5925   stm32g4xx_hal_spi.o
      2804        240          0          0          0      14717   stm32g4xx_hal_tim.o
       398         34          0          0          0       6492   stm32g4xx_hal_tim_ex.o
       152         16          0          0         76       1443   stm32g4xx_hal_timebase_tim.o
        44          6          0          0          0       4756   stm32g4xx_it.o
        20          6         24          4          0       1151   system_stm32g4xx.o
       336         26          0          0         76       2439   tim.o

    ----------------------------------------------------------------------
     22030       1144        720        348       5712     773727   Object Totals
         0          0         32          0          0          0   (incl. Generated)
        26          0          0          6          0          0   (incl. Padding)

    ----------------------------------------------------------------------

      Code (inc. data)   RO Data    RW Data    ZI Data      Debug   Library Member Name

       264          0          0          0          0      18250   arm_mat_add_f32.o
         8          0          0          0          0        999   arm_mat_init_f32.o
      1328          4          0          0          0       4782   arm_mat_inverse_f32.o
       316          4          0          0          0       2375   arm_mat_mult_f32.o
       264          0          0          0          0       1826   arm_mat_sub_f32.o
       276          0          0          0          0       2240   arm_mat_trans_f32.o
       280         46          0          0          0        176   acosf.o
       300         42          0          0          0        176   asinf.o
       592         90          0          0          0        184   atan2f.o
        38          0          0          0          0        116   fpclassifyf.o
        44         12          0          0          0        464   funder.o
        62          0          0          0          0        136   sqrtf_full.o
        86          0          0          0          0          0   __dczerorl2.o
         0          0          0          0          0          0   entry.o
         0          0          0          0          0          0   entry10a.o
         0          0          0          0          0          0   entry11a.o
         8          4          0          0          0          0   entry2.o
         4          0          0          0          0          0   entry5.o
         0          0          0          0          0          0   entry7b.o
         0          0          0          0          0          0   entry8b.o
         8          4          0          0          0          0   entry9a.o
        12          6          0          4          0         68   errno.o
        30          0          0          0          0          0   handlers.o
        36          8          0          0          0         68   init.o
         0          0          0          0          0          0   iusefp.o
        30          0          0          0          0         68   llshl.o
        36          0          0          0          0         68   llsshr.o
        32          0          0          0          0         68   llushr.o
       108         16          0          0          0         84   malloc.o
        36          0          0          0          0         68   memcpya.o
        36          0          0          0          0        108   memseta.o
         0          0          0          8          0          0   mvars.o
       334          0          0          0          0        148   dadd.o
       222          0          0          0          0        100   ddiv.o
       186          0          0          0          0        176   depilogue.o
        62          0          0          0          0         80   dfixi.o
        34          0          0          0          0         76   dflti.o

    ----------------------------------------------------------------------
      5074        236          0         12          0      32904   Library Totals
         2          0          0          0          0          0   (incl. Padding)

    ----------------------------------------------------------------------

      Code (inc. data)   RO Data    RW Data    ZI Data      Debug   Library Name

      2456          8          0          0          0      30472   arm_cortexM4lf_math.lib
      1316        190          0          0          0       1252   m_wm.l
       462         38          0         12          0        600   mc_w.l
       838          0          0          0          0        580   mf_w.l

    ----------------------------------------------------------------------
      5074        236          0         12          0      32904   Library Totals

    ----------------------------------------------------------------------

==============================================================================


      Code (inc. data)   RO Data    RW Data    ZI Data      Debug   

     27104       1380        720        360       5712     794595   Grand Totals
     27104       1380        720         32       5712     794595   ELF Image Totals (compressed)
     27104       1380        720         32          0          0   ROM Totals

==============================================================================

    Total RO  Size (Code + RO Data)                27824 (  27.17kB)
    Total RW  Size (RW Data + ZI Data)              6072 (   5.93kB)
    Total ROM Size (Code + RO Data + RW Data)      27856 (  27.20kB)

==============================================================================

