Component: Arm Compiler for Embedded 6.22 Tool: armlink [5ee90200]

==============================================================================

Section Cross References

    startup_stm32g431xx.o(RESET) refers to startup_stm32g431xx.o(STACK) for __initial_sp
    startup_stm32g431xx.o(RESET) refers to startup_stm32g431xx.o(.text) for Reset_Handler
    startup_stm32g431xx.o(RESET) refers to stm32g4xx_it.o(.text.NMI_Handler) for NMI_Handler
    startup_stm32g431xx.o(RESET) refers to stm32g4xx_it.o(.text.HardFault_Handler) for HardFault_Handler
    startup_stm32g431xx.o(RESET) refers to stm32g4xx_it.o(.text.MemManage_Handler) for MemManage_Handler
    startup_stm32g431xx.o(RESET) refers to stm32g4xx_it.o(.text.BusFault_Handler) for BusFault_Handler
    startup_stm32g431xx.o(RESET) refers to stm32g4xx_it.o(.text.UsageFault_Handler) for UsageFault_Handler
    startup_stm32g431xx.o(RESET) refers to stm32g4xx_it.o(.text.SVC_Handler) for SVC_Handler
    startup_stm32g431xx.o(RESET) refers to stm32g4xx_it.o(.text.DebugMon_Handler) for DebugMon_Handler
    startup_stm32g431xx.o(RESET) refers to stm32g4xx_it.o(.text.PendSV_Handler) for PendSV_Handler
    startup_stm32g431xx.o(RESET) refers to stm32g4xx_it.o(.text.SysTick_Handler) for SysTick_Handler
    startup_stm32g431xx.o(RESET) refers to stm32g4xx_it.o(.text.DMA1_Channel1_IRQHandler) for DMA1_Channel1_IRQHandler
    startup_stm32g431xx.o(RESET) refers to stm32g4xx_it.o(.text.DMA1_Channel2_IRQHandler) for DMA1_Channel2_IRQHandler
    startup_stm32g431xx.o(RESET) refers to stm32g4xx_it.o(.text.TIM2_IRQHandler) for TIM2_IRQHandler
    startup_stm32g431xx.o(RESET) refers to stm32g4xx_it.o(.text.TIM3_IRQHandler) for TIM3_IRQHandler
    startup_stm32g431xx.o(.text) refers to system_stm32g4xx.o(.text.SystemInit) for SystemInit
    startup_stm32g431xx.o(.text) refers to entry.o(.ARM.Collect$$$$00000000) for __main
    main.o(.text.main) refers to stm32g4xx_hal.o(.text.HAL_Init) for HAL_Init
    main.o(.text.main) refers to main.o(.text.SystemClock_Config) for SystemClock_Config
    main.o(.text.main) refers to gpio.o(.text.MX_GPIO_Init) for MX_GPIO_Init
    main.o(.text.main) refers to dma.o(.text.MX_DMA_Init) for MX_DMA_Init
    main.o(.text.main) refers to spi.o(.text.MX_SPI1_Init) for MX_SPI1_Init
    main.o(.text.main) refers to tim.o(.text.MX_TIM1_Init) for MX_TIM1_Init
    main.o(.text.main) refers to fdcan.o(.text.MX_FDCAN1_Init) for MX_FDCAN1_Init
    main.o(.text.main) refers to tim.o(.text.MX_TIM3_Init) for MX_TIM3_Init
    main.o(.text.main) refers to bsp_dwt.o(.text.DWT_Init) for DWT_Init
    main.o(.text.main) refers to icm42688_driver.o(.bss.init_flag) for init_flag
    main.o(.text.main) refers to icm42688_driver.o(.text.ICM42688_init) for ICM42688_init
    main.o(.text.main) refers to stm32g4xx_hal.o(.text.HAL_Delay) for HAL_Delay
    main.o(.text.main) refers to can_comm.o(.text.can_comm_init) for can_comm_init
    main.o(.text.main) refers to tim.o(.bss.htim1) for htim1
    main.o(.text.main) refers to stm32g4xx_hal_tim.o(.text.HAL_TIM_PWM_Start) for HAL_TIM_PWM_Start
    main.o(.text.main) refers to pid.o(.bss.pid_temperature) for pid_temperature
    main.o(.text.main) refers to pid.o(.text.PID_struct_init) for PID_struct_init
    main.o(.text.main) refers to bsp_flash.o(.text.imu_flash_read) for imu_flash_read
    main.o(.text.main) refers to icm42688_driver.o(.bss.IMU_Data) for IMU_Data
    main.o(.text.main) refers to bsp_imu.o(.bss.califlag) for califlag
    main.o(.text.main) refers to bsp_imu.o(.bss.bias_gyro_mode) for bias_gyro_mode
    main.o(.text.main) refers to tim.o(.bss.htim3) for htim3
    main.o(.text.main) refers to stm32g4xx_hal_tim.o(.text.HAL_TIM_Base_Start_IT) for HAL_TIM_Base_Start_IT
    main.o(.text.main) refers to bsp_imu.o(.text.IMU_AHRS_Calcu_task) for IMU_AHRS_Calcu_task
    main.o(.text.main) refers to main.o(.bss.led_count) for led_count
    main.o(.text.main) refers to stm32g4xx_hal_gpio.o(.text.HAL_GPIO_TogglePin) for HAL_GPIO_TogglePin
    main.o(.text.main) refers to bsp_dwt.o(.text.DWT_Delay) for DWT_Delay
    main.o(.ARM.exidx.text.main) refers to main.o(.text.main) for [Anonymous Symbol]
    main.o(.text.SystemClock_Config) refers to memseta.o(.text) for __aeabi_memclr4
    main.o(.text.SystemClock_Config) refers to stm32g4xx_hal_pwr_ex.o(.text.HAL_PWREx_ControlVoltageScaling) for HAL_PWREx_ControlVoltageScaling
    main.o(.text.SystemClock_Config) refers to stm32g4xx_hal_rcc.o(.text.HAL_RCC_OscConfig) for HAL_RCC_OscConfig
    main.o(.text.SystemClock_Config) refers to main.o(.text.Error_Handler) for Error_Handler
    main.o(.text.SystemClock_Config) refers to stm32g4xx_hal_rcc.o(.text.HAL_RCC_ClockConfig) for HAL_RCC_ClockConfig
    main.o(.ARM.exidx.text.SystemClock_Config) refers to main.o(.text.SystemClock_Config) for [Anonymous Symbol]
    main.o(.ARM.exidx.text.Error_Handler) refers to main.o(.text.Error_Handler) for [Anonymous Symbol]
[...]
    NVIC_EncodePriority                      0x080078c9   Thumb Code   108  stm32g4xx_hal_cortex.o(.text.NVIC_EncodePriority)
    [Anonymous Symbol]                       0x080078c8   Section        0  stm32g4xx_hal_cortex.o(.text.NVIC_EncodePriority)
    [Anonymous Symbol]                       0x08007934   Section        0  pid.o(.text.PID_struct_init)
    [Anonymous Symbol]                       0x08007984   Section        0  stm32g4xx_it.o(.text.PendSV_Handler)
    RCC_GetSysClockFreqFromPLLSource         0x08007989   Thumb Code   156  stm32g4xx_hal_rcc.o(.text.RCC_GetSysClockFreqFromPLLSource)
    [Anonymous Symbol]                       0x08007988   Section        0  stm32g4xx_hal_rcc.o(.text.RCC_GetSysClockFreqFromPLLSource)
    SPI_DMAError                             0x08007a25   Thumb Code    52  stm32g4xx_hal_spi.o(.text.SPI_DMAError)
    [Anonymous Symbol]                       0x08007a24   Section        0  stm32g4xx_hal_spi.o(.text.SPI_DMAError)
    SPI_DMAHalfReceiveCplt                   0x08007a59   Thumb Code    22  stm32g4xx_hal_spi.o(.text.SPI_DMAHalfReceiveCplt)
    [Anonymous Symbol]                       0x08007a58   Section        0  stm32g4xx_hal_spi.o(.text.SPI_DMAHalfReceiveCplt)
    SPI_DMAHalfTransmitReceiveCplt           0x08007a71   Thumb Code    22  stm32g4xx_hal_spi.o(.text.SPI_DMAHalfTransmitReceiveCplt)
    [Anonymous Symbol]                       0x08007a70   Section        0  stm32g4xx_hal_spi.o(.text.SPI_DMAHalfTransmitReceiveCplt)
    SPI_DMAReceiveCplt                       0x08007a89   Thumb Code   162  stm32g4xx_hal_spi.o(.text.SPI_DMAReceiveCplt)
    [Anonymous Symbol]                       0x08007a88   Section        0  stm32g4xx_hal_spi.o(.text.SPI_DMAReceiveCplt)
    SPI_DMATransmitReceiveCplt               0x08007b2d   Thumb Code   134  stm32g4xx_hal_spi.o(.text.SPI_DMATransmitReceiveCplt)
    [Anonymous Symbol]                       0x08007b2c   Section        0  stm32g4xx_hal_spi.o(.text.SPI_DMATransmitReceiveCplt)
    SPI_EndRxTransaction                     0x08007bb5   Thumb Code   196  stm32g4xx_hal_spi.o(.text.SPI_EndRxTransaction)
    [Anonymous Symbol]                       0x08007bb4   Section        0  stm32g4xx_hal_spi.o(.text.SPI_EndRxTransaction)
    SPI_EndRxTxTransaction                   0x08007c79   Thumb Code   150  stm32g4xx_hal_spi.o(.text.SPI_EndRxTxTransaction)
    [Anonymous Symbol]                       0x08007c78   Section        0  stm32g4xx_hal_spi.o(.text.SPI_EndRxTxTransaction)
    SPI_WaitFifoStateUntilTimeout            0x08007d11   Thumb Code   332  stm32g4xx_hal_spi.o(.text.SPI_WaitFifoStateUntilTimeout)
    [Anonymous Symbol]                       0x08007d10   Section        0  stm32g4xx_hal_spi.o(.text.SPI_WaitFifoStateUntilTimeout)
    SPI_WaitFlagStateUntilTimeout            0x08007e5d   Thumb Code   298  stm32g4xx_hal_spi.o(.text.SPI_WaitFlagStateUntilTimeout)
    [Anonymous Symbol]                       0x08007e5c   Section        0  stm32g4xx_hal_spi.o(.text.SPI_WaitFlagStateUntilTimeout)
    [Anonymous Symbol]                       0x08007f88   Section        0  stm32g4xx_it.o(.text.SVC_Handler)
    [Anonymous Symbol]                       0x08007f8c   Section        0  stm32g4xx_it.o(.text.SysTick_Handler)
    [Anonymous Symbol]                       0x08007f90   Section        0  main.o(.text.SystemClock_Config)
    [Anonymous Symbol]                       0x08008004   Section        0  system_stm32g4xx.o(.text.SystemInit)
    [Anonymous Symbol]                       0x08008018   Section        0  stm32g4xx_it.o(.text.TIM2_IRQHandler)
    [Anonymous Symbol]                       0x08008028   Section        0  stm32g4xx_it.o(.text.TIM3_IRQHandler)
    [Anonymous Symbol]                       0x08008038   Section        0  stm32g4xx_hal_tim.o(.text.TIM_Base_SetConfig)
    [Anonymous Symbol]                       0x080081d0   Section        0  stm32g4xx_hal_tim.o(.text.TIM_CCxChannelCmd)
    [Anonymous Symbol]                       0x08008208   Section        0  stm32g4xx_hal_tim.o(.text.TIM_ETR_SetConfig)
    TIM_ITRx_SetConfig                       0x0800823d   Thumb Code    48  stm32g4xx_hal_tim.o(.text.TIM_ITRx_SetConfig)
    [Anonymous Symbol]                       0x0800823c   Section        0  stm32g4xx_hal_tim.o(.text.TIM_ITRx_SetConfig)
    TIM_OC1_SetConfig                        0x0800826d   Thumb Code   340  stm32g4xx_hal_tim.o(.text.TIM_OC1_SetConfig)
    [Anonymous Symbol]                       0x0800826c   Section        0  stm32g4xx_hal_tim.o(.text.TIM_OC1_SetConfig)
    [Anonymous Symbol]                       0x080083c0   Section        0  stm32g4xx_hal_tim.o(.text.TIM_OC2_SetConfig)
    TIM_OC3_SetConfig                        0x08008531   Thumb Code   366  stm32g4xx_hal_tim.o(.text.TIM_OC3_SetConfig)
    [Anonymous Symbol]                       0x08008530   Section        0  stm32g4xx_hal_tim.o(.text.TIM_OC3_SetConfig)
    TIM_OC4_SetConfig                        0x080086a1   Thumb Code   368  stm32g4xx_hal_tim.o(.text.TIM_OC4_SetConfig)
    [Anonymous Symbol]                       0x080086a0   Section        0  stm32g4xx_hal_tim.o(.text.TIM_OC4_SetConfig)
    TIM_OC5_SetConfig                        0x08008811   Thumb Code   210  stm32g4xx_hal_tim.o(.text.TIM_OC5_SetConfig)
    [Anonymous Symbol]                       0x08008810   Section        0  stm32g4xx_hal_tim.o(.text.TIM_OC5_SetConfig)
    TIM_OC6_SetConfig                        0x080088e5   Thumb Code   212  stm32g4xx_hal_tim.o(.text.TIM_OC6_SetConfig)
    [Anonymous Symbol]                       0x080088e4   Section        0  stm32g4xx_hal_tim.o(.text.TIM_OC6_SetConfig)
    [Anonymous Symbol]                       0x080089b8   Section        0  bsp_pwm.o(.text.TIM_Set_PWM)
    TIM_TI1_ConfigInputStage                 0x08008a35   Thumb Code    80  stm32g4xx_hal_tim.o(.text.TIM_TI1_ConfigInputStage)
    [Anonymous Symbol]                       0x08008a34   Section        0  stm32g4xx_hal_tim.o(.text.TIM_TI1_ConfigInputStage)
    TIM_TI2_ConfigInputStage                 0x08008a85   Thumb Code    82  stm32g4xx_hal_tim.o(.text.TIM_TI2_ConfigInputStage)
    [Anonymous Symbol]                       0x08008a84   Section        0  stm32g4xx_hal_tim.o(.text.TIM_TI2_ConfigInputStage)
    [Anonymous Symbol]                       0x08008ad8   Section        0  stm32g4xx_it.o(.text.UsageFault_Handler)
    __NVIC_EnableIRQ                         0x08008add   Thumb Code    48  stm32g4xx_hal_cortex.o(.text.__NVIC_EnableIRQ)
    [Anonymous Symbol]                       0x08008adc   Section        0  stm32g4xx_hal_cortex.o(.text.__NVIC_EnableIRQ)
    __NVIC_GetPriorityGrouping               0x08008b0d   Thumb Code    16  stm32g4xx_hal_cortex.o(.text.__NVIC_GetPriorityGrouping)
    [Anonymous Symbol]                       0x08008b0c   Section        0  stm32g4xx_hal_cortex.o(.text.__NVIC_GetPriorityGrouping)
    __NVIC_SetPriority                       0x08008b1d   Thumb Code    66  stm32g4xx_hal_cortex.o(.text.__NVIC_SetPriority)
    [Anonymous Symbol]                       0x08008b1c   Section        0  stm32g4xx_hal_cortex.o(.text.__NVIC_SetPriority)
    __NVIC_SetPriorityGrouping               0x08008b61   Thumb Code    60  stm32g4xx_hal_cortex.o(.text.__NVIC_SetPriorityGrouping)
    [Anonymous Symbol]                       0x08008b60   Section        0  stm32g4xx_hal_cortex.o(.text.__NVIC_SetPriorityGrouping)
    [Anonymous Symbol]                       0x08008b9c   Section        0  pid.o(.text.abs_limit)
    [Anonymous Symbol]                       0x08008c10   Section        0  icm42688_driver.o(.text.bsp_Icm42688GetAres)
    [Anonymous Symbol]                       0x08008c7c   Section        0  icm42688_driver.o(.text.bsp_Icm42688GetGres)
    [Anonymous Symbol]                       0x08008d40   Section        0  icm42688_driver.o(.text.bsp_IcmGetRawData)
    [Anonymous Symbol]                       0x08008ea0   Section        0  icm42688_driver.o(.text.bsp_IcmGetTemperature)
    [Anonymous Symbol]                       0x08008f40   Section        0  can_comm.o(.text.can_comm_init)
    [Anonymous Symbol]                       0x08008f6c   Section        0  can_comm.o(.text.can_std_transmit)
    [Anonymous Symbol]                       0x08008f90   Section        0  bsp_flash.o(.text.flash_read)
    [Anonymous Symbol]                       0x08008fc4   Section        0  bsp_flash.o(.text.imu_flash_read)
    invSqrt                                  0x0800902d   Thumb Code    90  quaternionekf.o(.text.invSqrt)
    [Anonymous Symbol]                       0x0800902c   Section        0  quaternionekf.o(.text.invSqrt)
    [Anonymous Symbol]                       0x08009088   Section        0  main.o(.text.main)
    [Anonymous Symbol]                       0x080091fc   Section        0  pid.o(.text.pid_calc)
    pid_param_init                           0x080094b1   Thumb Code    62  pid.o(.text.pid_param_init)
    [Anonymous Symbol]                       0x080094b0   Section        0  pid.o(.text.pid_param_init)
    pid_reset                                0x080094f1   Thumb Code    38  pid.o(.text.pid_reset)
    [Anonymous Symbol]                       0x080094f0   Section        0  pid.o(.text.pid_reset)
    i.__ARM_fpclassifyf                      0x08009516   Section        0  fpclassifyf.o(i.__ARM_fpclassifyf)
    i.__hardfp_acosf                         0x0800953c   Section        0  acosf.o(i.__hardfp_acosf)
    i.__hardfp_asinf                         0x08009654   Section        0  asinf.o(i.__hardfp_asinf)
    i.__hardfp_atan2f                        0x08009780   Section        0  atan2f.o(i.__hardfp_atan2f)
    i.__hardfp_floorf                        0x08009a2c   Section        0  floorf.o(i.__hardfp_floorf)
    i.__mathlib_flt_infnan                   0x08009a9c   Section        0  funder.o(i.__mathlib_flt_infnan)
    i.__mathlib_flt_infnan2                  0x08009aa2   Section        0  funder.o(i.__mathlib_flt_infnan2)
    i.__mathlib_flt_invalid                  0x08009aa8   Section        0  funder.o(i.__mathlib_flt_invalid)
    i.__mathlib_flt_underflow                0x08009ab8   Section        0  funder.o(i.__mathlib_flt_underflow)
    i.__scatterload_copy                     0x08009ac8   Section       14  handlers.o(i.__scatterload_copy)
    i.__scatterload_null                     0x08009ad6   Section        2  handlers.o(i.__scatterload_null)
    i.__scatterload_zeroinit                 0x08009ad8   Section       14  handlers.o(i.__scatterload_zeroinit)
    i.__set_errno                            0x08009ae8   Section        0  errno.o(i.__set_errno)
    i.malloc                                 0x08009af4   Section        0  malloc.o(i.malloc)
    i.sqrtf                                  0x08009b60   Section        0  sqrtf.o(i.sqrtf)
    DLCtoBytes                               0x08009bb6   Data          16  stm32g4xx_hal_fdcan.o(.rodata.DLCtoBytes)
    [Anonymous Symbol]                       0x08009bb6   Section        0  stm32g4xx_hal_fdcan.o(.rodata.DLCtoBytes)
    .data                                    0x20000000   Section        4  mvars.o(.data)
    .data                                    0x20000004   Section        4  mvars.o(.data)
    _errno                                   0x20000008   Data           4  errno.o(.data)
    .data                                    0x20000008   Section        4  errno.o(.data)
    CPU_FREQ_Hz                              0x200000b0   Data           4  bsp_dwt.o(.bss.CPU_FREQ_Hz)
    [Anonymous Symbol]                       0x200000b0   Section        0  bsp_dwt.o(.bss.CPU_FREQ_Hz)
    CPU_FREQ_Hz_ms                           0x200000b4   Data           4  bsp_dwt.o(.bss.CPU_FREQ_Hz_ms)
    [Anonymous Symbol]                       0x200000b4   Section        0  bsp_dwt.o(.bss.CPU_FREQ_Hz_ms)
    CPU_FREQ_Hz_us                           0x200000b8   Data           4  bsp_dwt.o(.bss.CPU_FREQ_Hz_us)
    [Anonymous Symbol]                       0x200000b8   Section        0  bsp_dwt.o(.bss.CPU_FREQ_Hz_us)
    CYCCNT_LAST                              0x200000bc   Data           4  bsp_dwt.o(.bss.CYCCNT_LAST)
    [Anonymous Symbol]                       0x200000bc   Section        0  bsp_dwt.o(.bss.CYCCNT_LAST)
    CYCCNT_RountCount                        0x200000c0   Data           4  bsp_dwt.o(.bss.CYCCNT_RountCount)
    [Anonymous Symbol]                       0x200000c0   Section        0  bsp_dwt.o(.bss.CYCCNT_RountCount)
    IMU_AHRS_Calcu_task.count                0x200000c4   Data           4  bsp_imu.o(.bss.IMU_AHRS_Calcu_task.count)
    [Anonymous Symbol]                       0x200000c4   Section        0  bsp_imu.o(.bss.IMU_AHRS_Calcu_task.count)
    IMU_AHRS_Calcu_task.temp                 0x200000c8   Data           2  bsp_imu.o(.bss.IMU_AHRS_Calcu_task.temp)
    [Anonymous Symbol]                       0x200000c8   Section        0  bsp_imu.o(.bss.IMU_AHRS_Calcu_task.temp)
    IMU_QuaternionEKF_F_Linearization_P_Fading.q0 0x2000012c   Data           4  quaternionekf.o(.bss.IMU_QuaternionEKF_F_Linearization_P_Fading.q0)
    [Anonymous Symbol]                       0x2000012c   Section        0  quaternionekf.o(.bss.IMU_QuaternionEKF_F_Linearization_P_Fading.q0)
    IMU_QuaternionEKF_F_Linearization_P_Fading.q1 0x20000130   Data           4  quaternionekf.o(.bss.IMU_QuaternionEKF_F_Linearization_P_Fading.q1)
    [Anonymous Symbol]                       0x20000130   Section        0  quaternionekf.o(.bss.IMU_QuaternionEKF_F_Linearization_P_Fading.q1)
    IMU_QuaternionEKF_F_Linearization_P_Fading.q2 0x20000134   Data           4  quaternionekf.o(.bss.IMU_QuaternionEKF_F_Linearization_P_Fading.q2)
    [Anonymous Symbol]                       0x20000134   Section        0  quaternionekf.o(.bss.IMU_QuaternionEKF_F_Linearization_P_Fading.q2)
    IMU_QuaternionEKF_F_Linearization_P_Fading.q3 0x20000138   Data           4  quaternionekf.o(.bss.IMU_QuaternionEKF_F_Linearization_P_Fading.q3)
    [Anonymous Symbol]                       0x20000138   Section        0  quaternionekf.o(.bss.IMU_QuaternionEKF_F_Linearization_P_Fading.q3)
    IMU_QuaternionEKF_F_Linearization_P_Fading.qInvNorm 0x2000013c   Data           4  quaternionekf.o(.bss.IMU_QuaternionEKF_F_Linearization_P_Fading.qInvNorm)
    [Anonymous Symbol]                       0x2000013c   Section        0  quaternionekf.o(.bss.IMU_QuaternionEKF_F_Linearization_P_Fading.qInvNorm)
    IMU_QuaternionEKF_SetH.doubleq0          0x200001d0   Data           4  quaternionekf.o(.bss.IMU_QuaternionEKF_SetH.doubleq0)
    [Anonymous Symbol]                       0x200001d0   Section        0  quaternionekf.o(.bss.IMU_QuaternionEKF_SetH.doubleq0)
    IMU_QuaternionEKF_SetH.doubleq1          0x200001d4   Data           4  quaternionekf.o(.bss.IMU_QuaternionEKF_SetH.doubleq1)
    [Anonymous Symbol]                       0x200001d4   Section        0  quaternionekf.o(.bss.IMU_QuaternionEKF_SetH.doubleq1)
    IMU_QuaternionEKF_SetH.doubleq2          0x200001d8   Data           4  quaternionekf.o(.bss.IMU_QuaternionEKF_SetH.doubleq2)
    [Anonymous Symbol]                       0x200001d8   Section        0  quaternionekf.o(.bss.IMU_QuaternionEKF_SetH.doubleq2)
    IMU_QuaternionEKF_SetH.doubleq3          0x200001dc   Data           4  quaternionekf.o(.bss.IMU_QuaternionEKF_SetH.doubleq3)
    [Anonymous Symbol]                       0x200001dc   Section        0  quaternionekf.o(.bss.IMU_QuaternionEKF_SetH.doubleq3)
    IMU_QuaternionEKF_Update.accelInvNorm    0x200001e0   Data           4  quaternionekf.o(.bss.IMU_QuaternionEKF_Update.accelInvNorm)
    [Anonymous Symbol]                       0x200001e0   Section        0  quaternionekf.o(.bss.IMU_QuaternionEKF_Update.accelInvNorm)
    IMU_QuaternionEKF_Update.halfgxdt        0x200001e4   Data           4  quaternionekf.o(.bss.IMU_QuaternionEKF_Update.halfgxdt)
    [Anonymous Symbol]                       0x200001e4   Section        0  quaternionekf.o(.bss.IMU_QuaternionEKF_Update.halfgxdt)
    IMU_QuaternionEKF_Update.halfgydt        0x200001e8   Data           4  quaternionekf.o(.bss.IMU_QuaternionEKF_Update.halfgydt)
    [Anonymous Symbol]                       0x200001e8   Section        0  quaternionekf.o(.bss.IMU_QuaternionEKF_Update.halfgydt)
    IMU_QuaternionEKF_Update.halfgzdt        0x200001ec   Data           4  quaternionekf.o(.bss.IMU_QuaternionEKF_Update.halfgzdt)
    [Anonymous Symbol]                       0x200001ec   Section        0  quaternionekf.o(.bss.IMU_QuaternionEKF_Update.halfgzdt)
    IMU_QuaternionEKF_xhatUpdate.q0          0x200001f0   Data           4  quaternionekf.o(.bss.IMU_QuaternionEKF_xhatUpdate.q0)
    [Anonymous Symbol]                       0x200001f0   Section        0  quaternionekf.o(.bss.IMU_QuaternionEKF_xhatUpdate.q0)
    IMU_QuaternionEKF_xhatUpdate.q1          0x200001f4   Data           4  quaternionekf.o(.bss.IMU_QuaternionEKF_xhatUpdate.q1)
    [Anonymous Symbol]                       0x200001f4   Section        0  quaternionekf.o(.bss.IMU_QuaternionEKF_xhatUpdate.q1)
    IMU_QuaternionEKF_xhatUpdate.q2          0x200001f8   Data           4  quaternionekf.o(.bss.IMU_QuaternionEKF_xhatUpdate.q2)
    [Anonymous Symbol]                       0x200001f8   Section        0  quaternionekf.o(.bss.IMU_QuaternionEKF_xhatUpdate.q2)
    IMU_QuaternionEKF_xhatUpdate.q3          0x200001fc   Data           4  quaternionekf.o(.bss.IMU_QuaternionEKF_xhatUpdate.q3)
    [Anonymous Symbol]                       0x200001fc   Section        0  quaternionekf.o(.bss.IMU_QuaternionEKF_xhatUpdate.q3)
    led_count                                0x20000734   Data           4  main.o(.bss.led_count)
    [Anonymous Symbol]                       0x20000734   Section        0  main.o(.bss.led_count)
    HEAP                                     0x200007e0   Section     4096  startup_stm32g431xx.o(HEAP)
    STACK                                    0x200017e0   Section     4096  startup_stm32g431xx.o(STACK)

    Global Symbols

    Symbol Name                              Value     Ov Type        Size  Object(Section)

    BuildAttributes$$THM_ISAv4$E$P$D$K$B$S$7EM$VFPi3$EXTD16$VFPS$VFMA$PE$A:L22UL41UL21$X:L11$S22US41US21$IEEE1$IW$~IW$USESV6$~STKCKD$USESV7$~SHL$OTIME$ROPI$IEEEX$EBA8$MICROLIB$REQ8$PRES8$EABIv2 0x00000000   Number         0  anon$$obj.o ABSOLUTE
    __cpp_initialize__aeabi_                  - Undefined Weak Reference
    __cxa_finalize                            - Undefined Weak Reference
    __decompress                              - Undefined Weak Reference
    _clock_init                               - Undefined Weak Reference
    _microlib_exit                            - Undefined Weak Reference
    __Vectors_Size                           0x000001d8   Number         0  startup_stm32g431xx.o ABSOLUTE
    __Vectors                                0x08000000   Data           4  startup_stm32g431xx.o(RESET)
    __Vectors_End                            0x080001d8   Data           0  startup_stm32g431xx.o(RESET)
    __main                                   0x080001d9   Thumb Code     0  entry.o(.ARM.Collect$$$$00000000)
    _main_stk                                0x080001d9   Thumb Code     0  entry2.o(.ARM.Collect$$$$00000001)
    _main_scatterload                        0x080001dd   Thumb Code     0  entry5.o(.ARM.Collect$$$$00000004)
    __main_after_scatterload                 0x080001e1   Thumb Code     0  entry5.o(.ARM.Collect$$$$00000004)
    _main_clock                              0x080001e1   Thumb Code     0  entry7b.o(.ARM.Collect$$$$00000008)
    _main_cpp_init                           0x080001e1   Thumb Code     0  entry8b.o(.ARM.Collect$$$$0000000A)
    _main_init                               0x080001e1   Thumb Code     0  entry9a.o(.ARM.Collect$$$$0000000B)
    __rt_final_cpp                           0x080001e9   Thumb Code     0  entry10a.o(.ARM.Collect$$$$0000000D)
    __rt_final_exit                          0x080001e9   Thumb Code     0  entry11a.o(.ARM.Collect$$$$0000000F)
    Reset_Handler                            0x080001ed   Thumb Code     8  startup_stm32g431xx.o(.text)
    ADC1_2_IRQHandler                        0x08000207   Thumb Code     0  startup_stm32g431xx.o(.text)
    COMP1_2_3_IRQHandler                     0x08000207   Thumb Code     0  startup_stm32g431xx.o(.text)
    COMP4_IRQHandler                         0x08000207   Thumb Code     0  startup_stm32g431xx.o(.text)
    CORDIC_IRQHandler                        0x08000207   Thumb Code     0  startup_stm32g431xx.o(.text)
    CRS_IRQHandler                           0x08000207   Thumb Code     0  startup_stm32g431xx.o(.text)
    DMA1_Channel3_IRQHandler                 0x08000207   Thumb Code     0  startup_stm32g431xx.o(.text)
    DMA1_Channel4_IRQHandler                 0x08000207   Thumb Code     0  startup_stm32g431xx.o(.text)
    DMA1_Channel5_IRQHandler                 0x08000207   Thumb Code     0  startup_stm32g431xx.o(.text)
    DMA1_Channel6_IRQHandler                 0x08000207   Thumb Code     0  startup_stm32g431xx.o(.text)
    DMA2_Channel1_IRQHandler                 0x08000207   Thumb Code     0  startup_stm32g431xx.o(.text)
    DMA2_Channel2_IRQHandler                 0x08000207   Thumb Code     0  startup_stm32g431xx.o(.text)
    DMA2_Channel3_IRQHandler                 0x08000207   Thumb Code     0  startup_stm32g431xx.o(.text)
    DMA2_Channel4_IRQHandler                 0x08000207   Thumb Code     0  startup_stm32g431xx.o(.text)
    DMA2_Channel5_IRQHandler                 0x08000207   Thumb Code     0  startup_stm32g431xx.o(.text)
    DMA2_Channel6_IRQHandler                 0x08000207   Thumb Code     0  startup_stm32g431xx.o(.text)
    DMAMUX_OVR_IRQHandler                    0x08000207   Thumb Code     0  startup_stm32g431xx.o(.text)
    EXTI0_IRQHandler                         0x08000207   Thumb Code     0  startup_stm32g431xx.o(.text)
    EXTI15_10_IRQHandler                     0x08000207   Thumb Code     0  startup_stm32g431xx.o(.text)
    EXTI1_IRQHandler                         0x08000207   Thumb Code     0  startup_stm32g431xx.o(.text)
    EXTI2_IRQHandler                         0x08000207   Thumb Code     0  startup_stm32g431xx.o(.text)
    EXTI3_IRQHandler                         0x08000207   Thumb Code     0  startup_stm32g431xx.o(.text)
    EXTI4_IRQHandler                         0x08000207   Thumb Code     0  startup_stm32g431xx.o(.text)
    EXTI9_5_IRQHandler                       0x08000207   Thumb Code     0  startup_stm32g431xx.o(.text)
    FDCAN1_IT0_IRQHandler                    0x08000207   Thumb Code     0  startup_stm32g431xx.o(.text)
    FDCAN1_IT1_IRQHandler                    0x08000207   Thumb Code     0  startup_stm32g431xx.o(.text)
    FLASH_IRQHandler                         0x08000207   Thumb Code     0  startup_stm32g431xx.o(.text)
    FMAC_IRQHandler                          0x08000207   Thumb Code     0  startup_stm32g431xx.o(.text)
    FPU_IRQHandler                           0x08000207   Thumb Code     0  startup_stm32g431xx.o(.text)
    I2C1_ER_IRQHandler                       0x08000207   Thumb Code     0  startup_stm32g431xx.o(.text)
    I2C1_EV_IRQHandler                       0x08000207   Thumb Code     0  startup_stm32g431xx.o(.text)
    I2C2_ER_IRQHandler                       0x08000207   Thumb Code     0  startup_stm32g431xx.o(.text)
    I2C2_EV_IRQHandler                       0x08000207   Thumb Code     0  startup_stm32g431xx.o(.text)
    I2C3_ER_IRQHandler                       0x08000207   Thumb Code     0  startup_stm32g431xx.o(.text)
    I2C3_EV_IRQHandler                       0x08000207   Thumb Code     0  startup_stm32g431xx.o(.text)
    LPTIM1_IRQHandler                        0x08000207   Thumb Code     0  startup_stm32g431xx.o(.text)
    LPUART1_IRQHandler                       0x08000207   Thumb Code     0  startup_stm32g431xx.o(.text)
    PVD_PVM_IRQHandler                       0x08000207   Thumb Code     0  startup_stm32g431xx.o(.text)
    RCC_IRQHandler                           0x08000207   Thumb Code     0  startup_stm32g431xx.o(.text)
    RNG_IRQHandler                           0x08000207   Thumb Code     0  startup_stm32g431xx.o(.text)
    RTC_Alarm_IRQHandler                     0x08000207   Thumb Code     0  startup_stm32g431xx.o(.text)
    RTC_TAMP_LSECSS_IRQHandler               0x08000207   Thumb Code     0  startup_stm32g431xx.o(.text)
    RTC_WKUP_IRQHandler                      0x08000207   Thumb Code     0  startup_stm32g431xx.o(.text)
    SAI1_IRQHandler                          0x08000207   Thumb Code     0  startup_stm32g431xx.o(.text)
    SPI1_IRQHandler                          0x08000207   Thumb Code     0  startup_stm32g431xx.o(.text)
    SPI2_IRQHandler                          0x08000207   Thumb Code     0  startup_stm32g431xx.o(.text)
    SPI3_IRQHandler                          0x08000207   Thumb Code     0  startup_stm32g431xx.o(.text)
    TIM1_BRK_TIM15_IRQHandler                0x08000207   Thumb Code     0  startup_stm32g431xx.o(.text)
    TIM1_CC_IRQHandler                       0x08000207   Thumb Code     0  startup_stm32g431xx.o(.text)
    TIM1_TRG_COM_TIM17_IRQHandler            0x08000207   Thumb Code     0  startup_stm32g431xx.o(.text)
    TIM1_UP_TIM16_IRQHandler                 0x08000207   Thumb Code     0  startup_stm32g431xx.o(.text)
    TIM4_IRQHandler                          0x08000207   Thumb Code     0  startup_stm32g431xx.o(.text)
    TIM6_DAC_IRQHandler                      0x08000207   Thumb Code     0  startup_stm32g431xx.o(.text)
    TIM7_IRQHandler                          0x08000207   Thumb Code     0  startup_stm32g431xx.o(.text)
    TIM8_BRK_IRQHandler                      0x08000207   Thumb Code     0  startup_stm32g431xx.o(.text)
    TIM8_CC_IRQHandler                       0x08000207   Thumb Code     0  startup_stm32g431xx.o(.text)
    TIM8_TRG_COM_IRQHandler                  0x08000207   Thumb Code     0  startup_stm32g431xx.o(.text)
    TIM8_UP_IRQHandler                       0x08000207   Thumb Code     0  startup_stm32g431xx.o(.text)
    UART4_IRQHandler                         0x08000207   Thumb Code     0  startup_stm32g431xx.o(.text)
    UCPD1_IRQHandler                         0x08000207   Thumb Code     0  startup_stm32g431xx.o(.text)
    USART1_IRQHandler                        0x08000207   Thumb Code     0  startup_stm32g431xx.o(.text)
    USART2_IRQHandler                        0x08000207   Thumb Code     0  startup_stm32g431xx.o(.text)
    USART3_IRQHandler                        0x08000207   Thumb Code     0  startup_stm32g431xx.o(.text)
    USBWakeUp_IRQHandler                     0x08000207   Thumb Code     0  startup_stm32g431xx.o(.text)
    USB_HP_IRQHandler                        0x08000207   Thumb Code     0  startup_stm32g431xx.o(.text)
    USB_LP_IRQHandler                        0x08000207   Thumb Code     0  startup_stm32g431xx.o(.text)
    WWDG_IRQHandler                          0x08000207   Thumb Code     0  startup_stm32g431xx.o(.text)
    arm_mat_add_f32                          0x08000211   Thumb Code   264  arm_mat_add_f32.o(.text)
    arm_mat_init_f32                         0x08000319   Thumb Code     8  arm_mat_init_f32.o(.text)
    arm_mat_inverse_f32                      0x08000321   Thumb Code  1328  arm_mat_inverse_f32.o(.text)
    arm_mat_mult_f32                         0x08000851   Thumb Code   312  arm_mat_mult_f32.o(.text)
    arm_mat_sub_f32                          0x0800098d   Thumb Code   264  arm_mat_sub_f32.o(.text)
    arm_mat_trans_f32                        0x08000a95   Thumb Code   276  arm_mat_trans_f32.o(.text)
    __aeabi_memcpy                           0x08000ba9   Thumb Code    36  memcpya.o(.text)
    __aeabi_memcpy4                          0x08000ba9   Thumb Code     0  memcpya.o(.text)
    __aeabi_memcpy8                          0x08000ba9   Thumb Code     0  memcpya.o(.text)
    __aeabi_memset                           0x08000bcd   Thumb Code    14  memseta.o(.text)
    __aeabi_memset4                          0x08000bcd   Thumb Code     0  memseta.o(.text)
    __aeabi_memset8                          0x08000bcd   Thumb Code     0  memseta.o(.text)
    __aeabi_memclr                           0x08000bdb   Thumb Code     4  memseta.o(.text)
    __aeabi_memclr4                          0x08000bdb   Thumb Code     0  memseta.o(.text)
    __aeabi_memclr8                          0x08000bdb   Thumb Code     0  memseta.o(.text)
    _memset$wrapper                          0x08000bdf   Thumb Code    18  memseta.o(.text)
    __aeabi_dadd                             0x08000bf1   Thumb Code   322  dadd.o(.text)
    __aeabi_dsub                             0x08000d33   Thumb Code     6  dadd.o(.text)
    __aeabi_drsub                            0x08000d39   Thumb Code     6  dadd.o(.text)
    __aeabi_ddiv                             0x08000d3f   Thumb Code   222  ddiv.o(.text)
    __aeabi_i2d                              0x08000e1d   Thumb Code    34  dflti.o(.text)
    __aeabi_d2iz                             0x08000e3f   Thumb Code    62  dfixi.o(.text)
    __aeabi_llsl                             0x08000e7d   Thumb Code    30  llshl.o(.text)
    _ll_shift_l                              0x08000e7d   Thumb Code     0  llshl.o(.text)
    __aeabi_llsr                             0x08000e9b   Thumb Code    32  llushr.o(.text)
    _ll_ushift_r                             0x08000e9b   Thumb Code     0  llushr.o(.text)
    __aeabi_lasr                             0x08000ebb   Thumb Code    36  llsshr.o(.text)
    _ll_sshift_r                             0x08000ebb   Thumb Code     0  llsshr.o(.text)
    __I$use$fp                               0x08000edf   Thumb Code     0  iusefp.o(.text)
    _double_round                            0x08000edf   Thumb Code    30  depilogue.o(.text)
    _double_epilogue                         0x08000efd   Thumb Code   156  depilogue.o(.text)
    __scatterload                            0x08000f99   Thumb Code    38  init.o(.text)
    __scatterload_rt2                        0x08000f99   Thumb Code     0  init.o(.text)
    BodyFrameToEarthFrame                    0x08000fc9   Thumb Code   322  bsp_imu.o(.text.BodyFrameToEarthFrame)
    BusFault_Handler                         0x08001151   Thumb Code     4  stm32g4xx_it.o(.text.BusFault_Handler)
    DMA1_Channel1_IRQHandler                 0x08001155   Thumb Code    16  stm32g4xx_it.o(.text.DMA1_Channel1_IRQHandler)
    DMA1_Channel2_IRQHandler                 0x08001165   Thumb Code    16  stm32g4xx_it.o(.text.DMA1_Channel2_IRQHandler)
    DWT_Delay                                0x080012d5   Thumb Code    88  bsp_dwt.o(.text.DWT_Delay)
    DWT_GetDeltaT                            0x0800132d   Thumb Code    76  bsp_dwt.o(.text.DWT_GetDeltaT)
    DWT_Init                                 0x08001379   Thumb Code   136  bsp_dwt.o(.text.DWT_Init)
    DebugMon_Handler                         0x08001401   Thumb Code     2  stm32g4xx_it.o(.text.DebugMon_Handler)
    EarthFrameToBodyFrame                    0x08001405   Thumb Code   322  bsp_imu.o(.text.EarthFrameToBodyFrame)
    Error_Handler                            0x08001549   Thumb Code    14  main.o(.text.Error_Handler)
    HAL_DMA_IRQHandler                       0x080016b1   Thumb Code   342  stm32g4xx_hal_dma.o(.text.HAL_DMA_IRQHandler)
    HAL_DMA_Init                             0x08001809   Thumb Code   342  stm32g4xx_hal_dma.o(.text.HAL_DMA_Init)
    HAL_DMA_Start_IT                         0x08001961   Thumb Code   252  stm32g4xx_hal_dma.o(.text.HAL_DMA_Start_IT)
    HAL_Delay                                0x08001a5d   Thumb Code    66  stm32g4xx_hal.o(.text.HAL_Delay)
    HAL_FDCAN_AddMessageToTxFifoQ            0x08001aa1   Thumb Code   154  stm32g4xx_hal_fdcan.o(.text.HAL_FDCAN_AddMessageToTxFifoQ)
    HAL_FDCAN_Init                           0x08001b3d   Thumb Code   716  stm32g4xx_hal_fdcan.o(.text.HAL_FDCAN_Init)
    HAL_FDCAN_MspInit                        0x08001e09   Thumb Code   168  fdcan.o(.text.HAL_FDCAN_MspInit)
    HAL_FDCAN_Start                          0x08001eb1   Thumb Code    74  stm32g4xx_hal_fdcan.o(.text.HAL_FDCAN_Start)
    HAL_FLASH_Unlock                         0x08001efd   Thumb Code    86  stm32g4xx_hal_flash.o(.text.HAL_FLASH_Unlock)
    HAL_GPIO_Init                            0x08001f55   Thumb Code   872  stm32g4xx_hal_gpio.o(.text.HAL_GPIO_Init)
    HAL_GPIO_TogglePin                       0x080022bd   Thumb Code    38  stm32g4xx_hal_gpio.o(.text.HAL_GPIO_TogglePin)
    HAL_GPIO_WritePin                        0x080022e5   Thumb Code    44  stm32g4xx_hal_gpio.o(.text.HAL_GPIO_WritePin)
    HAL_GetTick                              0x08002311   Thumb Code    12  stm32g4xx_hal.o(.text.HAL_GetTick)
    HAL_IncTick                              0x0800231d   Thumb Code    26  stm32g4xx_hal.o(.text.HAL_IncTick)
    HAL_Init                                 0x08002339   Thumb Code    48  stm32g4xx_hal.o(.text.HAL_Init)
    HAL_InitTick                             0x08002369   Thumb Code   208  stm32g4xx_hal_timebase_tim.o(.text.HAL_InitTick)
    HAL_MspInit                              0x08002439   Thumb Code    72  stm32g4xx_hal_msp.o(.text.HAL_MspInit)
    HAL_NVIC_EnableIRQ                       0x08002481   Thumb Code    20  stm32g4xx_hal_cortex.o(.text.HAL_NVIC_EnableIRQ)
    HAL_NVIC_SetPriority                     0x08002495   Thumb Code    46  stm32g4xx_hal_cortex.o(.text.HAL_NVIC_SetPriority)
    HAL_NVIC_SetPriorityGrouping             0x080024c5   Thumb Code    16  stm32g4xx_hal_cortex.o(.text.HAL_NVIC_SetPriorityGrouping)
    HAL_PWREx_ControlVoltageScaling          0x080024d5   Thumb Code   436  stm32g4xx_hal_pwr_ex.o(.text.HAL_PWREx_ControlVoltageScaling)
    HAL_PWREx_DisableUCPDDeadBattery         0x08002689   Thumb Code    18  stm32g4xx_hal_pwr_ex.o(.text.HAL_PWREx_DisableUCPDDeadBattery)
    HAL_RCCEx_PeriphCLKConfig                0x0800269d   Thumb Code  1114  stm32g4xx_hal_rcc_ex.o(.text.HAL_RCCEx_PeriphCLKConfig)
    HAL_RCC_ClockConfig                      0x08002af9   Thumb Code   806  stm32g4xx_hal_rcc.o(.text.HAL_RCC_ClockConfig)
    HAL_RCC_GetClockConfig                   0x08002e21   Thumb Code    84  stm32g4xx_hal_rcc.o(.text.HAL_RCC_GetClockConfig)
    HAL_RCC_GetHCLKFreq                      0x08002e75   Thumb Code    12  stm32g4xx_hal_rcc.o(.text.HAL_RCC_GetHCLKFreq)
    HAL_RCC_GetPCLK1Freq                     0x08002e81   Thumb Code    38  stm32g4xx_hal_rcc.o(.text.HAL_RCC_GetPCLK1Freq)
    HAL_RCC_GetSysClockFreq                  0x08002ea9   Thumb Code   252  stm32g4xx_hal_rcc.o(.text.HAL_RCC_GetSysClockFreq)
    HAL_RCC_OscConfig                        0x08002fa5   Thumb Code  1974  stm32g4xx_hal_rcc.o(.text.HAL_RCC_OscConfig)
    HAL_SPI_ErrorCallback                    0x0800375d   Thumb Code     8  stm32g4xx_hal_spi.o(.text.HAL_SPI_ErrorCallback)
    HAL_SPI_Init                             0x08003765   Thumb Code   336  stm32g4xx_hal_spi.o(.text.HAL_SPI_Init)
    HAL_SPI_MspInit                          0x080038b5   Thumb Code   292  spi.o(.text.HAL_SPI_MspInit)
    HAL_SPI_RxCpltCallback                   0x080039d9   Thumb Code     8  stm32g4xx_hal_spi.o(.text.HAL_SPI_RxCpltCallback)
    HAL_SPI_RxHalfCpltCallback               0x080039e1   Thumb Code     8  stm32g4xx_hal_spi.o(.text.HAL_SPI_RxHalfCpltCallback)
    HAL_SPI_TransmitReceive_DMA              0x080039e9   Thumb Code   768  stm32g4xx_hal_spi.o(.text.HAL_SPI_TransmitReceive_DMA)
    HAL_SPI_TxRxCpltCallback                 0x08003ce9   Thumb Code     8  stm32g4xx_hal_spi.o(.text.HAL_SPI_TxRxCpltCallback)
    HAL_SPI_TxRxHalfCpltCallback             0x08003cf1   Thumb Code     8  stm32g4xx_hal_spi.o(.text.HAL_SPI_TxRxHalfCpltCallback)
    HAL_TIMEx_Break2Callback                 0x08003cf9   Thumb Code     8  stm32g4xx_hal_tim_ex.o(.text.HAL_TIMEx_Break2Callback)
    HAL_TIMEx_BreakCallback                  0x08003d01   Thumb Code     8  stm32g4xx_hal_tim_ex.o(.text.HAL_TIMEx_BreakCallback)
    HAL_TIMEx_CommutCallback                 0x08003d09   Thumb Code     8  stm32g4xx_hal_tim_ex.o(.text.HAL_TIMEx_CommutCallback)
    HAL_TIMEx_ConfigBreakDeadTime            0x08003d11   Thumb Code   304  stm32g4xx_hal_tim_ex.o(.text.HAL_TIMEx_ConfigBreakDeadTime)
    HAL_TIMEx_DirectionChangeCallback        0x08003e41   Thumb Code     8  stm32g4xx_hal_tim_ex.o(.text.HAL_TIMEx_DirectionChangeCallback)
    HAL_TIMEx_EncoderIndexCallback           0x08003e49   Thumb Code     8  stm32g4xx_hal_tim_ex.o(.text.HAL_TIMEx_EncoderIndexCallback)
    HAL_TIMEx_IndexErrorCallback             0x08003e51   Thumb Code     8  stm32g4xx_hal_tim_ex.o(.text.HAL_TIMEx_IndexErrorCallback)
    HAL_TIMEx_MasterConfigSynchronization    0x08003e59   Thumb Code   318  stm32g4xx_hal_tim_ex.o(.text.HAL_TIMEx_MasterConfigSynchronization)
    HAL_TIMEx_TransitionErrorCallback        0x08003f99   Thumb Code     8  stm32g4xx_hal_tim_ex.o(.text.HAL_TIMEx_TransitionErrorCallback)
    HAL_TIM_Base_Init                        0x08003fa1   Thumb Code   168  stm32g4xx_hal_tim.o(.text.HAL_TIM_Base_Init)
    HAL_TIM_Base_MspInit                     0x08004049   Thumb Code    78  tim.o(.text.HAL_TIM_Base_MspInit)
    HAL_TIM_Base_Start_IT                    0x08004099   Thumb Code   226  stm32g4xx_hal_tim.o(.text.HAL_TIM_Base_Start_IT)
    HAL_TIM_ConfigClockSource                0x0800417d   Thumb Code   468  stm32g4xx_hal_tim.o(.text.HAL_TIM_ConfigClockSource)
    HAL_TIM_IC_CaptureCallback               0x08004351   Thumb Code     8  stm32g4xx_hal_tim.o(.text.HAL_TIM_IC_CaptureCallback)
    HAL_TIM_IRQHandler                       0x08004359   Thumb Code   768  stm32g4xx_hal_tim.o(.text.HAL_TIM_IRQHandler)
    HAL_TIM_MspPostInit                      0x08004659   Thumb Code   102  tim.o(.text.HAL_TIM_MspPostInit)
    HAL_TIM_OC_DelayElapsedCallback          0x080046c1   Thumb Code     8  stm32g4xx_hal_tim.o(.text.HAL_TIM_OC_DelayElapsedCallback)
    HAL_TIM_PWM_ConfigChannel                0x080046c9   Thumb Code   432  stm32g4xx_hal_tim.o(.text.HAL_TIM_PWM_ConfigChannel)
    HAL_TIM_PWM_Init                         0x08004879   Thumb Code   168  stm32g4xx_hal_tim.o(.text.HAL_TIM_PWM_Init)
    HAL_TIM_PWM_MspInit                      0x08004921   Thumb Code    58  tim.o(.text.HAL_TIM_PWM_MspInit)
    HAL_TIM_PWM_PulseFinishedCallback        0x0800495d   Thumb Code     8  stm32g4xx_hal_tim.o(.text.HAL_TIM_PWM_PulseFinishedCallback)
    HAL_TIM_PWM_Start                        0x08004965   Thumb Code   606  stm32g4xx_hal_tim.o(.text.HAL_TIM_PWM_Start)
    HAL_TIM_PeriodElapsedCallback            0x08004bc5   Thumb Code   116  main.o(.text.HAL_TIM_PeriodElapsedCallback)
    HAL_TIM_TriggerCallback                  0x08004c39   Thumb Code     8  stm32g4xx_hal_tim.o(.text.HAL_TIM_TriggerCallback)
    HardFault_Handler                        0x08004dd1   Thumb Code     4  stm32g4xx_it.o(.text.HardFault_Handler)
    ICM42688P_ConvertToPhysical              0x08004dd5   Thumb Code   188  icm42688_driver.o(.text.ICM42688P_ConvertToPhysical)
    ICM42688_init                            0x08004e99   Thumb Code  1414  icm42688_driver.o(.text.ICM42688_init)
    ICM42688_read_write_byte                 0x08005499   Thumb Code    38  icm42688_middleware.o(.text.ICM42688_read_write_byte)
    IMU_AHRS_Calcu_task                      0x080054e1   Thumb Code   824  bsp_imu.o(.text.IMU_AHRS_Calcu_task)
    IMU_QuaternionEKF_Init                   0x08005a95   Thumb Code   310  quaternionekf.o(.text.IMU_QuaternionEKF_Init)
    IMU_QuaternionEKF_Update                 0x08005d79   Thumb Code  1564  quaternionekf.o(.text.IMU_QuaternionEKF_Update)
    Kalman_Filter_Init                       0x08006a25   Thumb Code  1522  kalman_filter.o(.text.Kalman_Filter_Init)
    Kalman_Filter_Measure                    0x08007019   Thumb Code    98  kalman_filter.o(.text.Kalman_Filter_Measure)
    Kalman_Filter_P_Update                   0x0800707d   Thumb Code   128  kalman_filter.o(.text.Kalman_Filter_P_Update)
    Kalman_Filter_PminusUpdate               0x080070fd   Thumb Code   126  kalman_filter.o(.text.Kalman_Filter_PminusUpdate)
    Kalman_Filter_SetK                       0x0800717d   Thumb Code   250  kalman_filter.o(.text.Kalman_Filter_SetK)
    Kalman_Filter_Update                     0x08007279   Thumb Code   400  kalman_filter.o(.text.Kalman_Filter_Update)
    Kalman_Filter_xhatMinusUpdate            0x08007409   Thumb Code   162  kalman_filter.o(.text.Kalman_Filter_xhatMinusUpdate)
    Kalman_Filter_xhatUpdate                 0x080074ad   Thumb Code   172  kalman_filter.o(.text.Kalman_Filter_xhatUpdate)
    MX_DMA_Init                              0x08007559   Thumb Code   106  dma.o(.text.MX_DMA_Init)
    MX_FDCAN1_Init                           0x080075c5   Thumb Code    84  fdcan.o(.text.MX_FDCAN1_Init)
    MX_GPIO_Init                             0x08007619   Thumb Code   210  gpio.o(.text.MX_GPIO_Init)
    MX_SPI1_Init                             0x080076ed   Thumb Code    88  spi.o(.text.MX_SPI1_Init)
    MX_TIM1_Init                             0x08007745   Thumb Code   242  tim.o(.text.MX_TIM1_Init)
    MX_TIM3_Init                             0x08007839   Thumb Code   136  tim.o(.text.MX_TIM3_Init)
    MemManage_Handler                        0x080078c1   Thumb Code     4  stm32g4xx_it.o(.text.MemManage_Handler)
    NMI_Handler                              0x080078c5   Thumb Code     4  stm32g4xx_it.o(.text.NMI_Handler)
    PID_struct_init                          0x08007935   Thumb Code    78  pid.o(.text.PID_struct_init)
    PendSV_Handler                           0x08007985   Thumb Code     2  stm32g4xx_it.o(.text.PendSV_Handler)
    SVC_Handler                              0x08007f89   Thumb Code     2  stm32g4xx_it.o(.text.SVC_Handler)
    SysTick_Handler                          0x08007f8d   Thumb Code     2  stm32g4xx_it.o(.text.SysTick_Handler)
    SystemClock_Config                       0x08007f91   Thumb Code   116  main.o(.text.SystemClock_Config)
    SystemInit                               0x08008005   Thumb Code    18  system_stm32g4xx.o(.text.SystemInit)
    TIM2_IRQHandler                          0x08008019   Thumb Code    16  stm32g4xx_it.o(.text.TIM2_IRQHandler)
    TIM3_IRQHandler                          0x08008029   Thumb Code    16  stm32g4xx_it.o(.text.TIM3_IRQHandler)
    TIM_Base_SetConfig                       0x08008039   Thumb Code   406  stm32g4xx_hal_tim.o(.text.TIM_Base_SetConfig)
    TIM_CCxChannelCmd                        0x080081d1   Thumb Code    54  stm32g4xx_hal_tim.o(.text.TIM_CCxChannelCmd)
    TIM_ETR_SetConfig                        0x08008209   Thumb Code    52  stm32g4xx_hal_tim.o(.text.TIM_ETR_SetConfig)
    TIM_OC2_SetConfig                        0x080083c1   Thumb Code   368  stm32g4xx_hal_tim.o(.text.TIM_OC2_SetConfig)
    TIM_Set_PWM                              0x080089b9   Thumb Code   124  bsp_pwm.o(.text.TIM_Set_PWM)
    UsageFault_Handler                       0x08008ad9   Thumb Code     4  stm32g4xx_it.o(.text.UsageFault_Handler)
    abs_limit                                0x08008b9d   Thumb Code   116  pid.o(.text.abs_limit)
    bsp_Icm42688GetAres                      0x08008c11   Thumb Code   108  icm42688_driver.o(.text.bsp_Icm42688GetAres)
    bsp_Icm42688GetGres                      0x08008c7d   Thumb Code   196  icm42688_driver.o(.text.bsp_Icm42688GetGres)
    bsp_IcmGetRawData                        0x08008d41   Thumb Code   352  icm42688_driver.o(.text.bsp_IcmGetRawData)
    bsp_IcmGetTemperature                    0x08008ea1   Thumb Code   144  icm42688_driver.o(.text.bsp_IcmGetTemperature)
    can_comm_init                            0x08008f41   Thumb Code    44  can_comm.o(.text.can_comm_init)
    can_std_transmit                         0x08008f6d   Thumb Code    34  can_comm.o(.text.can_std_transmit)
    flash_read                               0x08008f91   Thumb Code    50  bsp_flash.o(.text.flash_read)
    imu_flash_read                           0x08008fc5   Thumb Code   104  bsp_flash.o(.text.imu_flash_read)
    main                                     0x08009089   Thumb Code   360  main.o(.text.main)
    pid_calc                                 0x080091fd   Thumb Code   688  pid.o(.text.pid_calc)
    __ARM_fpclassifyf                        0x08009517   Thumb Code    38  fpclassifyf.o(i.__ARM_fpclassifyf)
    __hardfp_acosf                           0x0800953d   Thumb Code   234  acosf.o(i.__hardfp_acosf)
    __hardfp_asinf                           0x08009655   Thumb Code   258  asinf.o(i.__hardfp_asinf)
    __hardfp_atan2f                          0x08009781   Thumb Code   594  atan2f.o(i.__hardfp_atan2f)
    __hardfp_floorf                          0x08009a2d   Thumb Code    98  floorf.o(i.__hardfp_floorf)
    __mathlib_flt_infnan                     0x08009a9d   Thumb Code     6  funder.o(i.__mathlib_flt_infnan)
    __mathlib_flt_infnan2                    0x08009aa3   Thumb Code     6  funder.o(i.__mathlib_flt_infnan2)
    __mathlib_flt_invalid                    0x08009aa9   Thumb Code    10  funder.o(i.__mathlib_flt_invalid)
    __mathlib_flt_underflow                  0x08009ab9   Thumb Code    10  funder.o(i.__mathlib_flt_underflow)
    __scatterload_copy                       0x08009ac9   Thumb Code    14  handlers.o(i.__scatterload_copy)
    __scatterload_null                       0x08009ad7   Thumb Code     2  handlers.o(i.__scatterload_null)
    __scatterload_zeroinit                   0x08009ad9   Thumb Code    14  handlers.o(i.__scatterload_zeroinit)
    __set_errno                              0x08009ae9   Thumb Code     6  errno.o(i.__set_errno)
    malloc                                   0x08009af5   Thumb Code    92  malloc.o(i.malloc)
    sqrtf                                    0x08009b61   Thumb Code    62  sqrtf.o(i.sqrtf)
    AHBPrescTable                            0x08009b9e   Data          16  system_stm32g4xx.o(.rodata.AHBPrescTable)
    APBPrescTable                            0x08009bae   Data           8  system_stm32g4xx.o(.rodata.APBPrescTable)
    IMU_QuaternionEKF_F                      0x08009bc8   Data         144  quaternionekf.o(.rodata.IMU_QuaternionEKF_F)
    xb                                       0x08009c58   Data          12  bsp_imu.o(.rodata.xb)
    yb                                       0x08009c64   Data          12  bsp_imu.o(.rodata.yb)
    zb                                       0x08009c70   Data          12  bsp_imu.o(.rodata.zb)
    Region$$Table$$Base                      0x08009c7c   Number         0  anon$$obj.o(Region$$Table)
    Region$$Table$$Limit                     0x08009c9c   Number         0  anon$$obj.o(Region$$Table)
    __microlib_freelist                      0x20000000   Data           4  mvars.o(.data)
    __microlib_freelist_initialised          0x20000004   Data           4  mvars.o(.data)
    IMU_QuaternionEKF_P                      0x2000000c   Data         144  quaternionekf.o(.data.IMU_QuaternionEKF_P)
    SystemCoreClock                          0x2000009c   Data           4  system_stm32g4xx.o(.data.SystemCoreClock)
    icm088_AccelScale                        0x200000a0   Data           4  bsp_imu.o(.data.icm088_AccelScale)
    uwTickFreq                               0x200000a4   Data           4  stm32g4xx_hal.o(.data.uwTickFreq)
    uwTickPrio                               0x200000a8   Data           4  stm32g4xx_hal.o(.data.uwTickPrio)
    IMU_Data                                 0x200000cc   Data          96  icm42688_driver.o(.bss.IMU_Data)
    IMU_QuaternionEKF_H                      0x20000140   Data          72  quaternionekf.o(.bss.IMU_QuaternionEKF_H)
    IMU_QuaternionEKF_K                      0x20000188   Data          72  quaternionekf.o(.bss.IMU_QuaternionEKF_K)
    INS                                      0x20000200   Data         128  bsp_imu.o(.bss.INS)
    INS_DWT_Count                            0x20000280   Data           4  bsp_imu.o(.bss.INS_DWT_Count)
    My_Flash                                 0x20000284   Data          16  bsp_flash.o(.bss.My_Flash)
    QEKF_INS                                 0x20000298   Data         480  quaternionekf.o(.bss.QEKF_INS)
    accSensitivity                           0x20000478   Data           4  icm42688_driver.o(.bss.accSensitivity)
    accel_scale                              0x2000047c   Data           4  icm42688_driver.o(.bss.accel_scale)
    bias_gyro_mode                           0x20000480   Data           1  bsp_imu.o(.bss.bias_gyro_mode)
    califlag                                 0x20000481   Data           1  bsp_imu.o(.bss.califlag)
    dt                                       0x20000484   Data           4  bsp_imu.o(.bss.dt)
    dt_can                                   0x20000488   Data           4  main.o(.bss.dt_can)
    dwt_count                                0x2000048c   Data           4  main.o(.bss.dwt_count)
    gyroSensitivity                          0x20000490   Data           4  icm42688_driver.o(.bss.gyroSensitivity)
    gyro_scale                               0x20000494   Data           4  icm42688_driver.o(.bss.gyro_scale)
    hdma_spi1_rx                             0x20000498   Data          96  spi.o(.bss.hdma_spi1_rx)
    hdma_spi1_tx                             0x200004f8   Data          96  spi.o(.bss.hdma_spi1_tx)
    hfdcan1                                  0x20000558   Data         100  fdcan.o(.bss.hfdcan1)
    hspi1                                    0x200005bc   Data         100  spi.o(.bss.hspi1)
    htim1                                    0x20000620   Data          76  tim.o(.bss.htim1)
    htim2                                    0x2000066c   Data          76  stm32g4xx_hal_timebase_tim.o(.bss.htim2)
    htim3                                    0x200006b8   Data          76  tim.o(.bss.htim3)
    imu_init                                 0x20000704   Data           1  bsp_imu.o(.bss.imu_init)
    imu_msg_send                             0x20000708   Data          40  can_comm.o(.bss.imu_msg_send)
    init_flag                                0x20000730   Data           1  icm42688_driver.o(.bss.init_flag)
    pid_temperature                          0x20000738   Data         112  pid.o(.bss.pid_temperature)
    reg_val                                  0x200007a8   Data           1  icm42688_driver.o(.bss.reg_val)
    sizeof_double                            0x200007aa   Data           2  kalman_filter.o(.bss.sizeof_double)
    sizeof_float                             0x200007ac   Data           2  kalman_filter.o(.bss.sizeof_float)
    t                                        0x200007b0   Data           4  bsp_imu.o(.bss.t)
    tx_message                               0x200007b4   Data          36  can_comm.o(.bss.tx_message)
    uwTick                                   0x200007d8   Data           4  stm32g4xx_hal.o(.bss.uwTick)
    __heap_base                              0x200007e0   Data           0  startup_stm32g431xx.o(HEAP)
    __heap_limit                             0x200017e0   Data           0  startup_stm32g431xx.o(HEAP)
    __initial_sp                             0x200027e0   Data           0  startup_stm32g431xx.o(STACK)



==============================================================================

Memory Map of the image

  Image Entry point : 0x080001d9

  Load Region LR_IROM1 (Base: 0x08000000, Size: 0x00009d50, Max: 0x0001c000, ABSOLUTE)

    Execution Region ER_IROM1 (Exec base: 0x08000000, Load base: 0x08000000, Size: 0x00009c9c, Max: 0x0001c000, ABSOLUTE)

    Exec Addr    Load Addr    Size         Type   Attr      Idx    E Section Name        Object

    0x08000000   0x08000000   0x000001d8   Data   RO            3    RESET               startup_stm32g431xx.o
    0x080001d8   0x080001d8   0x00000000   Code   RO         1978  * .ARM.Collect$$$$00000000  mc_w.l(entry.o)
    0x080001d8   0x080001d8   0x00000004   Code   RO         2084    .ARM.Collect$$$$00000001  mc_w.l(entry2.o)
    0x080001dc   0x080001dc   0x00000004   Code   RO         2087    .ARM.Collect$$$$00000004  mc_w.l(entry5.o)
    0x080001e0   0x080001e0   0x00000000   Code   RO         2089    .ARM.Collect$$$$00000008  mc_w.l(entry7b.o)
    0x080001e0   0x080001e0   0x00000000   Code   RO         2091    .ARM.Collect$$$$0000000A  mc_w.l(entry8b.o)
    0x080001e0   0x080001e0   0x00000008   Code   RO         2092    .ARM.Collect$$$$0000000B  mc_w.l(entry9a.o)
    0x080001e8   0x080001e8   0x00000000   Code   RO         2094    .ARM.Collect$$$$0000000D  mc_w.l(entry10a.o)
    0x080001e8   0x080001e8   0x00000000   Code   RO         2096    .ARM.Collect$$$$0000000F  mc_w.l(entry11a.o)
    0x080001e8   0x080001e8   0x00000004   Code   RO         2085    .ARM.Collect$$$$00002712  mc_w.l(entry2.o)
    0x080001ec   0x080001ec   0x00000024   Code   RO            4    .text               startup_stm32g431xx.o
    0x08000210   0x08000210   0x00000108   Code   RO         1729    .text               arm_cortexM4lf_math.lib(arm_mat_add_f32.o)
    0x08000318   0x08000318   0x00000008   Code   RO         1776    .text               arm_cortexM4lf_math.lib(arm_mat_init_f32.o)
    0x08000320   0x08000320   0x00000530   Code   RO         1800    .text               arm_cortexM4lf_math.lib(arm_mat_inverse_f32.o)
    0x08000850   0x08000850   0x0000013c   Code   RO         1824    .text               arm_cortexM4lf_math.lib(arm_mat_mult_f32.o)
    0x0800098c   0x0800098c   0x00000108   Code   RO         1872    .text               arm_cortexM4lf_math.lib(arm_mat_sub_f32.o)
    0x08000a94   0x08000a94   0x00000114   Code   RO         1896    .text               arm_cortexM4lf_math.lib(arm_mat_trans_f32.o)
    0x08000ba8   0x08000ba8   0x00000024   Code   RO         1983    .text               mc_w.l(memcpya.o)
    0x08000bcc   0x08000bcc   0x00000024   Code   RO         1985    .text               mc_w.l(memseta.o)
    0x08000bf0   0x08000bf0   0x0000014e   Code   RO         2017    .text               mf_w.l(dadd.o)
    0x08000d3e   0x08000d3e   0x000000de   Code   RO         2021    .text               mf_w.l(ddiv.o)
    0x08000e1c   0x08000e1c   0x00000022   Code   RO         2027    .text               mf_w.l(dflti.o)
    0x08000e3e   0x08000e3e   0x0000003e   Code   RO         2031    .text               mf_w.l(dfixi.o)
    0x08000e7c   0x08000e7c   0x0000001e   Code   RO         2098    .text               mc_w.l(llshl.o)
    0x08000e9a   0x08000e9a   0x00000020   Code   RO         2100    .text               mc_w.l(llushr.o)
    0x08000eba   0x08000eba   0x00000024   Code   RO         2102    .text               mc_w.l(llsshr.o)
    0x08000ede   0x08000ede   0x00000000   Code   RO         2113    .text               mc_w.l(iusefp.o)
    0x08000ede   0x08000ede   0x000000ba   Code   RO         2116    .text               mf_w.l(depilogue.o)
    0x08000f98   0x08000f98   0x00000030   Code   RO         2130    .text               mc_w.l(init.o)
    0x08000fc8   0x08000fc8   0x00000142   Code   RO         1468    .text.BodyFrameToEarthFrame  bsp_imu.o
    0x0800110a   0x0800110a   0x00000002   PAD
    0x0800110c   0x0800110c   0x00000044   Code   RO         1642    .text.BranchlessNormalizeYaw  quaternionekf.o
    0x08001150   0x08001150   0x00000004   Code   RO          106    .text.BusFault_Handler  stm32g4xx_it.o
    0x08001154   0x08001154   0x00000010   Code   RO          118    .text.DMA1_Channel1_IRQHandler  stm32g4xx_it.o
    0x08001164   0x08001164   0x00000010   Code   RO          120    .text.DMA1_Channel2_IRQHandler  stm32g4xx_it.o
    0x08001174   0x08001174   0x00000074   Code   RO          605    .text.DMA_CalcDMAMUXChannelBaseAndMask  stm32g4xx_hal_dma.o
    0x080011e8   0x080011e8   0x0000003c   Code   RO          607    .text.DMA_CalcDMAMUXRequestGenBaseAndMask  stm32g4xx_hal_dma.o
    0x08001224   0x08001224   0x0000006e   Code   RO          613    .text.DMA_SetConfig  stm32g4xx_hal_dma.o
    0x08001292   0x08001292   0x00000002   PAD
    0x08001294   0x08001294   0x00000040   Code   RO         1435    .text.DWT_CNT_Update  bsp_dwt.o
    0x080012d4   0x080012d4   0x00000058   Code   RO         1447    .text.DWT_Delay     bsp_dwt.o
    0x0800132c   0x0800132c   0x0000004c   Code   RO         1433    .text.DWT_GetDeltaT  bsp_dwt.o
    0x08001378   0x08001378   0x00000088   Code   RO         1431    .text.DWT_Init      bsp_dwt.o
    0x08001400   0x08001400   0x00000002   Code   RO          112    .text.DebugMon_Handler  stm32g4xx_it.o
    0x08001402   0x08001402   0x00000002   PAD
    0x08001404   0x08001404   0x00000142   Code   RO         1470    .text.EarthFrameToBodyFrame  bsp_imu.o
    0x08001546   0x08001546   0x00000002   PAD
    0x08001548   0x08001548   0x0000000e   Code   RO           15    .text.Error_Handler  main.o
    0x08001556   0x08001556   0x00000002   PAD
    0x08001558   0x08001558   0x0000009e   Code   RO          159    .text.FDCAN_CalcultateRamBlockAddresses  stm32g4xx_hal_fdcan.o
    0x080015f6   0x080015f6   0x00000002   PAD
    0x080015f8   0x080015f8   0x000000b6   Code   RO          219    .text.FDCAN_CopyMessageToRAM  stm32g4xx_hal_fdcan.o
    0x080016ae   0x080016ae   0x00000002   PAD
    0x080016b0   0x080016b0   0x00000156   Code   RO          623    .text.HAL_DMA_IRQHandler  stm32g4xx_hal_dma.o
    0x08001806   0x08001806   0x00000002   PAD
    0x08001808   0x08001808   0x00000156   Code   RO          603    .text.HAL_DMA_Init  stm32g4xx_hal_dma.o
    0x0800195e   0x0800195e   0x00000002   PAD
    0x08001960   0x08001960   0x000000fc   Code   RO          615    .text.HAL_DMA_Start_IT  stm32g4xx_hal_dma.o
    0x08001a5c   0x08001a5c   0x00000042   Code   RO          307    .text.HAL_Delay     stm32g4xx_hal.o
    0x08001a9e   0x08001a9e   0x00000002   PAD
    0x08001aa0   0x08001aa0   0x0000009a   Code   RO          217    .text.HAL_FDCAN_AddMessageToTxFifoQ  stm32g4xx_hal_fdcan.o
    0x08001b3a   0x08001b3a   0x00000002   PAD
    0x08001b3c   0x08001b3c   0x000002cc   Code   RO          155    .text.HAL_FDCAN_Init  stm32g4xx_hal_fdcan.o
    0x08001e08   0x08001e08   0x000000a8   Code   RO           49    .text.HAL_FDCAN_MspInit  fdcan.o
    0x08001eb0   0x08001eb0   0x0000004a   Code   RO          215    .text.HAL_FDCAN_Start  stm32g4xx_hal_fdcan.o
    0x08001efa   0x08001efa   0x00000002   PAD
    0x08001efc   0x08001efc   0x00000056   Code   RO          473    .text.HAL_FLASH_Unlock  stm32g4xx_hal_flash.o
    0x08001f52   0x08001f52   0x00000002   PAD
    0x08001f54   0x08001f54   0x00000368   Code   RO          555    .text.HAL_GPIO_Init  stm32g4xx_hal_gpio.o
    0x080022bc   0x080022bc   0x00000026   Code   RO          563    .text.HAL_GPIO_TogglePin  stm32g4xx_hal_gpio.o
    0x080022e2   0x080022e2   0x00000002   PAD
    0x080022e4   0x080022e4   0x0000002c   Code   RO          561    .text.HAL_GPIO_WritePin  stm32g4xx_hal_gpio.o
    0x08002310   0x08002310   0x0000000c   Code   RO          299    .text.HAL_GetTick   stm32g4xx_hal.o
    0x0800231c   0x0800231c   0x0000001a   Code   RO          297    .text.HAL_IncTick   stm32g4xx_hal.o
    0x08002336   0x08002336   0x00000002   PAD
    0x08002338   0x08002338   0x00000030   Code   RO          287    .text.HAL_Init      stm32g4xx_hal.o
    0x08002368   0x08002368   0x000000d0   Code   RO          141    .text.HAL_InitTick  stm32g4xx_hal_timebase_tim.o
    0x08002438   0x08002438   0x00000048   Code   RO          133    .text.HAL_MspInit   stm32g4xx_hal_msp.o
    0x08002480   0x08002480   0x00000014   Code   RO          789    .text.HAL_NVIC_EnableIRQ  stm32g4xx_hal_cortex.o
    0x08002494   0x08002494   0x0000002e   Code   RO          781    .text.HAL_NVIC_SetPriority  stm32g4xx_hal_cortex.o
    0x080024c2   0x080024c2   0x00000002   PAD
    0x080024c4   0x080024c4   0x00000010   Code   RO          777    .text.HAL_NVIC_SetPriorityGrouping  stm32g4xx_hal_cortex.o
    0x080024d4   0x080024d4   0x000001b4   Code   RO          698    .text.HAL_PWREx_ControlVoltageScaling  stm32g4xx_hal_pwr_ex.o
    0x08002688   0x08002688   0x00000012   Code   RO          768    .text.HAL_PWREx_DisableUCPDDeadBattery  stm32g4xx_hal_pwr_ex.o
    0x0800269a   0x0800269a   0x00000002   PAD
    0x0800269c   0x0800269c   0x0000045a   Code   RO          412    .text.HAL_RCCEx_PeriphCLKConfig  stm32g4xx_hal_rcc_ex.o
    0x08002af6   0x08002af6   0x00000002   PAD
    0x08002af8   0x08002af8   0x00000326   Code   RO          377    .text.HAL_RCC_ClockConfig  stm32g4xx_hal_rcc.o
    0x08002e1e   0x08002e1e   0x00000002   PAD
    0x08002e20   0x08002e20   0x00000054   Code   RO          393    .text.HAL_RCC_GetClockConfig  stm32g4xx_hal_rcc.o
    0x08002e74   0x08002e74   0x0000000c   Code   RO          385    .text.HAL_RCC_GetHCLKFreq  stm32g4xx_hal_rcc.o
    0x08002e80   0x08002e80   0x00000026   Code   RO          387    .text.HAL_RCC_GetPCLK1Freq  stm32g4xx_hal_rcc.o
    0x08002ea6   0x08002ea6   0x00000002   PAD
    0x08002ea8   0x08002ea8   0x000000fc   Code   RO          381    .text.HAL_RCC_GetSysClockFreq  stm32g4xx_hal_rcc.o
    0x08002fa4   0x08002fa4   0x000007b6   Code   RO          375    .text.HAL_RCC_OscConfig  stm32g4xx_hal_rcc.o
    0x0800375a   0x0800375a   0x00000002   PAD
    0x0800375c   0x0800375c   0x00000008   Code   RO          940    .text.HAL_SPI_ErrorCallback  stm32g4xx_hal_spi.o
    0x08003764   0x08003764   0x00000150   Code   RO          852    .text.HAL_SPI_Init  stm32g4xx_hal_spi.o
    0x080038b4   0x080038b4   0x00000124   Code   RO           63    .text.HAL_SPI_MspInit  spi.o
    0x080039d8   0x080039d8   0x00000008   Code   RO          944    .text.HAL_SPI_RxCpltCallback  stm32g4xx_hal_spi.o
    0x080039e0   0x080039e0   0x00000008   Code   RO          950    .text.HAL_SPI_RxHalfCpltCallback  stm32g4xx_hal_spi.o
    0x080039e8   0x080039e8   0x00000300   Code   RO          902    .text.HAL_SPI_TransmitReceive_DMA  stm32g4xx_hal_spi.o
    0x08003ce8   0x08003ce8   0x00000008   Code   RO          946    .text.HAL_SPI_TxRxCpltCallback  stm32g4xx_hal_spi.o
    0x08003cf0   0x08003cf0   0x00000008   Code   RO          952    .text.HAL_SPI_TxRxHalfCpltCallback  stm32g4xx_hal_spi.o
    0x08003cf8   0x08003cf8   0x00000008   Code   RO         1352    .text.HAL_TIMEx_Break2Callback  stm32g4xx_hal_tim_ex.o
    0x08003d00   0x08003d00   0x00000008   Code   RO         1350    .text.HAL_TIMEx_BreakCallback  stm32g4xx_hal_tim_ex.o
    0x08003d08   0x08003d08   0x00000008   Code   RO         1346    .text.HAL_TIMEx_CommutCallback  stm32g4xx_hal_tim_ex.o
    0x08003d10   0x08003d10   0x00000130   Code   RO         1298    .text.HAL_TIMEx_ConfigBreakDeadTime  stm32g4xx_hal_tim_ex.o
    0x08003e40   0x08003e40   0x00000008   Code   RO         1356    .text.HAL_TIMEx_DirectionChangeCallback  stm32g4xx_hal_tim_ex.o
    0x08003e48   0x08003e48   0x00000008   Code   RO         1354    .text.HAL_TIMEx_EncoderIndexCallback  stm32g4xx_hal_tim_ex.o
    0x08003e50   0x08003e50   0x00000008   Code   RO         1358    .text.HAL_TIMEx_IndexErrorCallback  stm32g4xx_hal_tim_ex.o
    0x08003e58   0x08003e58   0x0000013e   Code   RO         1296    .text.HAL_TIMEx_MasterConfigSynchronization  stm32g4xx_hal_tim_ex.o
    0x08003f96   0x08003f96   0x00000002   PAD
    0x08003f98   0x08003f98   0x00000008   Code   RO         1360    .text.HAL_TIMEx_TransitionErrorCallback  stm32g4xx_hal_tim_ex.o
    0x08003fa0   0x08003fa0   0x000000a8   Code   RO          979    .text.HAL_TIM_Base_Init  stm32g4xx_hal_tim.o
    0x08004048   0x08004048   0x0000004e   Code   RO           85    .text.HAL_TIM_Base_MspInit  tim.o
    0x08004096   0x08004096   0x00000002   PAD
    0x08004098   0x08004098   0x000000e2   Code   RO          993    .text.HAL_TIM_Base_Start_IT  stm32g4xx_hal_tim.o
    0x0800417a   0x0800417a   0x00000002   PAD
    0x0800417c   0x0800417c   0x000001d4   Code   RO         1175    .text.HAL_TIM_ConfigClockSource  stm32g4xx_hal_tim.o
    0x08004350   0x08004350   0x00000008   Code   RO         1115    .text.HAL_TIM_IC_CaptureCallback  stm32g4xx_hal_tim.o
    0x08004358   0x08004358   0x00000300   Code   RO         1113    .text.HAL_TIM_IRQHandler  stm32g4xx_hal_tim.o
    0x08004658   0x08004658   0x00000066   Code   RO           79    .text.HAL_TIM_MspPostInit  tim.o
    0x080046be   0x080046be   0x00000002   PAD
    0x080046c0   0x080046c0   0x00000008   Code   RO         1117    .text.HAL_TIM_OC_DelayElapsedCallback  stm32g4xx_hal_tim.o
    0x080046c8   0x080046c8   0x000001b0   Code   RO         1149    .text.HAL_TIM_PWM_ConfigChannel  stm32g4xx_hal_tim.o
    0x08004878   0x08004878   0x000000a8   Code   RO         1033    .text.HAL_TIM_PWM_Init  stm32g4xx_hal_tim.o
    0x08004920   0x08004920   0x0000003a   Code   RO           83    .text.HAL_TIM_PWM_MspInit  tim.o
    0x0800495a   0x0800495a   0x00000002   PAD
    0x0800495c   0x0800495c   0x00000008   Code   RO         1119    .text.HAL_TIM_PWM_PulseFinishedCallback  stm32g4xx_hal_tim.o
    0x08004964   0x08004964   0x0000025e   Code   RO         1041    .text.HAL_TIM_PWM_Start  stm32g4xx_hal_tim.o
    0x08004bc2   0x08004bc2   0x00000002   PAD
    0x08004bc4   0x08004bc4   0x00000074   Code   RO           17    .text.HAL_TIM_PeriodElapsedCallback  main.o
    0x08004c38   0x08004c38   0x00000008   Code   RO         1123    .text.HAL_TIM_TriggerCallback  stm32g4xx_hal_tim.o
    0x08004c40   0x08004c40   0x0000018e   Code   RO         1569    .text.H_K_R_Adjustment  kalman_filter.o
    0x08004dce   0x08004dce   0x00000002   PAD
    0x08004dd0   0x08004dd0   0x00000004   Code   RO          102    .text.HardFault_Handler  stm32g4xx_it.o
    0x08004dd4   0x08004dd4   0x000000c4   Code   RO         1401    .text.ICM42688P_ConvertToPhysical  icm42688_driver.o
    0x08004e98   0x08004e98   0x00000586   Code   RO         1387    .text.ICM42688_init  icm42688_driver.o
    0x0800541e   0x0800541e   0x00000002   PAD
    0x08005420   0x08005420   0x0000004c   Code   RO         1391    .text.ICM42688_read_muli_reg  icm42688_driver.o
    0x0800546c   0x0800546c   0x0000002c   Code   RO         1389    .text.ICM42688_read_single_reg  icm42688_driver.o
    0x08005498   0x08005498   0x00000026   Code   RO         1422    .text.ICM42688_read_write_byte  icm42688_middleware.o
    0x080054be   0x080054be   0x00000002   PAD
    0x080054c0   0x080054c0   0x00000020   Code   RO         1393    .text.ICM42688_write_single_reg  icm42688_driver.o
    0x080054e0   0x080054e0   0x00000348   Code   RO         1466    .text.IMU_AHRS_Calcu_task  bsp_imu.o
    0x08005828   0x08005828   0x0000026c   Code   RO         1632    .text.IMU_QuaternionEKF_F_Linearization_P_Fading  quaternionekf.o
    0x08005a94   0x08005a94   0x00000136   Code   RO         1628    .text.IMU_QuaternionEKF_Init  quaternionekf.o
    0x08005bca   0x08005bca   0x00000002   PAD
    0x08005bcc   0x08005bcc   0x00000048   Code   RO         1630    .text.IMU_QuaternionEKF_Observe  quaternionekf.o
    0x08005c14   0x08005c14   0x00000162   Code   RO         1634    .text.IMU_QuaternionEKF_SetH  quaternionekf.o
    0x08005d76   0x08005d76   0x00000002   PAD
    0x08005d78   0x08005d78   0x00000638   Code   RO         1638    .text.IMU_QuaternionEKF_Update  quaternionekf.o
    0x080063b0   0x080063b0   0x00000674   Code   RO         1636    .text.IMU_QuaternionEKF_xhatUpdate  quaternionekf.o
    0x08006a24   0x08006a24   0x000005f2   Code   RO         1565    .text.Kalman_Filter_Init  kalman_filter.o
    0x08007016   0x08007016   0x00000002   PAD
    0x08007018   0x08007018   0x00000062   Code   RO         1567    .text.Kalman_Filter_Measure  kalman_filter.o
    0x0800707a   0x0800707a   0x00000002   PAD
    0x0800707c   0x0800707c   0x00000080   Code   RO         1579    .text.Kalman_Filter_P_Update  kalman_filter.o
    0x080070fc   0x080070fc   0x0000007e   Code   RO         1573    .text.Kalman_Filter_PminusUpdate  kalman_filter.o
    0x0800717a   0x0800717a   0x00000002   PAD
    0x0800717c   0x0800717c   0x000000fa   Code   RO         1575    .text.Kalman_Filter_SetK  kalman_filter.o
    0x08007276   0x08007276   0x00000002   PAD
    0x08007278   0x08007278   0x00000190   Code   RO         1581    .text.Kalman_Filter_Update  kalman_filter.o
    0x08007408   0x08007408   0x000000a2   Code   RO         1571    .text.Kalman_Filter_xhatMinusUpdate  kalman_filter.o
    0x080074aa   0x080074aa   0x00000002   PAD
    0x080074ac   0x080074ac   0x000000ac   Code   RO         1577    .text.Kalman_Filter_xhatUpdate  kalman_filter.o
    0x08007558   0x08007558   0x0000006a   Code   RO           39    .text.MX_DMA_Init   dma.o
    0x080075c2   0x080075c2   0x00000002   PAD
    0x080075c4   0x080075c4   0x00000054   Code   RO           47    .text.MX_FDCAN1_Init  fdcan.o
    0x08007618   0x08007618   0x000000d2   Code   RO           31    .text.MX_GPIO_Init  gpio.o
    0x080076ea   0x080076ea   0x00000002   PAD
    0x080076ec   0x080076ec   0x00000058   Code   RO           61    .text.MX_SPI1_Init  spi.o
    0x08007744   0x08007744   0x000000f2   Code   RO           77    .text.MX_TIM1_Init  tim.o
    0x08007836   0x08007836   0x00000002   PAD
    0x08007838   0x08007838   0x00000088   Code   RO           81    .text.MX_TIM3_Init  tim.o
    0x080078c0   0x080078c0   0x00000004   Code   RO          104    .text.MemManage_Handler  stm32g4xx_it.o
    0x080078c4   0x080078c4   0x00000004   Code   RO          100    .text.NMI_Handler   stm32g4xx_it.o
    0x080078c8   0x080078c8   0x0000006c   Code   RO          787    .text.NVIC_EncodePriority  stm32g4xx_hal_cortex.o
    0x08007934   0x08007934   0x0000004e   Code   RO         1598    .text.PID_struct_init  pid.o
    0x08007982   0x08007982   0x00000002   PAD
    0x08007984   0x08007984   0x00000002   Code   RO          114    .text.PendSV_Handler  stm32g4xx_it.o
    0x08007986   0x08007986   0x00000002   PAD
    0x08007988   0x08007988   0x0000009c   Code   RO          379    .text.RCC_GetSysClockFreqFromPLLSource  stm32g4xx_hal_rcc.o
    0x08007a24   0x08007a24   0x00000034   Code   RO          898    .text.SPI_DMAError  stm32g4xx_hal_spi.o
    0x08007a58   0x08007a58   0x00000016   Code   RO          904    .text.SPI_DMAHalfReceiveCplt  stm32g4xx_hal_spi.o
    0x08007a6e   0x08007a6e   0x00000002   PAD
    0x08007a70   0x08007a70   0x00000016   Code   RO          908    .text.SPI_DMAHalfTransmitReceiveCplt  stm32g4xx_hal_spi.o
    0x08007a86   0x08007a86   0x00000002   PAD
    0x08007a88   0x08007a88   0x000000a2   Code   RO          906    .text.SPI_DMAReceiveCplt  stm32g4xx_hal_spi.o
    0x08007b2a   0x08007b2a   0x00000002   PAD
    0x08007b2c   0x08007b2c   0x00000086   Code   RO          910    .text.SPI_DMATransmitReceiveCplt  stm32g4xx_hal_spi.o
    0x08007bb2   0x08007bb2   0x00000002   PAD
    0x08007bb4   0x08007bb4   0x000000c4   Code   RO          868    .text.SPI_EndRxTransaction  stm32g4xx_hal_spi.o
    0x08007c78   0x08007c78   0x00000096   Code   RO          862    .text.SPI_EndRxTxTransaction  stm32g4xx_hal_spi.o
    0x08007d0e   0x08007d0e   0x00000002   PAD
    0x08007d10   0x08007d10   0x0000014c   Code   RO          918    .text.SPI_WaitFifoStateUntilTimeout  stm32g4xx_hal_spi.o
    0x08007e5c   0x08007e5c   0x0000012a   Code   RO          920    .text.SPI_WaitFlagStateUntilTimeout  stm32g4xx_hal_spi.o
    0x08007f86   0x08007f86   0x00000002   PAD
    0x08007f88   0x08007f88   0x00000002   Code   RO          110    .text.SVC_Handler   stm32g4xx_it.o
    0x08007f8a   0x08007f8a   0x00000002   PAD
    0x08007f8c   0x08007f8c   0x00000002   Code   RO          116    .text.SysTick_Handler  stm32g4xx_it.o
    0x08007f8e   0x08007f8e   0x00000002   PAD
    0x08007f90   0x08007f90   0x00000074   Code   RO           13    .text.SystemClock_Config  main.o
    0x08008004   0x08008004   0x00000012   Code   RO         1373    .text.SystemInit    system_stm32g4xx.o
    0x08008016   0x08008016   0x00000002   PAD
    0x08008018   0x08008018   0x00000010   Code   RO          122    .text.TIM2_IRQHandler  stm32g4xx_it.o
    0x08008028   0x08008028   0x00000010   Code   RO          124    .text.TIM3_IRQHandler  stm32g4xx_it.o
    0x08008038   0x08008038   0x00000196   Code   RO          983    .text.TIM_Base_SetConfig  stm32g4xx_hal_tim.o
    0x080081ce   0x080081ce   0x00000002   PAD
    0x080081d0   0x080081d0   0x00000036   Code   RO         1017    .text.TIM_CCxChannelCmd  stm32g4xx_hal_tim.o
    0x08008206   0x08008206   0x00000002   PAD
    0x08008208   0x08008208   0x00000034   Code   RO         1173    .text.TIM_ETR_SetConfig  stm32g4xx_hal_tim.o
    0x0800823c   0x0800823c   0x00000030   Code   RO         1179    .text.TIM_ITRx_SetConfig  stm32g4xx_hal_tim.o
    0x0800826c   0x0800826c   0x00000154   Code   RO         1127    .text.TIM_OC1_SetConfig  stm32g4xx_hal_tim.o
    0x080083c0   0x080083c0   0x00000170   Code   RO         1129    .text.TIM_OC2_SetConfig  stm32g4xx_hal_tim.o
    0x08008530   0x08008530   0x0000016e   Code   RO         1131    .text.TIM_OC3_SetConfig  stm32g4xx_hal_tim.o
    0x0800869e   0x0800869e   0x00000002   PAD
    0x080086a0   0x080086a0   0x00000170   Code   RO         1133    .text.TIM_OC4_SetConfig  stm32g4xx_hal_tim.o
    0x08008810   0x08008810   0x000000d2   Code   RO         1135    .text.TIM_OC5_SetConfig  stm32g4xx_hal_tim.o
    0x080088e2   0x080088e2   0x00000002   PAD
    0x080088e4   0x080088e4   0x000000d4   Code   RO         1137    .text.TIM_OC6_SetConfig  stm32g4xx_hal_tim.o
    0x080089b8   0x080089b8   0x0000007c   Code   RO         1503    .text.TIM_Set_PWM   bsp_pwm.o
    0x08008a34   0x08008a34   0x00000050   Code   RO         1177    .text.TIM_TI1_ConfigInputStage  stm32g4xx_hal_tim.o
    0x08008a84   0x08008a84   0x00000052   Code   RO         1181    .text.TIM_TI2_ConfigInputStage  stm32g4xx_hal_tim.o
    0x08008ad6   0x08008ad6   0x00000002   PAD
    0x08008ad8   0x08008ad8   0x00000004   Code   RO          108    .text.UsageFault_Handler  stm32g4xx_it.o
    0x08008adc   0x08008adc   0x00000030   Code   RO          791    .text.__NVIC_EnableIRQ  stm32g4xx_hal_cortex.o
    0x08008b0c   0x08008b0c   0x00000010   Code   RO          783    .text.__NVIC_GetPriorityGrouping  stm32g4xx_hal_cortex.o
    0x08008b1c   0x08008b1c   0x00000042   Code   RO          785    .text.__NVIC_SetPriority  stm32g4xx_hal_cortex.o
    0x08008b5e   0x08008b5e   0x00000002   PAD
    0x08008b60   0x08008b60   0x0000003c   Code   RO          779    .text.__NVIC_SetPriorityGrouping  stm32g4xx_hal_cortex.o
    0x08008b9c   0x08008b9c   0x00000074   Code   RO         1594    .text.abs_limit     pid.o
    0x08008c10   0x08008c10   0x0000006c   Code   RO         1395    .text.bsp_Icm42688GetAres  icm42688_driver.o
    0x08008c7c   0x08008c7c   0x000000c4   Code   RO         1397    .text.bsp_Icm42688GetGres  icm42688_driver.o
    0x08008d40   0x08008d40   0x00000160   Code   RO         1399    .text.bsp_IcmGetRawData  icm42688_driver.o
    0x08008ea0   0x08008ea0   0x000000a0   Code   RO         1403    .text.bsp_IcmGetTemperature  icm42688_driver.o
    0x08008f40   0x08008f40   0x0000002c   Code   RO         1713    .text.can_comm_init  can_comm.o
    0x08008f6c   0x08008f6c   0x00000022   Code   RO         1715    .text.can_std_transmit  can_comm.o
    0x08008f8e   0x08008f8e   0x00000002   PAD
    0x08008f90   0x08008f90   0x00000032   Code   RO         1517    .text.flash_read    bsp_flash.o
    0x08008fc2   0x08008fc2   0x00000002   PAD
    0x08008fc4   0x08008fc4   0x00000068   Code   RO         1521    .text.imu_flash_read  bsp_flash.o
    0x0800902c   0x0800902c   0x0000005a   Code   RO         1640    .text.invSqrt       quaternionekf.o
    0x08009086   0x08009086   0x00000002   PAD
    0x08009088   0x08009088   0x00000174   Code   RO           11    .text.main          main.o
    0x080091fc   0x080091fc   0x000002b4   Code   RO         1592    .text.pid_calc      pid.o
    0x080094b0   0x080094b0   0x0000003e   Code   RO         1600    .text.pid_param_init  pid.o
    0x080094ee   0x080094ee   0x00000002   PAD
    0x080094f0   0x080094f0   0x00000026   Code   RO         1602    .text.pid_reset     pid.o
    0x08009516   0x08009516   0x00000026   Code   RO         2064    i.__ARM_fpclassifyf  m_wm.l(fpclassifyf.o)
    0x0800953c   0x0800953c   0x00000118   Code   RO         1917    i.__hardfp_acosf    m_wm.l(acosf.o)
    0x08009654   0x08009654   0x0000012c   Code   RO         1923    i.__hardfp_asinf    m_wm.l(asinf.o)
    0x08009780   0x08009780   0x000002ac   Code   RO         1935    i.__hardfp_atan2f   m_wm.l(atan2f.o)
    0x08009a2c   0x08009a2c   0x00000070   Code   RO         1947    i.__hardfp_floorf   m_wm.l(floorf.o)
    0x08009a9c   0x08009a9c   0x00000006   Code   RO         2067    i.__mathlib_flt_infnan  m_wm.l(funder.o)
    0x08009aa2   0x08009aa2   0x00000006   Code   RO         2068    i.__mathlib_flt_infnan2  m_wm.l(funder.o)
    0x08009aa8   0x08009aa8   0x00000010   Code   RO         2069    i.__mathlib_flt_invalid  m_wm.l(funder.o)
    0x08009ab8   0x08009ab8   0x00000010   Code   RO         2072    i.__mathlib_flt_underflow  m_wm.l(funder.o)
    0x08009ac8   0x08009ac8   0x0000000e   Code   RO         2134    i.__scatterload_copy  mc_w.l(handlers.o)
    0x08009ad6   0x08009ad6   0x00000002   Code   RO         2135    i.__scatterload_null  mc_w.l(handlers.o)
    0x08009ad8   0x08009ad8   0x0000000e   Code   RO         2136    i.__scatterload_zeroinit  mc_w.l(handlers.o)
    0x08009ae6   0x08009ae6   0x00000002   PAD
    0x08009ae8   0x08009ae8   0x0000000c   Code   RO         2108    i.__set_errno       mc_w.l(errno.o)
    0x08009af4   0x08009af4   0x0000006c   Code   RO         1990    i.malloc            mc_w.l(malloc.o)
    0x08009b60   0x08009b60   0x0000003e   Code   RO         1974    i.sqrtf             m_wm.l(sqrtf.o)
    0x08009b9e   0x08009b9e   0x00000010   Data   RO         1378    .rodata.AHBPrescTable  system_stm32g4xx.o
    0x08009bae   0x08009bae   0x00000008   Data   RO         1379    .rodata.APBPrescTable  system_stm32g4xx.o
    0x08009bb6   0x08009bb6   0x00000010   Data   RO          279    .rodata.DLCtoBytes  stm32g4xx_hal_fdcan.o
    0x08009bc6   0x08009bc6   0x00000002   PAD
    0x08009bc8   0x08009bc8   0x00000090   Data   RO         1644    .rodata.IMU_QuaternionEKF_F  quaternionekf.o
    0x08009c58   0x08009c58   0x0000000c   Data   RO         1479    .rodata.xb          bsp_imu.o
    0x08009c64   0x08009c64   0x0000000c   Data   RO         1480    .rodata.yb          bsp_imu.o
    0x08009c70   0x08009c70   0x0000000c   Data   RO         1481    .rodata.zb          bsp_imu.o
    0x08009c7c   0x08009c7c   0x00000020   Data   RO         2133    Region$$Table       anon$$obj.o


    Execution Region RW_IRAM1 (Exec base: 0x20000000, Load base: 0x08009ca0, Size: 0x000027e0, Max: 0x00008000, ABSOLUTE)

    Exec Addr    Load Addr    Size         Type   Attr      Idx    E Section Name        Object

    0x20000000   0x08009ca0   0x00000004   Data   RW         2104    .data               mc_w.l(mvars.o)
    0x20000004   0x08009ca4   0x00000004   Data   RW         2105    .data               mc_w.l(mvars.o)
    0x20000008   0x08009ca8   0x00000004   Data   RW         2109    .data               mc_w.l(errno.o)
    0x2000000c   0x08009cac   0x00000090   Data   RW         1645    .data.IMU_QuaternionEKF_P  quaternionekf.o
    0x2000009c   0x08009d3c   0x00000004   Data   RW         1377    .data.SystemCoreClock  system_stm32g4xx.o
    0x200000a0   0x08009d40   0x00000004   Data   RW         1478    .data.icm088_AccelScale  bsp_imu.o
    0x200000a4   0x08009d44   0x00000004   Data   RW          364    .data.uwTickFreq    stm32g4xx_hal.o
    0x200000a8   0x08009d48   0x00000004   Data   RW          363    .data.uwTickPrio    stm32g4xx_hal.o
    0x200000ac   0x08009d4c   0x00000004   PAD
    0x200000b0        -       0x00000004   Zero   RW         1449    .bss.CPU_FREQ_Hz    bsp_dwt.o
    0x200000b4        -       0x00000004   Zero   RW         1450    .bss.CPU_FREQ_Hz_ms  bsp_dwt.o
    0x200000b8        -       0x00000004   Zero   RW         1451    .bss.CPU_FREQ_Hz_us  bsp_dwt.o
    0x200000bc        -       0x00000004   Zero   RW         1458    .bss.CYCCNT_LAST    bsp_dwt.o
    0x200000c0        -       0x00000004   Zero   RW         1452    .bss.CYCCNT_RountCount  bsp_dwt.o
    0x200000c4        -       0x00000004   Zero   RW         1487    .bss.IMU_AHRS_Calcu_task.count  bsp_imu.o
    0x200000c8        -       0x00000002   Zero   RW         1488    .bss.IMU_AHRS_Calcu_task.temp  bsp_imu.o
    0x200000ca   0x08009d4c   0x00000002   PAD
    0x200000cc        -       0x00000060   Zero   RW         1407    .bss.IMU_Data       icm42688_driver.o
    0x2000012c        -       0x00000004   Zero   RW         1653    .bss.IMU_QuaternionEKF_F_Linearization_P_Fading.q0  quaternionekf.o
    0x20000130        -       0x00000004   Zero   RW         1654    .bss.IMU_QuaternionEKF_F_Linearization_P_Fading.q1  quaternionekf.o
    0x20000134        -       0x00000004   Zero   RW         1655    .bss.IMU_QuaternionEKF_F_Linearization_P_Fading.q2  quaternionekf.o
    0x20000138        -       0x00000004   Zero   RW         1656    .bss.IMU_QuaternionEKF_F_Linearization_P_Fading.q3  quaternionekf.o
    0x2000013c        -       0x00000004   Zero   RW         1657    .bss.IMU_QuaternionEKF_F_Linearization_P_Fading.qInvNorm  quaternionekf.o
    0x20000140        -       0x00000048   Zero   RW         1652    .bss.IMU_QuaternionEKF_H  quaternionekf.o
    0x20000188        -       0x00000048   Zero   RW         1651    .bss.IMU_QuaternionEKF_K  quaternionekf.o
    0x200001d0        -       0x00000004   Zero   RW         1658    .bss.IMU_QuaternionEKF_SetH.doubleq0  quaternionekf.o
    0x200001d4        -       0x00000004   Zero   RW         1659    .bss.IMU_QuaternionEKF_SetH.doubleq1  quaternionekf.o
    0x200001d8        -       0x00000004   Zero   RW         1660    .bss.IMU_QuaternionEKF_SetH.doubleq2  quaternionekf.o
    0x200001dc        -       0x00000004   Zero   RW         1661    .bss.IMU_QuaternionEKF_SetH.doubleq3  quaternionekf.o
    0x200001e0        -       0x00000004   Zero   RW         1650    .bss.IMU_QuaternionEKF_Update.accelInvNorm  quaternionekf.o
    0x200001e4        -       0x00000004   Zero   RW         1647    .bss.IMU_QuaternionEKF_Update.halfgxdt  quaternionekf.o
    0x200001e8        -       0x00000004   Zero   RW         1648    .bss.IMU_QuaternionEKF_Update.halfgydt  quaternionekf.o
    0x200001ec        -       0x00000004   Zero   RW         1649    .bss.IMU_QuaternionEKF_Update.halfgzdt  quaternionekf.o
    0x200001f0        -       0x00000004   Zero   RW         1662    .bss.IMU_QuaternionEKF_xhatUpdate.q0  quaternionekf.o
    0x200001f4        -       0x00000004   Zero   RW         1663    .bss.IMU_QuaternionEKF_xhatUpdate.q1  quaternionekf.o
    0x200001f8        -       0x00000004   Zero   RW         1664    .bss.IMU_QuaternionEKF_xhatUpdate.q2  quaternionekf.o
    0x200001fc        -       0x00000004   Zero   RW         1665    .bss.IMU_QuaternionEKF_xhatUpdate.q3  quaternionekf.o
    0x20000200        -       0x00000080   Zero   RW         1491    .bss.INS            bsp_imu.o
    0x20000280        -       0x00000004   Zero   RW         1484    .bss.INS_DWT_Count  bsp_imu.o
    0x20000284        -       0x00000010   Zero   RW         1523    .bss.My_Flash       bsp_flash.o
    0x20000294   0x08009d4c   0x00000004   PAD
    0x20000298        -       0x000001e0   Zero   RW         1646    .bss.QEKF_INS       quaternionekf.o
    0x20000478        -       0x00000004   Zero   RW         1408    .bss.accSensitivity  icm42688_driver.o
    0x2000047c        -       0x00000004   Zero   RW         1409    .bss.accel_scale    icm42688_driver.o
    0x20000480        -       0x00000001   Zero   RW         1492    .bss.bias_gyro_mode  bsp_imu.o
    0x20000481        -       0x00000001   Zero   RW         1483    .bss.califlag       bsp_imu.o
    0x20000482   0x08009d4c   0x00000002   PAD
    0x20000484        -       0x00000004   Zero   RW         1485    .bss.dt             bsp_imu.o
    0x20000488        -       0x00000004   Zero   RW           22    .bss.dt_can         main.o
    0x2000048c        -       0x00000004   Zero   RW           21    .bss.dwt_count      main.o
    0x20000490        -       0x00000004   Zero   RW         1410    .bss.gyroSensitivity  icm42688_driver.o
    0x20000494        -       0x00000004   Zero   RW         1411    .bss.gyro_scale     icm42688_driver.o
    0x20000498        -       0x00000060   Zero   RW           68    .bss.hdma_spi1_rx   spi.o
    0x200004f8        -       0x00000060   Zero   RW           69    .bss.hdma_spi1_tx   spi.o
    0x20000558        -       0x00000064   Zero   RW           53    .bss.hfdcan1        fdcan.o
    0x200005bc        -       0x00000064   Zero   RW           67    .bss.hspi1          spi.o
    0x20000620        -       0x0000004c   Zero   RW           91    .bss.htim1          tim.o
    0x2000066c        -       0x0000004c   Zero   RW          147    .bss.htim2          stm32g4xx_hal_timebase_tim.o
    0x200006b8        -       0x0000004c   Zero   RW           92    .bss.htim3          tim.o
    0x20000704        -       0x00000001   Zero   RW         1489    .bss.imu_init       bsp_imu.o
    0x20000705   0x08009d4c   0x00000003   PAD
    0x20000708        -       0x00000028   Zero   RW         1719    .bss.imu_msg_send   can_comm.o
    0x20000730        -       0x00000001   Zero   RW         1406    .bss.init_flag      icm42688_driver.o
    0x20000731   0x08009d4c   0x00000003   PAD
    0x20000734        -       0x00000004   Zero   RW           20    .bss.led_count      main.o
    0x20000738        -       0x00000070   Zero   RW         1619    .bss.pid_temperature  pid.o
    0x200007a8        -       0x00000001   Zero   RW         1405    .bss.reg_val        icm42688_driver.o
    0x200007a9   0x08009d4c   0x00000001   PAD
    0x200007aa        -       0x00000002   Zero   RW         1584    .bss.sizeof_double  kalman_filter.o
    0x200007ac        -       0x00000002   Zero   RW         1583    .bss.sizeof_float   kalman_filter.o
    0x200007ae   0x08009d4c   0x00000002   PAD
    0x200007b0        -       0x00000004   Zero   RW         1486    .bss.t              bsp_imu.o
    0x200007b4        -       0x00000024   Zero   RW         1717    .bss.tx_message     can_comm.o
    0x200007d8        -       0x00000004   Zero   RW          365    .bss.uwTick         stm32g4xx_hal.o
    0x200007dc   0x08009d4c   0x00000004   PAD
    0x200007e0        -       0x00001000   Zero   RW            2    HEAP                startup_stm32g431xx.o
    0x200017e0        -       0x00001000   Zero   RW            1    STACK               startup_stm32g431xx.o


==============================================================================

Image component sizes


      Code (inc. data)   RO Data    RW Data    ZI Data      Debug   Object Name

       364          0          0          0         20       3427   bsp_dwt.o
       154          0          0          0         16       2455   bsp_flash.o
      1484         16         36          4        149       4939   bsp_imu.o
       124         14          0          0          0       4438   bsp_pwm.o
        78          0          0          0         76       4188   can_comm.o
       106          0          0          0          0       3275   dma.o
       252          0          0          0        100       5454   fdcan.o
       210          0          0          0          0       2353   gpio.o
      2578         36          0          0        114       3898   icm42688_driver.o
        38          0          0          0          0       3736   icm42688_middleware.o
      3256          0          0          0          4       6857   kalman_filter.o
       618         12          0          0         12       6162   main.o
       986          4          0          0        112       3846   pid.o
      4758         76        144        144        692       8514   quaternionekf.o
       380          0          0          0        292       5682   spi.o
        36          8        472          0       8192        836   startup_stm32g431xx.o
       152          0          0          8          4       8437   stm32g4xx_hal.o
       380          0          0          0          0       9427   stm32g4xx_hal_cortex.o
      1222          0          0          0          0       7788   stm32g4xx_hal_dma.o
      1284          0         16          0          0      18768   stm32g4xx_hal_fdcan.o
        86          0          0          0          0       5584   stm32g4xx_hal_flash.o
       954          0          0          0          0       5325   stm32g4xx_hal_gpio.o
        72          0          0          0          0       1654   stm32g4xx_hal_msp.o
       454          0          0          0          0       7820   stm32g4xx_hal_pwr_ex.o
      3322          0          0          0          0       9409   stm32g4xx_hal_rcc.o
      1114          0          0          0          0      10920   stm32g4xx_hal_rcc_ex.o
      2512          0          0          0          0      21297   stm32g4xx_hal_spi.o
      5454         22          0          0          0      37875   stm32g4xx_hal_tim.o
       678          0          0          0          0      21686   stm32g4xx_hal_tim_ex.o
       208          0          0          0         76       7647   stm32g4xx_hal_timebase_tim.o
        92          0          0          0          0       1374   stm32g4xx_it.o
        18          0         24          4          0       2705   system_stm32g4xx.o
       616          0          0          0        152       9519   tim.o

    ----------------------------------------------------------------------
     34162        188        726        160      10036     257295   Object Totals
         0          0         32          0          0          0   (incl. Generated)
       122          0          2          0         25          0   (incl. Padding)

    ----------------------------------------------------------------------

      Code (inc. data)   RO Data    RW Data    ZI Data      Debug   Library Member Name

       264          0          0          0          0      19694   arm_mat_add_f32.o
         8          0          0          0          0        999   arm_mat_init_f32.o
      1328          4          0          0          0       4782   arm_mat_inverse_f32.o
       316          4          0          0          0       2375   arm_mat_mult_f32.o
       264          0          0          0          0       1826   arm_mat_sub_f32.o
       276          0          0          0          0       2240   arm_mat_trans_f32.o
       280         46          0          0          0        176   acosf.o
       300         42          0          0          0        176   asinf.o
       684         90          0          0          0        208   atan2f.o
       112         14          0          0          0        116   floorf.o
        38          0          0          0          0        116   fpclassifyf.o
        44         12          0          0          0        464   funder.o
        62          0          0          0          0        136   sqrtf.o
         0          0          0          0          0          0   entry.o
         0          0          0          0          0          0   entry10a.o
         0          0          0          0          0          0   entry11a.o
         8          4          0          0          0          0   entry2.o
         4          0          0          0          0          0   entry5.o
         0          0          0          0          0          0   entry7b.o
         0          0          0          0          0          0   entry8b.o
         8          4          0          0          0          0   entry9a.o
        12          6          0          4          0         68   errno.o
        30          0          0          0          0          0   handlers.o
        48         10          0          0          0         68   init.o
         0          0          0          0          0          0   iusefp.o
        30          0          0          0          0         68   llshl.o
        36          0          0          0          0         68   llsshr.o
        32          0          0          0          0         68   llushr.o
       108         16          0          0          0         84   malloc.o
        36          0          0          0          0         68   memcpya.o
        36          0          0          0          0        108   memseta.o
         0          0          0          8          0          0   mvars.o
       334          0          0          0          0        148   dadd.o
       222          0          0          0          0        100   ddiv.o
       186          0          0          0          0        176   depilogue.o
        62          0          0          0          0         80   dfixi.o
        34          0          0          0          0         76   dflti.o

    ----------------------------------------------------------------------
      5204        252          0         12          0      34488   Library Totals
         2          0          0          0          0          0   (incl. Padding)

    ----------------------------------------------------------------------

      Code (inc. data)   RO Data    RW Data    ZI Data      Debug   Library Name

      2456          8          0          0          0      31916   arm_cortexM4lf_math.lib
      1520        204          0          0          0       1392   m_wm.l
       388         40          0         12          0        600   mc_w.l
       838          0          0          0          0        580   mf_w.l

    ----------------------------------------------------------------------
      5204        252          0         12          0      34488   Library Totals

    ----------------------------------------------------------------------

==============================================================================


      Code (inc. data)   RO Data    RW Data    ZI Data      Debug   

     39366        440        726        172      10036     289747   Grand Totals
     39366        440        726        172      10036     289747   ELF Image Totals
     39366        440        726        172          0          0   ROM Totals

==============================================================================

    Total RO  Size (Code + RO Data)                40092 (  39.15kB)
    Total RW  Size (RW Data + ZI Data)             10208 (   9.97kB)
    Total ROM Size (Code + RO Data + RW Data)      40264 (  39.32kB)

==============================================================================

