<html>
<body>
<pre>
<h1>µVision Build Log</h1>
<h2>Tool Versions:</h2>
IDE-Version: ¦ÌVision V5.40.0.0
Copyright (C) 2024 ARM Ltd and ARM Germany GmbH. All rights reserved.
License Information: 0 zzzwj, 1, LIC=EXJT4-FE4SK-56IQ2-99L02-IIFFZ-LV5W1
 
Tool Versions:
Toolchain:       MDK-ARM Plus  Version: 5.40.0.3
Toolchain Path:  C:\Users\zzzwj\AppData\Local\Keil_v5\ARM\ARMCC\Bin
C Compiler:      Armcc.exe V5.06 update 5 (build 528)
Assembler:       Armasm.exe V5.06 update 5 (build 528)
Linker/Locator:  ArmLink.exe V5.06 update 5 (build 528)
Library Manager: ArmAr.exe V5.06 update 5 (build 528)
Hex Converter:   FromElf.exe V5.06 update 5 (build 528)
CPU DLL:         SARMCM3.DLL V5.40.0.3
Dialog DLL:      DCM.DLL V1.17.5.0
Target DLL:      CMSIS_AGDI.dll V1.33.18.0
Dialog DLL:      TCM.DLL V1.56.4.0
 
<h2>Project:</h2>
B:\GitHub\Taurus_imu_icm\Taurus_imu_icm_test\MDK-ARM\Taurus_imu_icm_test.uvprojx
Project File Date:  03/15/2025

<h2>Output:</h2>
*** Using Compiler 'V5.06 update 5 (build 528)', folder: 'C:\Users\zzzwj\AppData\Local\Keil_v5\ARM\ARMCC\Bin'
Build target 'Taurus_imu_icm_test'
assembling startup_stm32g431xx.s...
compiling stm32g4xx_it.c...
compiling gpio.c...
compiling tim.c...
compiling stm32g4xx_hal_flash.c...
compiling stm32g4xx_hal_msp.c...
compiling fdcan.c...
compiling iwdg.c...
compiling main.c...
compiling spi.c...
compiling stm32g4xx_hal.c...
compiling stm32g4xx_hal_timebase_tim.c...
compiling dma.c...
compiling stm32g4xx_hal_rcc.c...
compiling stm32g4xx_hal_fdcan.c...
compiling stm32g4xx_hal_rcc_ex.c...
compiling stm32g4xx_hal_flash_ramfunc.c...
compiling stm32g4xx_hal_flash_ex.c...
compiling stm32g4xx_hal_gpio.c...
compiling stm32g4xx_hal_dma_ex.c...
compiling stm32g4xx_hal_exti.c...
compiling stm32g4xx_hal_dma.c...
compiling stm32g4xx_hal_cortex.c...
compiling stm32g4xx_hal_pwr.c...
compiling stm32g4xx_hal_spi_ex.c...
compiling stm32g4xx_hal_pwr_ex.c...
compiling stm32g4xx_hal_iwdg.c...
compiling stm32g4xx_hal_spi.c...
compiling stm32g4xx_hal_tim_ex.c...
compiling Mahony.c...
compiling stm32g4xx_hal_tim.c...
compiling ekf_attitude.c...
..\mathlib\ekf_attitude.c(128): warning:  #177-D: variable "PH_T_data"  was declared but never referenced
      float PH_T_data[21], S_inv_data[9];
..\mathlib\ekf_attitude.c(128): warning:  #177-D: variable "S_inv_data"  was declared but never referenced
      float PH_T_data[21], S_inv_data[9];
..\mathlib\ekf_attitude.c: 2 warnings, 0 errors
compiling ICM42688_driver.c...
compiling system_stm32g4xx.c...
compiling bsp_PWM.c...
compiling ICM42688_Middleware.c...
compiling bsp_dwt.c...
compiling data_processing.c...
compiling pid.c...
compiling Calibration.c...
compiling kalman_filter.c...
compiling bsp_flash.c...
compiling QuaternionEKF.c...
compiling can_comm.c...
compiling bsp_imu.c...
linking...
Program Size: Code=32092 RO-data=736 RW-data=400 ZI-data=8280  
FromELF: creating hex file...
".\Taurus_imu_icm_test\Taurus_imu_icm_test.axf" - 0 Error(s), 2 Warning(s).

<h2>Software Packages used:</h2>

Package Vendor: ARM
                https://www.keil.com/pack/ARM.CMSIS.6.1.0.pack
                ARM::CMSIS@6.1.0
                CMSIS (Common Microcontroller Software Interface Standard)
   * Component: CORE Version: 6.1.0

Package Vendor: Keil
                https://www.keil.com/pack/Keil.STM32G4xx_DFP.1.6.0.pack
                Keil::STM32G4xx_DFP@1.6.0
                STMicroelectronics STM32G4 Series Device Support, Drivers and Examples

<h2>Collection of Component include folders:</h2>
  ./RTE/_Taurus_imu_icm_test
  C:/Users/zzzwj/AppData/Local/Arm/Packs/ARM/CMSIS/6.1.0/CMSIS/Core/Include
  C:/Users/zzzwj/AppData/Local/Arm/Packs/Keil/STM32G4xx_DFP/1.6.0/Drivers/CMSIS/Device/ST/STM32G4xx/Include

<h2>Collection of Component Files used:</h2>

   * Component: ARM::CMSIS:CORE@6.1.0
      Include file:  CMSIS/Core/Include/tz_context.h
Build Time Elapsed:  00:00:22
</pre>
</body>
</html>
